157.230.40.158 - - [06/Aug/2024:04:02:37 +0000] "GET /config HTTP/1.1" 404 5650 "-" "Mozilla/5.0 (Macintosh; Intel Mac OS X 14_3_1) AppleWebKit/605.1.15 (KHTML, like Gecko) Version/17.2 Safari/605.1.15"
157.230.40.158 - - [06/Aug/2024:04:02:38 +0000] "GET /composer.json HTTP/1.1" 404 5657 "-" "Mozilla/5.0 (Macintosh; Intel Mac OS X 10_15_7) AppleWebKit/605.1.15 (KHTML, like Gecko) Version/17.1 Safari/605.2.22"
157.230.40.158 - - [06/Aug/2024:04:02:38 +0000] "GET /apps-content.json HTTP/1.1" 404 5662 "-" "Mozilla/5.0 (Windows NT 10.0; Win64; x64) AppleWebKit/537.36 (KHTML, like Gecko) Chrome/124.0.0.0 Safari/537.36 Edg/124.0.0.0 Teams/24074.2323.2827.4973/49"
157.230.40.158 - - [06/Aug/2024:04:02:39 +0000] "GET /js/config.js HTTP/1.1" 404 5658 "-" "Mozilla/5.0 (Windows NT 10.0; Win64; x64) AppleWebKit/537.36 (KHTML, like Gecko) Chrome/111.0.0.0 Safari/537.36 Edg/111.0.1661.41"
157.230.40.158 - - [06/Aug/2024:04:02:40 +0000] "GET /github/secrets.yml HTTP/1.1" 404 5663 "-" "Mozilla/5.0 (X11; Ubuntu; Linux aarch64; rv:90.0) Gecko/20100101 Firefox/90.0"
157.230.40.158 - - [06/Aug/2024:04:02:40 +0000] "GET /%2fappsettings.json HTTP/1.1" 404 17880 "-" "Mozilla/5.0 (Windows NT 10.0; Win64; x64; rv:69.0) Gecko/20100101 Firefox/69.0"
157.230.40.158 - - [06/Aug/2024:04:02:41 +0000] "GET /config.js HTTP/1.1" 404 5655 "-" "Mozilla/5.0 (Windows NT 10.0; Win64; x64) AppleWebKit/537.36 (KHTML, like Gecko) Chrome/88.0.4324.182 Safari/537.36"
157.230.40.158 - - [06/Aug/2024:04:02:42 +0000] "GET /config.ini HTTP/1.1" 404 5655 "-" "Mozilla/5.0 (Macintosh; Intel Mac OS X 10_15_6) AppleWebKit/605.1.15 (KHTML, like Gecko) Version/13.1.2 Safari/605.1.15"
157.230.40.158 - - [06/Aug/2024:04:02:43 +0000] "GET /dist.js HTTP/1.1" 404 5652 "-" "Mozilla/5.0 (Macintosh; Intel Mac OS X 10.14; rv:88.0) Gecko/20100101 Firefox/88.0"
157.230.40.158 - - [06/Aug/2024:04:02:43 +0000] "GET /parameters.yml HTTP/1.1" 404 5659 "-" "Mozilla/5.0 (Macintosh; Intel Mac OS X 10_15_6) AppleWebKit/537.36 (KHTML, like Gecko) Chrome/97.0.4688.4 Safari/537.36"
157.230.40.158 - - [06/Aug/2024:04:02:44 +0000] "GET /environment.min.js HTTP/1.1" 404 5662 "-" "Mozilla/5.0 (Macintosh; Intel Mac OS X 10_10) AppleWebKit/607.1.40 (KHTML, like Gecko) Version/9.1.2 Safari/607.1.40"
157.230.40.158 - - [06/Aug/2024:04:02:45 +0000] "GET /webconfig.yaml HTTP/1.1" 404 5659 "-" "Mozilla/5.0 (X11; Linux x86_64) AppleWebKit/537.36 (KHTML, like Gecko) Safari/537.36 HeyTapBrowser/45.10.7.3.1 Chrome/91.0.4472.88"
157.230.40.158 - - [06/Aug/2024:04:02:45 +0000] "GET /.htpasswd HTTP/1.1" 403 5600 "-" "Mozilla/5.0 (Macintosh; Intel Mac OS X 10_15_7) AppleWebKit/537.36 (KHTML, like Gecko) Chrome/119.0.0.0 Safari/537.36 Edg/119.0.0.0 maglev/24004.1302.2612.7086/50"
157.230.40.158 - - [06/Aug/2024:04:02:47 +0000] "GET /envconfig.js HTTP/1.1" 404 5657 "-" "Mozilla/5.0 (Macintosh; Intel Mac OS X 10_15; rv:82.0) Gecko/20100101 Firefox/82.0"
157.230.40.158 - - [06/Aug/2024:04:02:48 +0000] "GET /server/config.min.js HTTP/1.1" 404 5665 "-" "Mozilla/5.0 (Windows NT 10.0; Win64; x64) AppleWebKit/537.36 (KHTML, like Gecko) Chrome/90.0.4430.85 Safari/537.36"
157.230.40.158 - - [06/Aug/2024:04:02:48 +0000] "GET /bitbucket-pipelines.yml HTTP/1.1" 404 5668 "-" "Mozilla/5.0 (Macintosh; Intel Mac OS X 10_15_7) AppleWebKit/605.1.15 (KHTML, like Gecko) Version/16.5 Safari/605.1.15 Ddg/15.8"
157.230.40.158 - - [06/Aug/2024:04:02:49 +0000] "GET /debug HTTP/1.1" 404 5651 "-" "Mozilla/5.0 (Macintosh; Intel Mac OS X 10_15_7) AppleWebKit/605.1.15 (KHTML, like Gecko) Version/17.4 SafariTechnologyPreview/605.1.15"
157.230.40.158 - - [06/Aug/2024:04:02:50 +0000] "GET /aws-credentials.min.js HTTP/1.1" 404 5668 "-" "Mozilla/5.0 (Macintosh; Intel Mac OS X 10_10_5) AppleWebKit/537.36 (KHTML, like Gecko) Chrome/87.0.4280.88 Safari/537.36"
157.230.40.158 - - [06/Aug/2024:04:02:50 +0000] "GET /dbconfig.js HTTP/1.1" 404 5657 "-" "Mozilla/5.0 (Macintosh; Intel Mac OS X 10_15) AppleWebKit/537.36 (KHTML, like Gecko) Chrome/80.0.3987.122 Safari/537.36"
157.230.40.158 - - [06/Aug/2024:04:02:51 +0000] "GET /helm/values.yml HTTP/1.1" 404 5660 "-" "Mozilla/5.0 (Windows NT 10.0; Win64; x64) AppleWebKit/537.36 (KHTML, like Gecko) Chrome/106.0.0.0 Safari/537.36 Edg/106.0.1370.47"
157.230.40.158 - - [06/Aug/2024:04:02:52 +0000] "GET /settings.js HTTP/1.1" 404 5656 "-" "Mozilla/5.0 (Windows NT 6.1; Win64; x64) AppleWebKit/537.36 (KHTML, like Gecko) Chrome/109.0.0.0 Safari/537.36 Edg/109.0.1518.140"
157.230.40.158 - - [06/Aug/2024:04:02:52 +0000] "GET /assets/config/config.min.js HTTP/1.1" 404 5672 "-" "Mozilla/5.0 (Macintosh; Intel Mac OS X 14_4) AppleWebKit/605.1.15 (KHTML, like Gecko) Version/17.3.1 Safari/605.1.15"
157.230.40.158 - - [06/Aug/2024:04:02:53 +0000] "GET /api/account HTTP/1.1" 404 5656 "-" "Mozilla/5.0 (Windows NT 6.1; Win64; x64; rv:125.0) Gecko/20100101 Firefox/125.0"
157.230.40.158 - - [06/Aug/2024:04:02:54 +0000] "GET /environment.js HTTP/1.1" 404 5660 "-" "Mozilla/5.0 (Macintosh; Intel Mac OS X 10_13_6) AppleWebKit/537.36 (KHTML, like Gecko) Chrome/78.0.3904.108 Safari/537.36"
157.230.40.158 - - [06/Aug/2024:04:02:54 +0000] "GET /aws/config.js HTTP/1.1" 404 5658 "-" "Mozilla/5.0 (Macintosh; Intel Mac OS X 10_15_1) AppleWebKit/605.1.15 (KHTML, like Gecko) Version/9.1.2 Safari/605.1.15"
157.230.40.158 - - [06/Aug/2024:04:02:55 +0000] "GET /old HTTP/1.1" 404 5648 "-" "Mozilla/5.0 (Windows NT 5.1; rv:40.0) Gecko/20100101 Firefox/40.0"
157.230.40.158 - - [06/Aug/2024:04:02:56 +0000] "GET /api/config HTTP/1.1" 404 5656 "-" "Mozilla/5.0 (Windows NT 10.0; Win64; x64) AppleWebKit/537.36 (KHTML, like Gecko) Chrome/124.0.0.0 Safari/537.36 Edg/124.0.0.0 [ip:189.38.43.175]"
157.230.40.158 - - [06/Aug/2024:04:02:57 +0000] "GET /FTPconfig.json HTTP/1.1" 404 5658 "-" "Mozilla/5.0 (Windows NT 10.0; Win64; x64) AppleWebKit/537.36 (KHTML, like Gecko) Chrome/92.0.4515.107 Safari/537.36"
157.230.40.158 - - [06/Aug/2024:04:02:58 +0000] "GET /env HTTP/1.1" 404 5648 "-" "Mozilla/5.0 (Macintosh; Intel Mac OS X 10_11_1) AppleWebKit/604.2.4 (KHTML, like Gecko) Version/9.1.2 Safari/604.2.4"
157.230.40.158 - - [06/Aug/2024:04:02:59 +0000] "GET /index.json HTTP/1.1" 404 5655 "-" "Mozilla/5.0 (Macintosh; Intel Mac OS X 10_11_6) AppleWebKit/537.36 (KHTML, like Gecko)Chrome/69.0.3497.100 Safari/537.36"
157.230.40.158 - - [06/Aug/2024:04:02:59 +0000] "GET /assets/js/settings.js HTTP/1.1" 404 5666 "-" "Mozilla/5.0 (Windows NT 10.0; Win64; x64) AppleWebKit/537.36 (KHTML, like Gecko) Chrome/87.0.4280.67 Safari/537.36 Edg/87.0.664.52"
157.230.40.158 - - [06/Aug/2024:04:03:00 +0000] "GET /app.yaml HTTP/1.1" 404 5652 "-" "Mozilla/5.0 (Macintosh; Intel Mac OS X 10_15_5) AppleWebKit/605.1.15 (KHTML, like Gecko) Version/17.1.1  Safari/605.1.15  SznProhlizec/10.9.0i"
17.241.227.109 - - [06/Aug/2024:04:03:01 +0000] "GET /wallpaper/wallpaper.php?FILENAME=pattern_140.gif HTTP/1.1" 200 11600 "-" "Mozilla/5.0 (Macintosh; Intel Mac OS X 10_15_7) AppleWebKit/605.1.15 (KHTML, like Gecko) Version/17.4 Safari/605.1.15 (Applebot/0.1; +http://www.apple.com/go/applebot)"
157.230.40.158 - - [06/Aug/2024:04:03:01 +0000] "GET /config/config.js HTTP/1.1" 404 5662 "-" "Mozilla/5.0 (Macintosh; Intel Mac OS X 10_14_2) AppleWebKit/537.36 (KHTML, like Gecko) Chrome/96.0.4664.175 Safari/537.36"
157.230.40.158 - - [06/Aug/2024:04:03:02 +0000] "GET /privatekey.pem HTTP/1.1" 404 5659 "-" "Mozilla/5.0 (Macintosh; Intel Mac OS X 10_10_2) AppleWebKit/605.1.33 (KHTML, like Gecko) Version/9.1.2 Safari/605.1.33"
157.230.40.158 - - [06/Aug/2024:04:03:02 +0000] "GET /RDSconnections.json HTTP/1.1" 404 5664 "-" "Mozilla/5.0 (Macintosh; Intel Mac OS X 10_14_5) AppleWebKit/537.36 (KHTML, like Gecko) Chrome/77.0.3830.0 Safari/537.36"
157.230.40.158 - - [06/Aug/2024:04:03:03 +0000] "GET /web/config.min.js HTTP/1.1" 404 5662 "-" "Mozilla/5.0 (Macintosh; Intel Mac OS X 10_15_4) AppleWebKit/605.1.15 (KHTML, like Gecko) Version/13.1.1 Safari/605.1.15"
157.230.40.158 - - [06/Aug/2024:04:03:04 +0000] "GET /js/app.js HTTP/1.1" 404 5654 "-" "Mozilla/5.0 (Macintosh; Intel Mac OS X 10.15; rv:86.0) Gecko/20100101 Firefox/86.0"
157.230.40.158 - - [06/Aug/2024:04:03:04 +0000] "GET /application.yaml HTTP/1.1" 404 5660 "-" "Mozilla/5.0 (Macintosh; Intel Mac OS X 10_15_7) AppleWebKit/605.1.15 (KHTML, like Gecko) Version/17.3.1 Safari/605.9.26"
157.230.40.158 - - [06/Aug/2024:04:03:05 +0000] "GET /appsettings.min.js HTTP/1.1" 404 5663 "-" "Mozilla/5.0 (Macintosh; Intel Mac OS X 10.16) AppleWebKit/605.1.15 (KHTML, like Gecko) Version/9.1.2 Safari/605.1.15"
157.230.40.158 - - [06/Aug/2024:04:03:06 +0000] "GET /api/web/config HTTP/1.1" 404 5659 "-" "Mozilla/5.0 (Windows NT 10.0; Win64; x64) AppleWebKit/537.36 (KHTML, like Gecko) Chrome/99.0.4844.51 Safari/537.36"
157.230.40.158 - - [06/Aug/2024:04:03:07 +0000] "GET /server.js HTTP/1.1" 404 5655 "-" "Mozilla/5.0 (Macintosh; Intel Mac OS X 10_13_6) AppleWebKit/537.36 (KHTML, like Gecko) Chrome/79.0.3945.88 Safari/537.36"
157.230.40.158 - - [06/Aug/2024:04:03:08 +0000] "GET /assets/js/app.js HTTP/1.1" 404 5660 "-" "Mozilla/5.0 (Windows NT 10.0; Win64; x64; rv:88.0) Gecko/20100101 Firefox/88.0"
157.230.40.158 - - [06/Aug/2024:04:03:09 +0000] "GET /scripts/build.js HTTP/1.1" 404 5660 "-" "Mozilla/5.0 (Macintosh; Intel Mac OS X 10_16) AppleWebKit/605.1.15 (KHTML, like Gecko) Version/17.5 Safari/605.1.15 Reeder/4.2.8"
157.230.40.158 - - [06/Aug/2024:04:03:10 +0000] "GET /web-config.yaml HTTP/1.1" 404 5661 "-" "Mozilla/5.0 (Macintosh; Intel Mac OS X 10.14; rv:70.0) Gecko/20100101 Firefox/70.0"
157.230.40.158 - - [06/Aug/2024:04:03:10 +0000] "GET /.azure/credentials HTTP/1.1" 404 5663 "-" "Mozilla/5.0 (Macintosh; Intel Mac OS X 10.15; rv:124.0) Gecko/20100101 Firefox/124.0"
157.230.40.158 - - [06/Aug/2024:04:03:11 +0000] "GET /app.yml HTTP/1.1" 404 5653 "-" "Mozilla/5.0 (Macintosh; Intel Mac OS X 12_2_1) AppleWebKit/537.36 (KHTML, like Gecko) Chrome/123.0.0.0 Safari/537.36"
157.230.40.158 - - [06/Aug/2024:04:03:12 +0000] "GET /.ssh/id_rsa.pub HTTP/1.1" 404 5660 "-" "Mozilla/5.0 (Windows NT 10.0; Win64; x64) AppleWebKit/537.36 (KHTML, like Gecko) Chrome/94.0.4606.61 Safari/537.36 Edg/94.0.992.31"
157.230.40.158 - - [06/Aug/2024:04:03:12 +0000] "GET /globals.json HTTP/1.1" 404 5657 "-" "Mozilla/5.0 (Windows NT 6.1; Win64; x64; rv:109.0) Gecko/20100101 Firefox/111.0"
157.230.40.158 - - [06/Aug/2024:04:03:13 +0000] "GET /credentials HTTP/1.1" 404 5655 "-" "Mozilla/5.0 (Macintosh; Intel Mac OS X 10_15; rv:82.0) Gecko/20100101 Firefox/82.0"
157.230.40.158 - - [06/Aug/2024:04:03:14 +0000] "GET /static/js/config.js HTTP/1.1" 404 5663 "-" "Mozilla/5.0 (Windows NT 10.0; Win64; x64) AppleWebKit/537.36 (KHTML, like Gecko) Chrome/86.0.4240.198 Safari/537.36"
157.230.40.158 - - [06/Aug/2024:04:03:14 +0000] "GET /global.json HTTP/1.1" 404 5655 "-" "Mozilla/5.0 (Windows NT 10.0; Win64; x64; rv:85.0) Gecko/20100101 Firefox/85.0"
157.230.40.158 - - [06/Aug/2024:04:03:15 +0000] "GET /config/config.yaml HTTP/1.1" 404 5662 "-" "Mozilla/5.0 (Macintosh; Intel Mac OS X 10.16) AppleWebKit/605.1.15 (KHTML, like Gecko) Version/9.1.2 Safari/605.1.15"
157.230.40.158 - - [06/Aug/2024:04:03:16 +0000] "GET /api/dashboard HTTP/1.1" 404 5658 "-" "Mozilla/5.0 (Macintosh; Intel Mac OS X 10.16; rv:84.0) Gecko/20100101 Firefox/84.0"
157.230.40.158 - - [06/Aug/2024:04:03:17 +0000] "GET /setup.min.js HTTP/1.1" 404 5658 "-" "Mozilla/5.0 (Windows NT 10.0; Win64; x64) AppleWebKit/537.36 (KHTML, like Gecko) Chrome/120.0.0.0 Safari/537.36 Edg/120.0.2210.133"
157.230.40.158 - - [06/Aug/2024:04:03:17 +0000] "GET /index.js HTTP/1.1" 404 5652 "-" "Mozilla/5.0 (Macintosh; Intel Mac OS X 10_13_1) AppleWebKit/537.36 (KHTML, like Gecko) Chrome/100.0.4896.75 Safari/537.36"
157.230.40.158 - - [06/Aug/2024:04:03:18 +0000] "GET /config/secrets.yaml HTTP/1.1" 404 5664 "-" "Mozilla/5.0 (Windows NT 10.0; Win64; x64) AppleWebKit/537.36 (KHTML, like Gecko) Chrome/98.0.4758.80 Safari/537.36 Edg/98.0.1108.43"
157.230.40.158 - - [06/Aug/2024:04:03:19 +0000] "GET /infrastructure/aws-config.json HTTP/1.1" 404 5676 "-" "Mozilla/5.0 (Macintosh; Intel Mac OS X 10_14_6) AppleWebKit/605.1.15 (KHTML, like Gecko) Version/12.1.2 Safari/605.1.15"
157.230.40.158 - - [06/Aug/2024:04:03:19 +0000] "GET /kube-config.yaml HTTP/1.1" 404 5661 "-" "Mozilla/5.0 (X11; Linux x86_64) AppleWebKit/537.36 (KHTML, like Gecko) Chrome/98.0.4758.102 Safari/537.36 Edg/98.0.1108.62 DYNO Mapper/1.0.0"
157.230.40.158 - - [06/Aug/2024:04:03:20 +0000] "GET /config/config.min.js HTTP/1.1" 404 5665 "-" "Mozilla/5.0 (Windows NT 10.0; Win64; x64) AppleWebKit/537.36 (KHTML, like Gecko) Chrome/77.0.3865.90 Safari/537.36"
157.230.40.158 - - [06/Aug/2024:04:03:21 +0000] "GET /settings.ini HTTP/1.1" 404 5657 "-" "Mozilla/5.0 (Windows NT 10.0; Win64; x64) AppleWebKit/537.36 (KHTML, like Gecko) Chrome/124.0.0.0 Safari/537.36 Edg/124.0.0.0 [ip:217.64.113.61]"
157.230.40.158 - - [06/Aug/2024:04:03:21 +0000] "GET /conf/application.yml HTTP/1.1" 404 5664 "-" "Mozilla/5.0 (Windows NT 10.0; Win64; x64) AppleWebKit/537.36 (KHTML, like Gecko) Chrome/87.0.4280.141 Safari/537.36"
157.230.40.158 - - [06/Aug/2024:04:03:22 +0000] "GET /docker-compose.yml HTTP/1.1" 404 5662 "-" "Mozilla/5.0 (Macintosh; Intel Mac OS X 10_15_7) AppleWebKit/605.1.15 (KHTML, like Gecko) Version/17.4.1 Safari/605.6.23"
157.230.40.158 - - [06/Aug/2024:04:03:22 +0000] "GET /_api/web/config HTTP/1.1" 404 5661 "-" "Mozilla/5.0 (Macintosh; Intel Mac OS X 10_15_7) AppleWebKit/605.1.15 (KHTML, like Gecko) Version/18.0 Safari/605.1.15"
157.230.40.158 - - [06/Aug/2024:04:03:23 +0000] "GET /htpasswd.txt HTTP/1.1" 404 5657 "-" "Mozilla/5.0 (Windows NT 10.0; Win64; x64) AppleWebKit/537.36 (KHTML, like Gecko) Chrome/95.0.4638.69 Safari/537.36"
157.230.40.158 - - [06/Aug/2024:04:03:24 +0000] "GET /conf.properties HTTP/1.1" 404 5660 "-" "Mozilla/5.0 (Macintosh; Intel Mac OS X 10_15_7) AppleWebKit/605.1.15 (KHTML, like Gecko) Version/17.3 Safari/605.3.25"
157.230.40.158 - - [06/Aug/2024:04:03:24 +0000] "GET /_config.js HTTP/1.1" 404 5655 "-" "Mozilla/5.0 (Macintosh; Intel Mac OS X 10_15_7) AppleWebKit/605.1.15 (KHTML, like Gecko) Version/17.4 Safari/605.1.1517.4 Ddg/17.4"
157.230.40.158 - - [06/Aug/2024:04:03:25 +0000] "GET /assets/config/config.dev.json HTTP/1.1" 404 5674 "-" "Mozilla/5.0 (Windows NT 6.1; Win64; x64; rv:109.0) Gecko/20100101 Firefox/111.0"
157.230.40.158 - - [06/Aug/2024:04:03:26 +0000] "GET /test HTTP/1.1" 404 5648 "-" "Mozilla/5.0 (Windows NT 10.0; rv:65.0) Gecko/20100101 Firefox/65.0"
157.230.40.158 - - [06/Aug/2024:04:03:27 +0000] "GET /tsconfig.json HTTP/1.1" 404 5658 "-" "Mozilla/5.0 (Macintosh; Intel Mac OS X 10_12_6) AppleWebKit/537.36 (KHTML, like Gecko) Chrome/99.0.4844.51 Safari/537.36"
157.230.40.158 - - [06/Aug/2024:04:03:27 +0000] "GET /web/config.js HTTP/1.1" 404 5659 "-" "Mozilla/5.0 (Windows NT 10.0; Win64; x64) AppleWebKit/537.36 (KHTML, like Gecko) Chrome/100.0.4896.127 Safari/537.36"
157.230.40.158 - - [06/Aug/2024:04:03:28 +0000] "GET /_config.json HTTP/1.1" 404 5658 "-" "Mozilla/5.0 (Windows NT 10.0; Win64; x64) AppleWebKit/537.36 (KHTML, like Gecko) Chrome/116.0.0.0 Safari/537.36 Edg/116.0.1938.81"
157.230.40.158 - - [06/Aug/2024:04:03:28 +0000] "GET /static/js/config.min.js HTTP/1.1" 404 5668 "-" "Mozilla/5.0 (Windows NT 10.0; Win64; x64) AppleWebKit/537.36 (KHTML, like Gecko) Chrome/94.0.4606.61 Safari/537.36 Edg/94.0.992.31"
157.230.40.158 - - [06/Aug/2024:04:03:29 +0000] "GET /tslint.json HTTP/1.1" 404 5655 "-" "Mozilla/5.0 (X11; Linux x86_64) AppleWebKit/537.36 (KHTML, like Gecko) Chrome/65.0.3325.146 Safari/537.36"
157.230.40.158 - - [06/Aug/2024:04:03:30 +0000] "GET /api/user HTTP/1.1" 404 5653 "-" "Mozilla/5.0 (Windows NT 6.2; rv:125.0.) Gecko/20100101 Firefox/125.0."
157.230.40.158 - - [06/Aug/2024:04:03:30 +0000] "GET /credentials.min.js HTTP/1.1" 404 5662 "-" "Mozilla/5.0 (Windows NT 10.0; Win64; x64) AppleWebKit/537.36 (KHTML, like Gecko) Chrome/95.0.4638.54 Safari/537.36"
157.230.40.158 - - [06/Aug/2024:04:03:31 +0000] "GET /parameters.ini HTTP/1.1" 404 5659 "-" "Mozilla/5.0 (Windows NT 6.1; Win64; x64; rv:81.0) Gecko/20100101 Firefox/81.0"
157.230.40.158 - - [06/Aug/2024:04:03:32 +0000] "GET /settings HTTP/1.1" 404 5653 "-" "Mozilla/5.0 (Macintosh; Intel Mac OS X 10_10_3) AppleWebKit/606.1.36 (KHTML, like Gecko) Version/9.1.2 Safari/606.1.36"
157.230.40.158 - - [06/Aug/2024:04:03:32 +0000] "GET /assets/config.js HTTP/1.1" 404 5661 "-" "Mozilla/5.0 (Windows NT 10.0; Win64; x64) AppleWebKit/537.36 (KHTML, like Gecko) Chrome/70.0.3538.77 Safari/537.36"
157.230.40.158 - - [06/Aug/2024:04:03:33 +0000] "GET /aws-credentials.json HTTP/1.1" 404 5664 "-" "Mozilla/5.0 (X11; Linux x86_64) AppleWebKit/537.36 (KHTML, like Gecko) Chrome/89.0.4389.114 Safari/537.36"
157.230.40.158 - - [06/Aug/2024:04:03:33 +0000] "GET /secret_token.rb HTTP/1.1" 404 5660 "-" "Mozilla/5.0 (Windows NT 10.0; Win64; x64) AppleWebKit/537.36 (KHTML, like Gecko) Chrome/91.0.4472.77 Safari/537.36 Edg/91.0.864.37"
157.230.40.158 - - [06/Aug/2024:04:03:34 +0000] "GET /.ssh/id_rsa HTTP/1.1" 404 5657 "-" "Mozilla/5.0 (Macintosh; Intel Mac OS X 10_15_7) AppleWebKit/537.36 (KHTML, like Gecko) Chrome/101.0.0.0 Safari/537.36"
157.230.40.158 - - [06/Aug/2024:04:03:35 +0000] "GET /build.gradle HTTP/1.1" 404 5657 "-" "Mozilla/5.0 (Windows NT 10.0; Win64; x64) AppleWebKit/537.36 (KHTML, like Gecko) Chrome/90.0.4430.93 Safari/537.36 Edg/90.0.818.56"
157.230.40.158 - - [06/Aug/2024:04:03:35 +0000] "GET /api/admin HTTP/1.1" 404 5654 "-" "Mozilla/5.0 (Macintosh; Intel Mac OS X 10_15_7) AppleWebKit/605.1.15 (KHTML, like Gecko) Version/17.4.1 Safari/605.3.19"
93.95.228.246 - - [06/Aug/2024:04:03:36 +0000] "GET / HTTP/1.1" 200 20854 "-" "check_http/v2.3.3 (monitoring-plugins 2.3.3)"
157.230.40.158 - - [06/Aug/2024:04:03:36 +0000] "GET /js/env-config.js HTTP/1.1" 404 5662 "-" "Mozilla/5.0 (Windows NT 10.0; Win64; x64) AppleWebKit/537.36 (KHTML, like Gecko) Chrome/91.0.4472.124 Safari/537.36"
157.230.40.158 - - [06/Aug/2024:04:03:36 +0000] "GET /scripts/main.js HTTP/1.1" 404 5661 "-" "Mozilla/5.0 (Macintosh; Intel Mac OS X 10_15_1) AppleWebKit/537.36 (KHTML, like Gecko) Chrome/78.0.3904.108 Safari/537.36"
157.230.40.158 - - [06/Aug/2024:04:03:37 +0000] "GET /id_rsa HTTP/1.1" 404 5651 "-" "Mozilla/5.0 (Windows NT 10.0; Win64; x64) AppleWebKit/537.36 (KHTML, like Gecko) Chrome/80.0.3987.149 Safari/537.36"
157.230.40.158 - - [06/Aug/2024:04:03:38 +0000] "GET /%25%2fconfig.json HTTP/1.1" 404 17880 "-" "Mozilla/5.0 (Windows NT 10.0; Win64; x64) AppleWebKit/537.36 (KHTML, like Gecko) Chrome/76.0.3809.100 Safari/537.36"
157.230.40.158 - - [06/Aug/2024:04:03:39 +0000] "GET /sftp-config.js HTTP/1.1" 404 5659 "-" "Mozilla/5.0 (Windows NT 6.1; WOW64; rv:8.0) Gecko/20100101 Firefox/8.0"
157.230.40.158 - - [06/Aug/2024:04:03:40 +0000] "GET /secrets HTTP/1.1" 404 5651 "-" "Mozilla/5.0 (Windows NT 10.0; Win64; x64) AppleWebKit/537.36 (KHTML, like Gecko) Chrome/121.0.0.0 Safari/537.36 Edg/121.0.0.0 OS/10.0.19045"
157.230.40.158 - - [06/Aug/2024:04:03:40 +0000] "GET /.kube/config HTTP/1.1" 404 5658 "-" "Mozilla/5.0 (Macintosh; Intel Mac OS X 10_10_5) AppleWebKit/605.1.33 (KHTML, like Gecko) Version/9.1.2 Safari/605.1.33"
157.230.40.158 - - [06/Aug/2024:04:03:41 +0000] "GET /dc-environments.js HTTP/1.1" 404 5663 "-" "Mozilla/5.0 (Windows NT 10.0; Win64; x64) AppleWebKit/537.36 (KHTML, like Gecko) Chrome/89.0.4389.90 Safari/537.36 Edg/89.0.774.57"
157.230.40.158 - - [06/Aug/2024:04:03:42 +0000] "GET /app.js HTTP/1.1" 404 5652 "-" "Mozilla/5.0 (Macintosh; Intel Mac OS X 10_15_7) AppleWebKit/605.1.15 (KHTML, like Gecko) Version/17.4.1 Safari/605.1.15 Reeder/5.4"
157.230.40.158 - - [06/Aug/2024:04:03:42 +0000] "GET /app.min.js HTTP/1.1" 404 5655 "-" "Mozilla/5.0 (Macintosh; Intel Mac OS X 10_15; rv:71.0) Gecko/20100101 Firefox/71.0"
157.230.40.158 - - [06/Aug/2024:04:03:43 +0000] "GET /%2fconfig.js HTTP/1.1" 404 17880 "-" "Mozilla/5.0 (Windows NT 10.0; Win64; x64) AppleWebKit/537.36 (KHTML, like Gecko) Chrome/90.0.4430.93 Safari/537.36 Edg/90.0.818.51"
157.230.40.158 - - [06/Aug/2024:04:03:44 +0000] "GET /config.yml HTTP/1.1" 404 5655 "-" "Mozilla/5.0 (Macintosh; Intel Mac OS X 10_11_3) AppleWebKit/606.1.36 (KHTML, like Gecko) Version/9.1.2 Safari/606.1.36"
157.230.40.158 - - [06/Aug/2024:04:03:44 +0000] "GET /config.properties HTTP/1.1" 404 5663 "-" "Mozilla/5.0 (Macintosh; Intel Mac OS X 10_10_5) AppleWebKit/603.3.8 (KHTML, like Gecko) Version/10.1.2 Safari/603.3.8"
157.230.40.158 - - [06/Aug/2024:04:03:45 +0000] "GET /static/js/app.js HTTP/1.1" 404 5661 "-" "Mozilla/5.0 (Macintosh; Intel Mac OS X 14_3_1) AppleWebKit/605.1.15 (KHTML, like Gecko) Version/17.2 Safari/605.1.15"
157.230.40.158 - - [06/Aug/2024:04:03:46 +0000] "GET /portal_/env.min.js HTTP/1.1" 404 5663 "-" "Mozilla/5.0 (Windows NT 10.0; Win64; x64) AppleWebKit/537.36 (KHTML, like Gecko) Chrome/99.0.4844.51 Safari/537.36 Edg/99.0.1150.39"
157.230.40.158 - - [06/Aug/2024:04:03:46 +0000] "GET /appsettings HTTP/1.1" 404 5656 "-" "Mozilla/5.0 (Macintosh; Intel Mac OS X 10_11_3) AppleWebKit/606.1.36 (KHTML, like Gecko) Version/9.1.2 Safari/606.1.36"
157.230.40.158 - - [06/Aug/2024:04:03:47 +0000] "GET /dev HTTP/1.1" 404 5647 "-" "Mozilla/5.0 (Windows NT 6.2; rv:126.0) Gecko/20100101 Firefox/126.0"
157.230.40.158 - - [06/Aug/2024:04:03:48 +0000] "GET /azuredeploy.json HTTP/1.1" 404 5662 "-" "Mozilla/5.0 (Macintosh; Intel Mac OS X 10_13) AppleWebKit/537.36 (KHTML, like Gecko) Chrome/100.0.4870.128 Safari/537.36"
157.230.40.158 - - [06/Aug/2024:04:03:49 +0000] "GET /localsettings.json HTTP/1.1" 404 5663 "-" "Mozilla/5.0 (Macintosh; Intel Mac OS X 10_12) AppleWebKit/537.36 (KHTML, like Gecko) Chrome/99.0.4844.124 Safari/537.36"
157.230.40.158 - - [06/Aug/2024:04:03:50 +0000] "GET /config.yaml HTTP/1.1" 404 5655 "-" "Mozilla/5.0 (Windows NT 10.0; Win64; x64) AppleWebKit/537.36 (KHTML, like Gecko) Chrome/90.0.4430.212 Safari/537.36"
157.230.40.158 - - [06/Aug/2024:04:03:50 +0000] "GET /assets/js/main.js HTTP/1.1" 404 5662 "-" "Mozilla/5.0 (Macintosh; Intel Mac OS X 10_15_7) AppleWebKit/537.36 (KHTML, like Gecko) Chrome/122.0.0.0 Safari/537.36 Edg/122.0.0.0 maglev/24091.205.2815.7157/50"
157.230.40.158 - - [06/Aug/2024:04:03:51 +0000] "GET /error.log HTTP/1.1" 404 5655 "-" "Mozilla/5.0 (Macintosh; Intel Mac OS X 10_15) AppleWebKit/537.36 (KHTML, like Gecko) Chrome/85.0.4183.102 Safari/537.36"
157.230.40.158 - - [06/Aug/2024:04:03:52 +0000] "GET /info.plist HTTP/1.1" 404 5655 "-" "Mozilla/5.0 (Macintosh; Intel Mac OS X 10_15_7) AppleWebKit/537.36 (KHTML, like Gecko) Chrome/125.0.0.0 Safari/537.36 Edg/125.0.0.0"
157.230.40.158 - - [06/Aug/2024:04:03:53 +0000] "GET /env.min.js HTTP/1.1" 404 5654 "-" "Mozilla/5.0 (Macintosh; Intel Mac OS X 10_15_7) AppleWebKit/537.36 (KHTML, like Gecko) Chrome/95.0.4638.17 Safari/537.36 Edg/95.0.1020.5"
157.230.40.158 - - [06/Aug/2024:04:03:53 +0000] "GET /credentials.json HTTP/1.1" 404 5661 "-" "Mozilla/5.0 (Macintosh; Intel Mac OS X 10_14_6) AppleWebKit/605.1.15 (KHTML, like Gecko) Version/12.1.2 Safari/605.1.15"
157.230.40.158 - - [06/Aug/2024:04:03:54 +0000] "GET /localsettings.js HTTP/1.1" 404 5662 "-" "Mozilla/5.0 (Windows NT 10.0; Win64; x64) AppleWebKit/537.36 (KHTML, like Gecko) Chrome/97.0.4692.71 Safari/537.36 Edg/97.0.1072.55"
157.230.40.158 - - [06/Aug/2024:04:03:55 +0000] "GET /static/js/build.js HTTP/1.1" 404 5663 "-" "Mozilla/5.0 (X11; Linux x86_64; rv:52.0) Gecko/20100101 Firefox/52.0"
157.230.40.158 - - [06/Aug/2024:04:03:56 +0000] "GET /static/js/settings.js HTTP/1.1" 404 5666 "-" "Mozilla/5.0 (Macintosh; Intel Mac OS X 10_15_7) AppleWebKit/537.36 (KHTML, like Gecko) Chrome/115.0.0.0 Safari/537.36"
157.230.40.158 - - [06/Aug/2024:04:03:57 +0000] "GET /sftp-config.json HTTP/1.1" 404 5662 "-" "Mozilla/5.0 (Macintosh; Intel Mac OS X 10_11_1) AppleWebKit/605.1.33 (KHTML, like Gecko) Version/9.1.2 Safari/605.1.33"
157.230.40.158 - - [06/Aug/2024:04:03:58 +0000] "GET /package.json HTTP/1.1" 404 5658 "-" "Mozilla/5.0 (Windows NT 10.0; Win64; x64; rv:79.0) Gecko/20100101 Firefox/79.0"
157.230.40.158 - - [06/Aug/2024:04:03:59 +0000] "GET /static/js/dist.js HTTP/1.1" 404 5663 "-" "Mozilla/5.0 (Macintosh; Intel Mac OS X 10_15_7) AppleWebKit/605.1.15 (KHTML, like Gecko) Version/17.4.1 Safari/605.1.29"
157.230.40.158 - - [06/Aug/2024:04:03:59 +0000] "GET /js/main.js HTTP/1.1" 404 5656 "-" "Mozilla/5.0 (Macintosh; Intel Mac OS X 10_15_7) AppleWebKit/605.1.15 (KHTML, like Gecko) Version/16.6 Safari/605.1.15"
157.230.40.158 - - [06/Aug/2024:04:04:00 +0000] "GET /settings.yaml HTTP/1.1" 404 5658 "-" "Mozilla/5.0 (Windows NT 10.0; Win64; x64) AppleWebKit/537.36 (KHTML, like Gecko) Chrome/86.0.4240.198 Safari/537.36 Edg/86.0.622.69"
157.230.40.158 - - [06/Aug/2024:04:04:01 +0000] "GET /web.config HTTP/1.1" 404 5654 "-" "Mozilla/5.0 (Windows NT 6.1; rv:109.0) Gecko/20100101 Firefox/115.0"
157.230.40.158 - - [06/Aug/2024:04:04:01 +0000] "GET /yarn.lock HTTP/1.1" 404 5654 "-" "Mozilla/5.0 (Macintosh; Intel Mac OS X 10_15) AppleWebKit/537.36 (KHTML, like Gecko) Chrome/88.0.4324.150 Safari/537.36"
157.230.40.158 - - [06/Aug/2024:04:04:02 +0000] "GET /jenkins-config.xml HTTP/1.1" 404 5663 "-" "Mozilla/5.0 (Macintosh; Intel Mac OS X 10_11_4) AppleWebKit/606.1.36 (KHTML, like Gecko) Version/9.1.2 Safari/606.1.36"
157.230.40.158 - - [06/Aug/2024:04:04:03 +0000] "GET /js/settings.js HTTP/1.1" 404 5658 "-" "Mozilla/5.0 (X11; Linux x86_64; rv:109.0) Gecko/20100101 Firefox/115.0 whid/sdf6 macaddress/64c901dc59e0"
157.230.40.158 - - [06/Aug/2024:04:04:04 +0000] "GET /%2fconfig.json HTTP/1.1" 404 17879 "-" "Mozilla/5.0 (Macintosh; Intel Mac OS X 10_15_7) AppleWebKit/605.1.15 (KHTML, like Gecko) Version/17.1 Safari/605.1.23"
157.230.40.158 - - [06/Aug/2024:04:04:05 +0000] "GET /parameters.json HTTP/1.1" 404 5660 "-" "Mozilla/5.0 (Macintosh; Intel Mac OS X 10_15_7) AppleWebKit/537.36 (KHTML, like Gecko) Chrome/121.0.0.0 Safari/537.36 Edg/121.0.0.0"
157.230.40.158 - - [06/Aug/2024:04:04:05 +0000] "GET /application.yml HTTP/1.1" 404 5660 "-" "Mozilla/5.0 (Macintosh; Intel Mac OS X 10_15_7) AppleWebKit/605.1.15 (KHTML, like Gecko) Version/17.5 Safari/605.1.15 OPX/2.3.3"
157.230.40.158 - - [06/Aug/2024:04:04:06 +0000] "GET /.config/gcloud/application_default_credentials.json HTTP/1.1" 404 5697 "-" "Mozilla/5.0 (Macintosh; Intel Mac OS X 10_15_7) AppleWebKit/537.36 (KHTML, like Gecko) Chrome/126.0.0.0 Safari/537.36 Edg/126.0.0.0"
157.230.40.158 - - [06/Aug/2024:04:04:06 +0000] "GET /static/.env HTTP/1.1" 404 5656 "-" "Mozilla/5.0 (Macintosh; Intel Mac OS X 10_11_0) AppleWebKit/537.36 (KHTML, like Gecko) Chrome/63.0.3239.98 Safari/537.36"
157.230.40.158 - - [06/Aug/2024:04:04:08 +0000] "GET /gcloud/application_default_credentials.json HTTP/1.1" 404 5687 "-" "Mozilla/5.0 (Windows NT 10.0; Win64; x64) AppleWebKit/537.36 (KHTML, like Gecko) Chrome/79.0.3945.79 Safari/537.36"
157.230.40.158 - - [06/Aug/2024:04:04:09 +0000] "GET /api/login HTTP/1.1" 404 5654 "-" "Mozilla/5.0 (X11; Linux x86_64; rv:123.0) Gecko/20100101 Firefox/123.0"
157.230.40.158 - - [06/Aug/2024:04:04:09 +0000] "GET /assets/js/config.js HTTP/1.1" 404 5664 "-" "Mozilla/5.0 (Windows NT 10.0; Win64; x64) AppleWebKit/537.36 (KHTML, like Gecko) Chrome/93.0.4577.63 Safari/537.36 Edg/93.0.961.38"
157.230.40.158 - - [06/Aug/2024:04:04:10 +0000] "GET /js/build.js HTTP/1.1" 404 5655 "-" "Mozilla/5.0 (Macintosh; Intel Mac OS X 11_7) AppleWebKit/537.36 (KHTML, like Gecko) Version/11.6.52 Safari/614.17.8"
157.230.40.158 - - [06/Aug/2024:04:04:11 +0000] "GET /.aws/credentials HTTP/1.1" 404 5661 "-" "Mozilla/5.0 (Windows NT 6.1; WOW64; rv:48.0) Gecko/20100101 Firefox/48.0"
157.230.40.158 - - [06/Aug/2024:04:04:12 +0000] "GET /server/config.js HTTP/1.1" 404 5661 "-" "Mozilla/5.0 (Windows NT 10.0; Win64; x64) AppleWebKit/537.36 (KHTML, like Gecko) Chrome/124.0.0.0 Safari/537.36 Avast/124.0.0.0"
157.230.40.158 - - [06/Aug/2024:04:04:12 +0000] "GET /globals.min.js HTTP/1.1" 404 5658 "-" "Mozilla/5.0 (Windows NT 6.3; Win64; x64; rv:78.0) Gecko/20100101 Firefox/78.0"
157.230.40.158 - - [06/Aug/2024:04:04:13 +0000] "GET /netlify.toml HTTP/1.1" 404 5656 "-" "Mozilla/5.0 (Windows NT 10.0; Win64; x64) AppleWebKit/537.36 (KHTML, like Gecko) Chrome/90.0.4430.93 Safari/537.36 Edg/90.0.818.51"
157.230.40.158 - - [06/Aug/2024:04:04:14 +0000] "GET /settings.py HTTP/1.1" 404 5656 "-" "Mozilla/5.0 (Macintosh; Intel Mac OS X 10_15_7) AppleWebKit/605.1.15 (KHTML, like Gecko) Version/17.4.1 Safari/605.1.15 RDDocuments/8.10.9.1073"
157.230.40.158 - - [06/Aug/2024:04:04:15 +0000] "GET /static/js/config.json HTTP/1.1" 404 5666 "-" "Mozilla/5.0 (Windows NT 10.0; Win64; x64) AppleWebKit/537.36 (KHTML, like Gecko) Chrome/110.0.0.0 Safari/537.36 Edg/110.0.1587.56"
157.230.40.158 - - [06/Aug/2024:04:04:15 +0000] "GET /azure-connections.json HTTP/1.1" 404 5667 "-" "Mozilla/5.0 (Macintosh; Intel Mac OS X 10_15; rv:82.0) Gecko/20100101 Firefox/82.0"
157.230.40.158 - - [06/Aug/2024:04:04:16 +0000] "GET /_config.yml HTTP/1.1" 404 5657 "-" "Mozilla/5.0 (X11; Linux x86_64) AppleWebKit/537.36 (KHTML, like Gecko) Chrome/112.0.0.0 Safari/537.36"
157.230.40.158 - - [06/Aug/2024:04:04:17 +0000] "GET /dc-environments.min.js HTTP/1.1" 404 5667 "-" "Mozilla/5.0 (X11; CrOS x86_64 14541.0.0) AppleWebKit/537.36 (KHTML, like Gecko) Chrome/122.0.0.0 Safari/537.36"
157.230.40.158 - - [06/Aug/2024:04:04:18 +0000] "GET /build.properties HTTP/1.1" 404 5661 "-" "Mozilla/5.0 (Macintosh; Intel Mac OS X 10_15_5) AppleWebKit/605.1.15 (KHTML, like Gecko) Version/17.3  Safari/605.1.15  SznProhlizec/10.9.0i"
157.230.40.158 - - [06/Aug/2024:04:04:18 +0000] "GET /static/js/main.js HTTP/1.1" 404 5663 "-" "Mozilla/5.0 (Windows NT 10.0; Win64; x64) AppleWebKit/537.36 (KHTML, like Gecko) Chrome/89.0.4389.72 Safari/537.36 Edg/89.0.774.45"
157.230.40.158 - - [06/Aug/2024:04:04:19 +0000] "GET /web/config HTTP/1.1" 404 5655 "-" "Mozilla/5.0 (Windows NT 10.0; Win64; x64) AppleWebKit/537.36 (KHTML, like Gecko) Chrome/124.0.0.0 Safari/537.36 Edg/124.0.0.0 [ip:2.36.75.39]"
157.230.40.158 - - [06/Aug/2024:04:04:20 +0000] "GET /backup HTTP/1.1" 404 5650 "-" "Mozilla/5.0 (X11; Linux x86_64) AppleWebKit/537.36 (KHTML, like Gecko) Chrome/124.0.0.0 Safari/537.36 Edg/124.0.2478.87"
157.230.40.158 - - [06/Aug/2024:04:04:21 +0000] "GET /prod.config.min.js HTTP/1.1" 404 5663 "-" "Mozilla/5.0 (Macintosh; Intel Mac OS X 10_14_6) AppleWebKit/537.36 (KHTML, like Gecko) Chrome/100.0.4896.162 Safari/537.36"
157.230.40.158 - - [06/Aug/2024:04:04:21 +0000] "GET /config.min.js HTTP/1.1" 404 5657 "-" "Mozilla/5.0 (Macintosh; Intel Mac OS X 11_6_5) AppleWebKit/537.36 (KHTML, like Gecko) Chrome/91.0.4472.114 Safari/537.36"
157.230.40.158 - - [06/Aug/2024:04:04:22 +0000] "GET /server-configuration HTTP/1.1" 404 5664 "-" "Mozilla/5.0 (Macintosh; Intel Mac OS X 10_15_7) AppleWebKit/605.1.15 (KHTML, like Gecko) Version/17.3.1 Safari/605.1.15"
157.230.40.158 - - [06/Aug/2024:04:04:23 +0000] "GET /config/config.json HTTP/1.1" 404 5664 "-" "Mozilla/5.0 (Macintosh; Intel Mac OS X 10_15_7) AppleWebKit/537.36 (KHTML, like Gecko) Chrome/122.0.0.0 Safari/537.36"
157.230.40.158 - - [06/Aug/2024:04:04:24 +0000] "GET /assets/js/build.js HTTP/1.1" 404 5663 "-" "Mozilla/5.0 (Windows NT 6.1; Win64; x64) AppleWebKit/537.36 (KHTML, like Gecko) Chrome/109.0.0.0 Safari/537.36 Edg/109.0.1518.61"
157.230.40.158 - - [06/Aug/2024:04:04:24 +0000] "GET /environment HTTP/1.1" 404 5655 "-" "Mozilla/5.0 (Macintosh; Intel Mac OS X 10_10_1) AppleWebKit/606.1.36 (KHTML, like Gecko) Version/9.1.2 Safari/606.1.36"
93.95.228.246 - - [06/Aug/2024:04:04:36 +0000] "GET / HTTP/1.1" 200 20855 "-" "check_http/v2.3.3 (monitoring-plugins 2.3.3)"
66.249.66.19 - - [06/Aug/2024:04:05:05 +0000] "GET /djep/main2.css HTTP/1.1" 200 4742 "https://www.singsurf.org/djep/GWTImplicitPlot.php" "Mozilla/5.0 (Linux; Android 6.0.1; Nexus 5X Build/MMB29P) AppleWebKit/537.36 (KHTML, like Gecko) Chrome/126.0.6478.182 Mobile Safari/537.36 (compatible; Googlebot/2.1; +http://www.google.com/bot.html)"
66.249.66.19 - - [06/Aug/2024:04:05:07 +0000] "GET /djep/worker/worker.nocache.js HTTP/1.1" 200 862 "https://www.singsurf.org/djep/GWTImplicitPlot.php" "Mozilla/5.0 (Linux; Android 6.0.1; Nexus 5X Build/MMB29P) AppleWebKit/537.36 (KHTML, like Gecko) Chrome/126.0.6478.182 Mobile Safari/537.36 (compatible; Googlebot/2.1; +http://www.google.com/bot.html)"
66.249.66.17 - - [06/Aug/2024:04:05:09 +0000] "GET /djep/worker/D139C3808D9A5ABFDA62820D7C878852.cache.js HTTP/1.1" 200 202642 "https://www.singsurf.org/djep/worker/worker.nocache.js" "Mozilla/5.0 (Linux; Android 6.0.1; Nexus 5X Build/MMB29P) AppleWebKit/537.36 (KHTML, like Gecko) Chrome/126.0.6478.182 Mobile Safari/537.36 (compatible; Googlebot/2.1; +http://www.google.com/bot.html)"
93.95.228.246 - - [06/Aug/2024:04:05:36 +0000] "GET / HTTP/1.1" 200 20854 "-" "check_http/v2.3.3 (monitoring-plugins 2.3.3)"
93.95.228.246 - - [06/Aug/2024:04:06:36 +0000] "GET / HTTP/1.1" 200 20856 "-" "check_http/v2.3.3 (monitoring-plugins 2.3.3)"
93.95.228.246 - - [06/Aug/2024:04:07:36 +0000] "GET / HTTP/1.1" 200 20855 "-" "check_http/v2.3.3 (monitoring-plugins 2.3.3)"
93.95.228.246 - - [06/Aug/2024:04:08:36 +0000] "GET / HTTP/1.1" 200 20856 "-" "check_http/v2.3.3 (monitoring-plugins 2.3.3)"
45.137.71.240 - - [06/Aug/2024:04:09:32 +0000] "GET /things/fourbar.php HTTP/1.1" 200 10631 "https://singsurf.org/" "Mozilla/5.0 (Macintosh; Intel Mac OS X 12.5; rv:114.0) Gecko/20100101 Firefox/114.0"
45.137.71.240 - - [06/Aug/2024:04:09:33 +0000] "POST /admin/subcom.php HTTP/1.1" 200 4411 "https://singsurf.org/things/fourbar.php" "Mozilla/5.0 (Macintosh; Intel Mac OS X 12.5; rv:114.0) Gecko/20100101 Firefox/114.0"
45.137.71.240 - - [06/Aug/2024:04:09:33 +0000] "GET /things/fourbar.php HTTP/1.1" 200 10629 "-" "Mozilla/5.0 (Macintosh; Intel Mac OS X 12.5; rv:114.0) Gecko/20100101 Firefox/114.0"
93.95.228.246 - - [06/Aug/2024:04:09:36 +0000] "GET / HTTP/1.1" 200 20854 "-" "check_http/v2.3.3 (monitoring-plugins 2.3.3)"
54.218.64.108 - - [06/Aug/2024:04:10:11 +0000] "GET /robots.txt HTTP/1.1" 200 3649 "-" "mozilla/5.0 (windows nt 6.3; x64; en-us) gecko/20100101 firefox/68.0"
54.218.64.108 - - [06/Aug/2024:04:10:11 +0000] "GET /singsurf/menu/singularities.html HTTP/1.1" 200 1706 "-" "mozilla/5.0 (compatible; msie 8.0; windows nt 6.1; win64; x64 trident/4.0)"
93.95.228.246 - - [06/Aug/2024:04:10:36 +0000] "GET / HTTP/1.1" 200 20855 "-" "check_http/v2.3.3 (monitoring-plugins 2.3.3)"
93.95.228.246 - - [06/Aug/2024:04:11:36 +0000] "GET / HTTP/1.1" 200 20854 "-" "check_http/v2.3.3 (monitoring-plugins 2.3.3)"
66.249.66.17 - - [06/Aug/2024:04:11:58 +0000] "GET /lib/TrackballControls.js HTTP/1.1" 200 6608 "https://singsurf.org/djep/GWTPSurf.php" "Mozilla/5.0 (Linux; Android 6.0.1; Nexus 5X Build/MMB29P) AppleWebKit/537.36 (KHTML, like Gecko) Chrome/126.0.6478.182 Mobile Safari/537.36 (compatible; Googlebot/2.1; +http://www.google.com/bot.html)"
66.249.66.163 - - [06/Aug/2024:04:12:06 +0000] "GET /robots.txt HTTP/1.1" 200 3618 "-" "Mozilla/5.0 (compatible; Googlebot/2.1; +http://www.google.com/bot.html)"
66.249.66.164 - - [06/Aug/2024:04:12:06 +0000] "GET / HTTP/1.1" 200 9328 "-" "Mozilla/5.0 (compatible; Googlebot/2.1; +http://www.google.com/bot.html)"
93.95.228.246 - - [06/Aug/2024:04:12:36 +0000] "GET / HTTP/1.1" 200 20856 "-" "check_http/v2.3.3 (monitoring-plugins 2.3.3)"
93.95.228.246 - - [06/Aug/2024:04:13:36 +0000] "GET / HTTP/1.1" 200 20855 "-" "check_http/v2.3.3 (monitoring-plugins 2.3.3)"
93.95.228.246 - - [06/Aug/2024:04:14:36 +0000] "GET / HTTP/1.1" 200 20855 "-" "check_http/v2.3.3 (monitoring-plugins 2.3.3)"
93.95.228.246 - - [06/Aug/2024:04:15:36 +0000] "GET / HTTP/1.1" 200 20853 "-" "check_http/v2.3.3 (monitoring-plugins 2.3.3)"
93.95.228.246 - - [06/Aug/2024:04:16:36 +0000] "GET / HTTP/1.1" 200 20856 "-" "check_http/v2.3.3 (monitoring-plugins 2.3.3)"
93.95.228.246 - - [06/Aug/2024:04:17:36 +0000] "GET / HTTP/1.1" 200 20855 "-" "check_http/v2.3.3 (monitoring-plugins 2.3.3)"
93.95.228.246 - - [06/Aug/2024:04:18:37 +0000] "GET / HTTP/1.1" 200 20854 "-" "check_http/v2.3.3 (monitoring-plugins 2.3.3)"
66.249.66.19 - - [06/Aug/2024:04:19:15 +0000] "GET / HTTP/1.1" 200 9329 "-" "Mozilla/5.0 (compatible; Googlebot/2.1; +http://www.google.com/bot.html)"
93.95.228.246 - - [06/Aug/2024:04:19:36 +0000] "GET / HTTP/1.1" 200 20856 "-" "check_http/v2.3.3 (monitoring-plugins 2.3.3)"
17.241.219.134 - - [06/Aug/2024:04:20:21 +0000] "GET /admin/logger.php?width=1920&height=1080 HTTP/1.1" 200 3597 "https://www.singsurf.org/wallpaper/wallpaper.php?FILENAME=rose%257E0.jpg" "Mozilla/5.0 (Macintosh; Intel Mac OS X 10_15_7) AppleWebKit/605.1.15 (KHTML, like Gecko) Version/17.4 Safari/605.1.15 (Applebot/0.1; +http://www.apple.com/go/applebot)"
93.95.228.246 - - [06/Aug/2024:04:20:36 +0000] "GET / HTTP/1.1" 200 20855 "-" "check_http/v2.3.3 (monitoring-plugins 2.3.3)"
185.191.171.18 - - [06/Aug/2024:04:20:58 +0000] "GET /robots.txt HTTP/1.1" 200 3243 "-" "Mozilla/5.0 (compatible; SemrushBot/7~bl; +http://www.semrush.com/bot.html)"
85.208.96.198 - - [06/Aug/2024:04:20:58 +0000] "GET /things/TemplateData.php?SiteName=bing.hhaann.eu.org HTTP/1.1" 200 4490 "-" "Mozilla/5.0 (compatible; SemrushBot/7~bl; +http://www.semrush.com/bot.html)"
178.25.156.190 - - [06/Aug/2024:04:21:22 +0000] "GET /robots.txt HTTP/1.1" 200 3293 "-" "yacybot (/global; amd64 FreeBSD 14.0-RELEASE; java 1.8.0_402; Europe/en) http://yacy.net/bot.html"
52.230.152.50 - - [06/Aug/2024:04:21:26 +0000] "GET /robots.txt HTTP/1.1" 200 3236 "http://www.singsurf.org/robots.txt" "Mozilla/5.0 AppleWebKit/537.36 (KHTML, like Gecko; compatible; GPTBot/1.2; +https://openai.com/gptbot)"
93.95.228.246 - - [06/Aug/2024:04:21:36 +0000] "GET / HTTP/1.1" 200 20854 "-" "check_http/v2.3.3 (monitoring-plugins 2.3.3)"
131.153.143.50 - - [06/Aug/2024:04:22:20 +0000] "GET / HTTP/1.1" 200 9041 "-" "Mozilla/5.0 (Windows NT 10.0; Win64; x64) AppleWebKit/537.36 (KHTML, like Gecko) Chrome/106.0.0.0 Safari/537.36"
93.95.228.246 - - [06/Aug/2024:04:22:36 +0000] "GET / HTTP/1.1" 200 20855 "-" "check_http/v2.3.3 (monitoring-plugins 2.3.3)"
46.250.234.152 - - [06/Aug/2024:04:23:28 +0000] "GET /brain/rightbrain.php HTTP/1.1" 200 41489 "https://singsurf.org/" "Mozilla/5.0 (Windows NT 10.0; WOW64) AppleWebKit/537.36 (KHTML, like Gecko) Chrome/114.0.0.0 Safari/537.36 Vivaldi/5.3.2679.68"
46.250.234.152 - - [06/Aug/2024:04:23:32 +0000] "POST /admin/subcom.php HTTP/1.1" 200 3898 "https://singsurf.org/brain/rightbrain.php" "Mozilla/5.0 (Windows NT 10.0; WOW64) AppleWebKit/537.36 (KHTML, like Gecko) Chrome/114.0.0.0 Safari/537.36 Vivaldi/5.3.2679.68"
46.250.234.152 - - [06/Aug/2024:04:23:33 +0000] "GET /brain/rightbrain.php HTTP/1.1" 200 41495 "-" "Mozilla/5.0 (Windows NT 10.0; WOW64) AppleWebKit/537.36 (KHTML, like Gecko) Chrome/114.0.0.0 Safari/537.36 Vivaldi/5.3.2679.68"
93.95.228.246 - - [06/Aug/2024:04:23:36 +0000] "GET / HTTP/1.1" 200 20855 "-" "check_http/v2.3.3 (monitoring-plugins 2.3.3)"
178.25.156.190 - - [06/Aug/2024:04:23:38 +0000] "GET / HTTP/1.1" 200 6646 "-" "yacybot (/global; amd64 FreeBSD 14.0-RELEASE; java 1.8.0_402; Europe/en) http://yacy.net/bot.html"
93.95.228.246 - - [06/Aug/2024:04:24:36 +0000] "GET / HTTP/1.1" 200 20855 "-" "check_http/v2.3.3 (monitoring-plugins 2.3.3)"
17.241.75.109 - - [06/Aug/2024:04:24:42 +0000] "GET /wallpaper/wallpaper.php?FILENAME=0174df49.jpg HTTP/1.1" 200 11619 "-" "Mozilla/5.0 (Macintosh; Intel Mac OS X 10_15_7) AppleWebKit/605.1.15 (KHTML, like Gecko) Version/17.4 Safari/605.1.15 (Applebot/0.1; +http://www.apple.com/go/applebot)"
93.95.228.246 - - [06/Aug/2024:04:25:36 +0000] "GET / HTTP/1.1" 200 20855 "-" "check_http/v2.3.3 (monitoring-plugins 2.3.3)"
46.250.234.152 - - [06/Aug/2024:04:26:06 +0000] "GET /brain/rightbrain.php HTTP/1.1" 200 41494 "-" "Mozilla/5.0 (Linux x86_64; rv:114.0) Gecko/20100101 Firefox/114.0"
15.235.15.135 - - [06/Aug/2024:04:26:24 +0000] "GET / HTTP/1.1" 200 14445 "-" "-"
93.95.228.246 - - [06/Aug/2024:04:26:36 +0000] "GET / HTTP/1.1" 200 20855 "-" "check_http/v2.3.3 (monitoring-plugins 2.3.3)"
93.95.228.246 - - [06/Aug/2024:04:27:36 +0000] "GET / HTTP/1.1" 200 20856 "-" "check_http/v2.3.3 (monitoring-plugins 2.3.3)"
93.95.228.246 - - [06/Aug/2024:04:28:36 +0000] "GET / HTTP/1.1" 200 20856 "-" "check_http/v2.3.3 (monitoring-plugins 2.3.3)"
66.249.66.18 - - [06/Aug/2024:04:29:04 +0000] "GET /parade/models/cmutov.wrl HTTP/1.1" 200 81275 "-" "Mozilla/5.0 (Linux; Android 6.0.1; Nexus 5X Build/MMB29P) AppleWebKit/537.36 (KHTML, like Gecko) Chrome/126.0.6478.182 Mobile Safari/537.36 (compatible; GoogleOther)"
93.95.228.246 - - [06/Aug/2024:04:29:36 +0000] "GET / HTTP/1.1" 200 20856 "-" "check_http/v2.3.3 (monitoring-plugins 2.3.3)"
93.95.228.246 - - [06/Aug/2024:04:30:36 +0000] "GET / HTTP/1.1" 200 20855 "-" "check_http/v2.3.3 (monitoring-plugins 2.3.3)"
92.8.207.67 - - [06/Aug/2024:04:31:25 +0000] "GET /stepney/ HTTP/2.0" 200 7084 "https://singsurf.org/index.php" "Mozilla/5.0 (Windows NT 10.0; Win64; x64) AppleWebKit/537.36 (KHTML, like Gecko) Chrome/127.0.0.0 Safari/537.36"
92.8.207.67 - - [06/Aug/2024:04:31:25 +0000] "GET /stepney/dbm320.jpg HTTP/2.0" 200 47048 "https://singsurf.org/stepney/" "Mozilla/5.0 (Windows NT 10.0; Win64; x64) AppleWebKit/537.36 (KHTML, like Gecko) Chrome/127.0.0.0 Safari/537.36"
92.8.207.67 - - [06/Aug/2024:04:31:25 +0000] "GET /stepney/sailortownCoverSml.png HTTP/2.0" 200 161554 "https://singsurf.org/stepney/" "Mozilla/5.0 (Windows NT 10.0; Win64; x64) AppleWebKit/537.36 (KHTML, like Gecko) Chrome/127.0.0.0 Safari/537.36"
92.8.207.67 - - [06/Aug/2024:04:31:25 +0000] "GET /stepney/WhitechapelCover.png HTTP/2.0" 200 64912 "https://singsurf.org/stepney/" "Mozilla/5.0 (Windows NT 10.0; Win64; x64) AppleWebKit/537.36 (KHTML, like Gecko) Chrome/127.0.0.0 Safari/537.36"
92.8.207.67 - - [06/Aug/2024:04:31:25 +0000] "GET /stepney/wapping200.png HTTP/2.0" 200 90961 "https://singsurf.org/stepney/" "Mozilla/5.0 (Windows NT 10.0; Win64; x64) AppleWebKit/537.36 (KHTML, like Gecko) Chrome/127.0.0.0 Safari/537.36"
92.8.207.67 - - [06/Aug/2024:04:31:25 +0000] "GET /stepney/meot200.png HTTP/2.0" 200 91648 "https://singsurf.org/stepney/" "Mozilla/5.0 (Windows NT 10.0; Win64; x64) AppleWebKit/537.36 (KHTML, like Gecko) Chrome/127.0.0.0 Safari/537.36"
92.8.207.67 - - [06/Aug/2024:04:31:25 +0000] "GET /stepney/residents200.png HTTP/2.0" 200 74155 "https://singsurf.org/stepney/" "Mozilla/5.0 (Windows NT 10.0; Win64; x64) AppleWebKit/537.36 (KHTML, like Gecko) Chrome/127.0.0.0 Safari/537.36"
17.241.75.123 - - [06/Aug/2024:04:31:33 +0000] "GET /wallpaper/wallpaper.php?FILENAME=3.jpg HTTP/1.1" 200 11699 "-" "Mozilla/5.0 (Macintosh; Intel Mac OS X 10_15_7) AppleWebKit/605.1.15 (KHTML, like Gecko) Version/17.4 Safari/605.1.15 (Applebot/0.1; +http://www.apple.com/go/applebot)"
93.95.228.246 - - [06/Aug/2024:04:31:36 +0000] "GET / HTTP/1.1" 200 20856 "-" "check_http/v2.3.3 (monitoring-plugins 2.3.3)"
17.241.75.71 - - [06/Aug/2024:04:31:54 +0000] "GET /wallpaper/wallpaper.php?FILENAME=IMG_5738+4.JPG HTTP/1.1" 200 11492 "-" "Mozilla/5.0 (Macintosh; Intel Mac OS X 10_15_7) AppleWebKit/605.1.15 (KHTML, like Gecko) Version/17.4 Safari/605.1.15 (Applebot/0.1; +http://www.apple.com/go/applebot)"
93.95.228.246 - - [06/Aug/2024:04:32:36 +0000] "GET / HTTP/1.1" 200 20854 "-" "check_http/v2.3.3 (monitoring-plugins 2.3.3)"
93.95.228.246 - - [06/Aug/2024:04:33:36 +0000] "GET / HTTP/1.1" 200 20856 "-" "check_http/v2.3.3 (monitoring-plugins 2.3.3)"
5.255.231.117 - - [06/Aug/2024:04:33:43 +0000] "GET /robots.txt HTTP/1.1" 200 3258 "-" "Mozilla/5.0 (compatible; YandexBot/3.0; +http://yandex.com/bots)"
95.108.213.184 - - [06/Aug/2024:04:33:44 +0000] "GET /singsurf/SingSurfPro.html HTTP/1.1" 404 5406 "-" "Mozilla/5.0 (compatible; YandexBot/3.0; +http://yandex.com/bots)"
17.241.227.103 - - [06/Aug/2024:04:33:53 +0000] "GET /wallpaper/wallpaper.php?FILENAME=100BulletsCv65.jpg HTTP/1.1" 200 11560 "-" "Mozilla/5.0 (Macintosh; Intel Mac OS X 10_15_7) AppleWebKit/605.1.15 (KHTML, like Gecko) Version/17.4 Safari/605.1.15 (Applebot/0.1; +http://www.apple.com/go/applebot)"
17.241.219.78 - - [06/Aug/2024:04:34:10 +0000] "GET /wallpaper/wallpaper.php?FILENAME=z64.jpg HTTP/1.1" 200 11596 "-" "Mozilla/5.0 (Macintosh; Intel Mac OS X 10_15_7) AppleWebKit/605.1.15 (KHTML, like Gecko) Version/17.4 Safari/605.1.15 (Applebot/0.1; +http://www.apple.com/go/applebot)"
93.95.228.246 - - [06/Aug/2024:04:34:36 +0000] "GET / HTTP/1.1" 200 20855 "-" "check_http/v2.3.3 (monitoring-plugins 2.3.3)"
93.95.228.246 - - [06/Aug/2024:04:35:36 +0000] "GET / HTTP/1.1" 200 20854 "-" "check_http/v2.3.3 (monitoring-plugins 2.3.3)"
93.95.228.246 - - [06/Aug/2024:04:36:36 +0000] "GET / HTTP/1.1" 200 20854 "-" "check_http/v2.3.3 (monitoring-plugins 2.3.3)"
52.230.152.182 - - [06/Aug/2024:04:37:10 +0000] "GET /robots.txt HTTP/1.1" 200 3061 "-" "Mozilla/5.0 AppleWebKit/537.36 (KHTML, like Gecko; compatible; GPTBot/1.2; +https://openai.com/gptbot)"
52.230.152.31 - - [06/Aug/2024:04:37:20 +0000] "GET /index.php?id=daves-artwork HTTP/1.1" 200 8767 "-" "Mozilla/5.0 AppleWebKit/537.36 (KHTML, like Gecko; compatible; GPTBot/1.2; +https://openai.com/gptbot)"
52.230.152.31 - - [06/Aug/2024:04:37:23 +0000] "GET /index.php?id=pheonix-publications HTTP/1.1" 200 2503 "-" "Mozilla/5.0 AppleWebKit/537.36 (KHTML, like Gecko; compatible; GPTBot/1.2; +https://openai.com/gptbot)"
52.230.152.159 - - [06/Aug/2024:04:37:24 +0000] "GET /robots.txt HTTP/1.1" 200 3062 "-" "Mozilla/5.0 AppleWebKit/537.36 (KHTML, like Gecko; compatible; GPTBot/1.2; +https://openai.com/gptbot)"
52.230.152.31 - - [06/Aug/2024:04:37:26 +0000] "GET /theme/Pheonix/style.css HTTP/1.1" 200 876 "-" "Mozilla/5.0 AppleWebKit/537.36 (KHTML, like Gecko; compatible; GPTBot/1.2; +https://openai.com/gptbot)"
52.230.152.31 - - [06/Aug/2024:04:37:28 +0000] "GET / HTTP/1.1" 200 5009 "-" "Mozilla/5.0 AppleWebKit/537.36 (KHTML, like Gecko; compatible; GPTBot/1.2; +https://openai.com/gptbot)"
52.230.152.31 - - [06/Aug/2024:04:37:30 +0000] "GET /index.php?id=daves-music HTTP/1.1" 200 12107 "-" "Mozilla/5.0 AppleWebKit/537.36 (KHTML, like Gecko; compatible; GPTBot/1.2; +https://openai.com/gptbot)"
52.230.152.31 - - [06/Aug/2024:04:37:32 +0000] "GET /theme/Pheonix/images/pheonix_logo.png HTTP/1.1" 200 168815 "-" "Mozilla/5.0 AppleWebKit/537.36 (KHTML, like Gecko; compatible; GPTBot/1.2; +https://openai.com/gptbot)"
93.95.228.246 - - [06/Aug/2024:04:37:36 +0000] "GET / HTTP/1.1" 200 20854 "-" "check_http/v2.3.3 (monitoring-plugins 2.3.3)"
223.104.220.222 - - [06/Aug/2024:04:38:03 +0000] "GET /brain/rightbrain.php HTTP/2.0" 200 38445 "https://m.baidu.com/?eqid=97d7d7475fb958681000000166b1a8a5" "Mozilla/5.0 (iPhone; CPU iPhone OS 16_1_1 like Mac OS X) AppleWebKit/605.1.15 (KHTML, like Gecko) Mobile/15E148 SP-engine/3.2.0 main/1.0 baiduboxapp/13.62.5.10 (Baidu; P2 16.1.1) NABar/1.0 themeUA=Theme/default"
223.104.220.222 - - [06/Aug/2024:04:38:04 +0000] "GET /essays2.css HTTP/2.0" 200 1340 "https://www.singsurf.org/brain/rightbrain.php" "Mozilla/5.0 (iPhone; CPU iPhone OS 16_1_1 like Mac OS X) AppleWebKit/605.1.15 (KHTML, like Gecko) Mobile/15E148 SP-engine/3.2.0 main/1.0 baiduboxapp/13.62.5.10 (Baidu; P2 16.1.1) NABar/1.0 themeUA=Theme/default"
93.95.228.246 - - [06/Aug/2024:04:38:36 +0000] "GET / HTTP/1.1" 200 20855 "-" "check_http/v2.3.3 (monitoring-plugins 2.3.3)"
66.249.66.163 - - [06/Aug/2024:04:38:38 +0000] "GET /cv2019.pdf HTTP/1.1" 304 3435 "-" "Mozilla/5.0 (Linux; Android 6.0.1; Nexus 5X Build/MMB29P) AppleWebKit/537.36 (KHTML, like Gecko) Chrome/126.0.6478.182 Mobile Safari/537.36 (compatible; Googlebot/2.1; +http://www.google.com/bot.html)"
93.95.228.246 - - [06/Aug/2024:04:39:36 +0000] "GET / HTTP/1.1" 200 20855 "-" "check_http/v2.3.3 (monitoring-plugins 2.3.3)"
93.95.228.246 - - [06/Aug/2024:04:40:36 +0000] "GET / HTTP/1.1" 200 20854 "-" "check_http/v2.3.3 (monitoring-plugins 2.3.3)"
93.95.228.246 - - [06/Aug/2024:04:41:36 +0000] "GET / HTTP/1.1" 200 20854 "-" "check_http/v2.3.3 (monitoring-plugins 2.3.3)"
93.95.228.246 - - [06/Aug/2024:04:42:36 +0000] "GET / HTTP/1.1" 200 20855 "-" "check_http/v2.3.3 (monitoring-plugins 2.3.3)"
93.95.228.246 - - [06/Aug/2024:04:43:36 +0000] "GET / HTTP/1.1" 200 20854 "-" "check_http/v2.3.3 (monitoring-plugins 2.3.3)"
66.249.66.18 - - [06/Aug/2024:04:43:53 +0000] "GET /robots.txt HTTP/1.1" 200 3618 "-" "Mozilla/5.0 (compatible; Googlebot/2.1; +http://www.google.com/bot.html)"
66.249.66.19 - - [06/Aug/2024:04:43:53 +0000] "GET /wallpaper/maintain.php?sort=width&start=-106000 HTTP/1.1" 200 4135 "-" "Mozilla/5.0 (Linux; Android 6.0.1; Nexus 5X Build/MMB29P) AppleWebKit/537.36 (KHTML, like Gecko) Chrome/126.0.6478.182 Mobile Safari/537.36 (compatible; GoogleOther)"
93.95.228.246 - - [06/Aug/2024:04:44:36 +0000] "GET / HTTP/1.1" 200 20855 "-" "check_http/v2.3.3 (monitoring-plugins 2.3.3)"
152.58.224.193 - - [06/Aug/2024:04:44:47 +0000] "GET /djep/GWTComplexPlot.php HTTP/2.0" 200 3604 "https://www.google.com/" "Mozilla/5.0 (Windows NT 10.0; Win64; x64) AppleWebKit/537.36 (KHTML, like Gecko) Chrome/127.0.0.0 Safari/537.36"
152.58.224.193 - - [06/Aug/2024:04:44:47 +0000] "GET /djep/gwtUtil.js HTTP/2.0" 200 2226 "https://singsurf.org/djep/GWTComplexPlot.php" "Mozilla/5.0 (Windows NT 10.0; Win64; x64) AppleWebKit/537.36 (KHTML, like Gecko) Chrome/127.0.0.0 Safari/537.36"
152.58.224.193 - - [06/Aug/2024:04:44:47 +0000] "GET /djep/main2.css HTTP/2.0" 200 1309 "https://singsurf.org/djep/GWTComplexPlot.php" "Mozilla/5.0 (Windows NT 10.0; Win64; x64) AppleWebKit/537.36 (KHTML, like Gecko) Chrome/127.0.0.0 Safari/537.36"
152.58.224.193 - - [06/Aug/2024:04:44:47 +0000] "GET /djep/SSlogol.jpg HTTP/2.0" 200 5368 "https://singsurf.org/djep/GWTComplexPlot.php" "Mozilla/5.0 (Windows NT 10.0; Win64; x64) AppleWebKit/537.36 (KHTML, like Gecko) Chrome/127.0.0.0 Safari/537.36"
152.58.224.193 - - [06/Aug/2024:04:44:47 +0000] "GET /djep/2003design-logo.gif HTTP/2.0" 200 7686 "https://singsurf.org/djep/GWTComplexPlot.php" "Mozilla/5.0 (Windows NT 10.0; Win64; x64) AppleWebKit/537.36 (KHTML, like Gecko) Chrome/127.0.0.0 Safari/537.36"
