114.119.128.158 - - [06/Aug/2024:00:00:15 +0000] "GET /pfaf/BlagdonWilderness.php HTTP/1.1" 200 9473 "https://singsurf.org/index.html" "Mozilla/5.0 (Linux; Android 7.0;) AppleWebKit/537.36 (KHTML, like Gecko) Mobile Safari/537.36 (compatible; PetalBot;+https://webmaster.petalsearch.com/site/petalbot)"
207.46.13.125 - - [06/Aug/2024:00:00:31 +0000] "GET /wallpaper/wallpaper.php?FILENAME=06-14-12(184120).png HTTP/2.0" 200 8383 "-" "Mozilla/5.0 AppleWebKit/537.36 (KHTML, like Gecko; compatible; bingbot/2.0; +http://www.bing.com/bingbot.htm) Chrome/116.0.1938.76 Safari/537.36"
93.95.228.246 - - [06/Aug/2024:00:00:36 +0000] "GET / HTTP/1.1" 200 20856 "-" "check_http/v2.3.3 (monitoring-plugins 2.3.3)"
93.95.228.246 - - [06/Aug/2024:00:01:36 +0000] "GET / HTTP/1.1" 200 20855 "-" "check_http/v2.3.3 (monitoring-plugins 2.3.3)"
93.95.228.246 - - [06/Aug/2024:00:02:36 +0000] "GET / HTTP/1.1" 200 20855 "-" "check_http/v2.3.3 (monitoring-plugins 2.3.3)"
93.95.228.246 - - [06/Aug/2024:00:03:36 +0000] "GET / HTTP/1.1" 200 20855 "-" "check_http/v2.3.3 (monitoring-plugins 2.3.3)"
65.21.161.160 - - [06/Aug/2024:00:03:45 +0000] "GET /robots.txt HTTP/1.1" 200 3634 "-" "Mozilla/5.0 (compatible; AwarioBot/1.0; +https://awario.com/bots.html)"
65.21.161.160 - - [06/Aug/2024:00:03:45 +0000] "GET /robots.txt HTTP/1.1" 200 572 "-" "Mozilla/5.0 (compatible; AwarioBot/1.0; +https://awario.com/bots.html)"
65.21.161.160 - - [06/Aug/2024:00:03:45 +0000] "GET /singsurf/SingSurf.html HTTP/1.1" 200 4239 "-" "Mozilla/5.0 (compatible; AwarioBot/1.0; +https://awario.com/bots.html)"
65.21.161.160 - - [06/Aug/2024:00:03:54 +0000] "GET / HTTP/1.1" 200 6634 "-" "Mozilla/5.0 (compatible; AwarioBot/1.0; +https://awario.com/bots.html)"
93.95.228.246 - - [06/Aug/2024:00:04:36 +0000] "GET / HTTP/1.1" 200 20855 "-" "check_http/v2.3.3 (monitoring-plugins 2.3.3)"
156.59.198.135 - - [06/Aug/2024:00:05:26 +0000] "GET /parade/ADE/A3%20@@0.svg HTTP/2.0" 200 5757 "-" "Mozilla/5.0 (Linux; Android 5.0) AppleWebKit/537.36 (KHTML, like Gecko) Mobile Safari/537.36 (compatible; Bytespider; spider-feedback@bytedance.com)"
93.95.228.246 - - [06/Aug/2024:00:05:36 +0000] "GET / HTTP/1.1" 200 20856 "-" "check_http/v2.3.3 (monitoring-plugins 2.3.3)"
17.246.23.76 - - [06/Aug/2024:00:05:46 +0000] "GET /admin/logger.php?width=1920&height=1080 HTTP/1.1" 200 3597 "https://www.singsurf.org/wallpaper/wallpaper.php?FILENAME=DSCN1415cr.JPG" "Mozilla/5.0 (Macintosh; Intel Mac OS X 10_15_7) AppleWebKit/605.1.15 (KHTML, like Gecko) Version/17.4 Safari/605.1.15 (Applebot/0.1; +http://www.apple.com/go/applebot)"
93.95.228.246 - - [06/Aug/2024:00:06:36 +0000] "GET / HTTP/1.1" 200 20856 "-" "check_http/v2.3.3 (monitoring-plugins 2.3.3)"
93.95.228.246 - - [06/Aug/2024:00:07:36 +0000] "GET / HTTP/1.1" 200 20854 "-" "check_http/v2.3.3 (monitoring-plugins 2.3.3)"
212.192.24.218 - - [06/Aug/2024:00:08:03 +0000] "GET /sorites/ HTTP/1.0" 200 14420 "-" "Mozilla/5.0 (Windows NT 6.3; Win64; x64) AppleWebKit/537.36 (KHTML, like Gecko) Chrome/75.0.3770.100 Safari/537.36"
207.46.13.116 - - [06/Aug/2024:00:08:13 +0000] "GET /wallpaper/wallpaper.php?FILENAME=singlepuzzpiece+with+gold+edge.jpg HTTP/2.0" 200 8164 "-" "Mozilla/5.0 AppleWebKit/537.36 (KHTML, like Gecko; compatible; bingbot/2.0; +http://www.bing.com/bingbot.htm) Chrome/116.0.1938.76 Safari/537.36"
93.95.228.246 - - [06/Aug/2024:00:08:36 +0000] "GET / HTTP/1.1" 200 20854 "-" "check_http/v2.3.3 (monitoring-plugins 2.3.3)"
93.95.228.246 - - [06/Aug/2024:00:09:36 +0000] "GET / HTTP/1.1" 200 20855 "-" "check_http/v2.3.3 (monitoring-plugins 2.3.3)"
93.95.228.246 - - [06/Aug/2024:00:10:36 +0000] "GET / HTTP/1.1" 200 20855 "-" "check_http/v2.3.3 (monitoring-plugins 2.3.3)"
66.249.66.19 - - [06/Aug/2024:00:10:45 +0000] "GET /singsurf/menu/classic.html HTTP/1.1" 200 4659 "-" "Mozilla/5.0 (Linux; Android 6.0.1; Nexus 5X Build/MMB29P) AppleWebKit/537.36 (KHTML, like Gecko) Chrome/126.0.6478.182 Mobile Safari/537.36 (compatible; Googlebot/2.1; +http://www.google.com/bot.html)"
66.249.66.17 - - [06/Aug/2024:00:10:45 +0000] "GET /robots.txt HTTP/1.1" 200 3617 "-" "Mozilla/5.0 (compatible; Googlebot/2.1; +http://www.google.com/bot.html)"
93.95.228.246 - - [06/Aug/2024:00:11:36 +0000] "GET / HTTP/1.1" 200 20856 "-" "check_http/v2.3.3 (monitoring-plugins 2.3.3)"
64.39.223.154 - - [06/Aug/2024:00:12:24 +0000] "GET /things/fourbar.php HTTP/2.0" 200 7688 "https://www.google.com/" "Mozilla/5.0 (iPhone; CPU iPhone OS 17_5_1 like Mac OS X) AppleWebKit/605.1.15 (KHTML, like Gecko) Version/17.5 Mobile/15E148 Safari/604.1"
64.39.223.154 - - [06/Aug/2024:00:12:24 +0000] "GET /style.css HTTP/2.0" 200 326 "https://singsurf.org/things/fourbar.php" "Mozilla/5.0 (iPhone; CPU iPhone OS 17_5_1 like Mac OS X) AppleWebKit/605.1.15 (KHTML, like Gecko) Version/17.5 Mobile/15E148 Safari/604.1"
64.39.223.154 - - [06/Aug/2024:00:12:24 +0000] "GET /things/main.css HTTP/2.0" 200 1007 "https://singsurf.org/things/fourbar.php" "Mozilla/5.0 (iPhone; CPU iPhone OS 17_5_1 like Mac OS X) AppleWebKit/605.1.15 (KHTML, like Gecko) Version/17.5 Mobile/15E148 Safari/604.1"
64.39.223.154 - - [06/Aug/2024:00:12:24 +0000] "GET /things/processing.js HTTP/2.0" 200 79290 "https://singsurf.org/things/fourbar.php" "Mozilla/5.0 (iPhone; CPU iPhone OS 17_5_1 like Mac OS X) AppleWebKit/605.1.15 (KHTML, like Gecko) Version/17.5 Mobile/15E148 Safari/604.1"
64.39.223.154 - - [06/Aug/2024:00:12:24 +0000] "GET /djep/SSlogol.jpg HTTP/2.0" 200 5367 "https://singsurf.org/things/fourbar.php" "Mozilla/5.0 (iPhone; CPU iPhone OS 17_5_1 like Mac OS X) AppleWebKit/605.1.15 (KHTML, like Gecko) Version/17.5 Mobile/15E148 Safari/604.1"
64.39.223.154 - - [06/Aug/2024:00:12:25 +0000] "GET /admin/logger.php?width=390&height=663 HTTP/2.0" 200 228 "https://singsurf.org/things/fourbar.php" "Mozilla/5.0 (iPhone; CPU iPhone OS 17_5_1 like Mac OS X) AppleWebKit/605.1.15 (KHTML, like Gecko) Version/17.5 Mobile/15E148 Safari/604.1"
64.39.223.154 - - [06/Aug/2024:00:12:25 +0000] "GET /favicon.ico HTTP/2.0" 200 12835 "https://singsurf.org/things/fourbar.php" "Mozilla/5.0 (iPhone; CPU iPhone OS 17_5_1 like Mac OS X) AppleWebKit/605.1.15 (KHTML, like Gecko) Version/17.5 Mobile/15E148 Safari/604.1"
157.90.209.81 - - [06/Aug/2024:00:12:30 +0000] "GET /robots.txt HTTP/1.1" 200 3633 "-" "Mozilla/5.0 (compatible; BLEXBot/1.0; +http://webmeup-crawler.com/)"
157.90.209.81 - - [06/Aug/2024:00:12:30 +0000] "GET /robots.txt HTTP/1.1" 200 572 "-" "Mozilla/5.0 (compatible; BLEXBot/1.0; +http://webmeup-crawler.com/)"
157.90.209.81 - - [06/Aug/2024:00:12:30 +0000] "GET /moon/index.html HTTP/1.1" 200 9385 "-" "Mozilla/5.0 (compatible; BLEXBot/1.0; +http://webmeup-crawler.com/)"
93.95.228.246 - - [06/Aug/2024:00:12:36 +0000] "GET / HTTP/1.1" 200 20854 "-" "check_http/v2.3.3 (monitoring-plugins 2.3.3)"
93.95.228.246 - - [06/Aug/2024:00:13:36 +0000] "GET / HTTP/1.1" 200 20855 "-" "check_http/v2.3.3 (monitoring-plugins 2.3.3)"
93.95.228.246 - - [06/Aug/2024:00:14:36 +0000] "GET / HTTP/1.1" 200 20856 "-" "check_http/v2.3.3 (monitoring-plugins 2.3.3)"
66.249.66.19 - - [06/Aug/2024:00:15:20 +0000] "GET /robots.txt HTTP/1.1" 200 3618 "-" "Mozilla/5.0 (compatible; Googlebot/2.1; +http://www.google.com/bot.html)"
66.249.66.164 - - [06/Aug/2024:00:15:21 +0000] "GET /brain/rightbrain.php HTTP/1.1" 200 41829 "-" "Mozilla/5.0 (Linux; Android 6.0.1; Nexus 5X Build/MMB29P) AppleWebKit/537.36 (KHTML, like Gecko) Chrome/126.0.6478.182 Mobile Safari/537.36 (compatible; Googlebot/2.1; +http://www.google.com/bot.html)"
66.249.66.19 - - [06/Aug/2024:00:15:21 +0000] "GET /djep/GWTImplicitPlot.php HTTP/1.1" 200 4334 "-" "Mozilla/5.0 (Linux; Android 6.0.1; Nexus 5X Build/MMB29P) AppleWebKit/537.36 (KHTML, like Gecko) Chrome/126.0.6478.182 Mobile Safari/537.36 (compatible; Googlebot/2.1; +http://www.google.com/bot.html)"
93.95.228.246 - - [06/Aug/2024:00:15:36 +0000] "GET / HTTP/1.1" 200 20855 "-" "check_http/v2.3.3 (monitoring-plugins 2.3.3)"
185.191.171.18 - - [06/Aug/2024:00:16:28 +0000] "GET /robots.txt HTTP/1.1" 200 3244 "-" "Mozilla/5.0 (compatible; SemrushBot/7~bl; +http://www.semrush.com/bot.html)"
85.208.96.202 - - [06/Aug/2024:00:16:28 +0000] "GET /things/webworker/BeanWorker.html HTTP/1.1" 200 4360 "-" "Mozilla/5.0 (compatible; SemrushBot/7~bl; +http://www.semrush.com/bot.html)"
93.95.228.246 - - [06/Aug/2024:00:16:36 +0000] "GET / HTTP/1.1" 200 20855 "-" "check_http/v2.3.3 (monitoring-plugins 2.3.3)"
66.249.66.165 - - [06/Aug/2024:00:17:25 +0000] "GET /djep/GWTImplicitPlot.php HTTP/1.1" 200 7380 "-" "Mozilla/5.0 (Linux; Android 6.0.1; Nexus 5X Build/MMB29P) AppleWebKit/537.36 (KHTML, like Gecko) Chrome/126.0.6478.182 Mobile Safari/537.36 (compatible; Googlebot/2.1; +http://www.google.com/bot.html)"
66.249.66.19 - - [06/Aug/2024:00:17:26 +0000] "GET /robots.txt HTTP/1.1" 200 3617 "-" "Mozilla/5.0 (compatible; Googlebot/2.1; +http://www.google.com/bot.html)"
66.249.66.19 - - [06/Aug/2024:00:17:26 +0000] "GET /wallpaper/maintain.php?sort=hits&start=102000 HTTP/1.1" 200 4132 "-" "Mozilla/5.0 (Linux; Android 6.0.1; Nexus 5X Build/MMB29P) AppleWebKit/537.36 (KHTML, like Gecko) Chrome/126.0.6478.182 Mobile Safari/537.36 (compatible; GoogleOther)"
93.95.228.246 - - [06/Aug/2024:00:17:36 +0000] "GET / HTTP/1.1" 200 20855 "-" "check_http/v2.3.3 (monitoring-plugins 2.3.3)"
93.95.228.246 - - [06/Aug/2024:00:18:36 +0000] "GET / HTTP/1.1" 200 20854 "-" "check_http/v2.3.3 (monitoring-plugins 2.3.3)"
66.249.66.18 - - [06/Aug/2024:00:19:26 +0000] "GET /wallpaper/maintain.php?sort=date&start=-21500 HTTP/1.1" 200 4131 "-" "Mozilla/5.0 (Linux; Android 6.0.1; Nexus 5X Build/MMB29P) AppleWebKit/537.36 (KHTML, like Gecko) Chrome/126.0.6478.182 Mobile Safari/537.36 (compatible; Googlebot/2.1; +http://www.google.com/bot.html)"
93.95.228.246 - - [06/Aug/2024:00:19:36 +0000] "GET / HTTP/1.1" 200 20855 "-" "check_http/v2.3.3 (monitoring-plugins 2.3.3)"
93.95.228.246 - - [06/Aug/2024:00:20:36 +0000] "GET / HTTP/1.1" 200 20855 "-" "check_http/v2.3.3 (monitoring-plugins 2.3.3)"
139.59.46.183 - - [06/Aug/2024:00:20:58 +0000] "GET / HTTP/1.1" 200 7728 "-" "Mozilla/5.0 (Windows NT 10.0; Win64; x64) AppleWebKit/537.36 (KHTML, like Gecko) Chrome/126.0.0.0 Safari/537.36"
139.59.46.183 - - [06/Aug/2024:00:21:02 +0000] "GET /favicon.ico HTTP/1.1" 404 5620 "https://phoenixnewlifepoetry.uk/" "Mozilla/5.0 (Windows NT 10.0; Win64; x64) AppleWebKit/537.36 (KHTML, like Gecko) Chrome/126.0.0.0 Safari/537.36"
93.95.228.246 - - [06/Aug/2024:00:21:36 +0000] "GET / HTTP/1.1" 200 20855 "-" "check_http/v2.3.3 (monitoring-plugins 2.3.3)"
207.46.13.116 - - [06/Aug/2024:00:22:27 +0000] "GET /singsurf/menu/multinode.html HTTP/2.0" 200 1218 "-" "Mozilla/5.0 AppleWebKit/537.36 (KHTML, like Gecko; compatible; bingbot/2.0; +http://www.bing.com/bingbot.htm) Chrome/116.0.1938.76 Safari/537.36"
93.95.228.246 - - [06/Aug/2024:00:22:36 +0000] "GET / HTTP/1.1" 200 20854 "-" "check_http/v2.3.3 (monitoring-plugins 2.3.3)"
93.95.228.246 - - [06/Aug/2024:00:23:36 +0000] "GET / HTTP/1.1" 200 20856 "-" "check_http/v2.3.3 (monitoring-plugins 2.3.3)"
93.95.228.246 - - [06/Aug/2024:00:24:36 +0000] "GET / HTTP/1.1" 200 20856 "-" "check_http/v2.3.3 (monitoring-plugins 2.3.3)"
93.95.228.246 - - [06/Aug/2024:00:25:36 +0000] "GET / HTTP/1.1" 200 20855 "-" "check_http/v2.3.3 (monitoring-plugins 2.3.3)"
93.95.228.246 - - [06/Aug/2024:00:26:36 +0000] "GET / HTTP/1.1" 200 20855 "-" "check_http/v2.3.3 (monitoring-plugins 2.3.3)"
93.95.228.246 - - [06/Aug/2024:00:27:36 +0000] "GET / HTTP/1.1" 200 20855 "-" "check_http/v2.3.3 (monitoring-plugins 2.3.3)"
93.95.228.246 - - [06/Aug/2024:00:28:36 +0000] "GET / HTTP/1.1" 200 20855 "-" "check_http/v2.3.3 (monitoring-plugins 2.3.3)"
93.95.228.246 - - [06/Aug/2024:00:29:36 +0000] "GET / HTTP/1.1" 200 20856 "-" "check_http/v2.3.3 (monitoring-plugins 2.3.3)"
93.95.228.246 - - [06/Aug/2024:00:30:36 +0000] "GET / HTTP/1.1" 200 20854 "-" "check_http/v2.3.3 (monitoring-plugins 2.3.3)"
93.95.228.246 - - [06/Aug/2024:00:31:36 +0000] "GET / HTTP/1.1" 200 20855 "-" "check_http/v2.3.3 (monitoring-plugins 2.3.3)"
112.86.225.234 - - [06/Aug/2024:00:31:46 +0000] "GET / HTTP/1.1" 200 20695 "-" "Sogou web spider/4.0(+http://www.sogou.com/docs/help/webmasters.htm#07)"
93.95.228.246 - - [06/Aug/2024:00:32:36 +0000] "GET / HTTP/1.1" 200 20855 "-" "check_http/v2.3.3 (monitoring-plugins 2.3.3)"
93.95.228.246 - - [06/Aug/2024:00:33:36 +0000] "GET / HTTP/1.1" 200 20854 "-" "check_http/v2.3.3 (monitoring-plugins 2.3.3)"
85.208.96.212 - - [06/Aug/2024:00:34:25 +0000] "GET /robots.txt HTTP/1.1" 200 3245 "-" "Mozilla/5.0 (compatible; SemrushBot/7~bl; +http://www.semrush.com/bot.html)"
85.208.96.196 - - [06/Aug/2024:00:34:26 +0000] "GET /things/TemplateData.php?SiteName=galge.wiki HTTP/1.1" 200 4485 "-" "Mozilla/5.0 (compatible; SemrushBot/7~bl; +http://www.semrush.com/bot.html)"
93.95.228.246 - - [06/Aug/2024:00:34:36 +0000] "GET / HTTP/1.1" 200 20855 "-" "check_http/v2.3.3 (monitoring-plugins 2.3.3)"
54.36.148.251 - - [06/Aug/2024:00:35:33 +0000] "GET /robots.txt HTTP/2.0" 200 295 "-" "Mozilla/5.0 (compatible; AhrefsBot/7.0; +http://ahrefs.com/robot/)"
54.36.148.7 - - [06/Aug/2024:00:35:34 +0000] "GET /papers/ HTTP/2.0" 200 1214 "-" "Mozilla/5.0 (compatible; AhrefsBot/7.0; +http://ahrefs.com/robot/)"
93.95.228.246 - - [06/Aug/2024:00:35:36 +0000] "GET / HTTP/1.1" 200 20854 "-" "check_http/v2.3.3 (monitoring-plugins 2.3.3)"
66.249.66.18 - - [06/Aug/2024:00:35:40 +0000] "GET /wallpaper/maintain.php?sort=size&start=-128100 HTTP/1.1" 200 4134 "-" "Mozilla/5.0 (Linux; Android 6.0.1; Nexus 5X Build/MMB29P) AppleWebKit/537.36 (KHTML, like Gecko) Chrome/126.0.6478.182 Mobile Safari/537.36 (compatible; Googlebot/2.1; +http://www.google.com/bot.html)"
66.249.66.163 - - [06/Aug/2024:00:36:00 +0000] "GET /wallpaper/gwt_wallpaper/gwt_wallpaper.nocache.js HTTP/1.1" 200 6886 "https://singsurf.org/wallpaper/wallpaper.php" "Mozilla/5.0 (Linux; Android 6.0.1; Nexus 5X Build/MMB29P) AppleWebKit/537.36 (KHTML, like Gecko) Chrome/126.0.6478.182 Mobile Safari/537.36 (compatible; Googlebot/2.1; +http://www.google.com/bot.html)"
66.249.66.163 - - [06/Aug/2024:00:36:01 +0000] "GET /wallpaper/gwt_wallpaper/9645599BCD81A4A8DDC227DF124FDB06.cache.js HTTP/1.1" 200 45794 "https://singsurf.org/wallpaper/wallpaper.php" "Mozilla/5.0 (Linux; Android 6.0.1; Nexus 5X Build/MMB29P) AppleWebKit/537.36 (KHTML, like Gecko) Chrome/126.0.6478.182 Mobile Safari/537.36 (compatible; Googlebot/2.1; +http://www.google.com/bot.html)"
93.95.228.246 - - [06/Aug/2024:00:36:36 +0000] "GET / HTTP/1.1" 200 20855 "-" "check_http/v2.3.3 (monitoring-plugins 2.3.3)"
66.249.66.18 - - [06/Aug/2024:00:37:08 +0000] "GET /wallpaper/maintain.php?sort=size&start=-130100 HTTP/1.1" 200 4134 "-" "Mozilla/5.0 (Linux; Android 6.0.1; Nexus 5X Build/MMB29P) AppleWebKit/537.36 (KHTML, like Gecko) Chrome/126.0.6478.182 Mobile Safari/537.36 (compatible; GoogleOther)"
93.95.228.246 - - [06/Aug/2024:00:37:36 +0000] "GET / HTTP/1.1" 200 20856 "-" "check_http/v2.3.3 (monitoring-plugins 2.3.3)"
93.95.228.246 - - [06/Aug/2024:00:38:36 +0000] "GET / HTTP/1.1" 200 20856 "-" "check_http/v2.3.3 (monitoring-plugins 2.3.3)"
93.95.228.246 - - [06/Aug/2024:00:39:36 +0000] "GET / HTTP/1.1" 200 20854 "-" "check_http/v2.3.3 (monitoring-plugins 2.3.3)"
52.230.152.197 - - [06/Aug/2024:00:40:19 +0000] "GET /robots.txt HTTP/1.1" 200 3237 "http://www.singsurf.org/robots.txt" "Mozilla/5.0 AppleWebKit/537.36 (KHTML, like Gecko; compatible; GPTBot/1.2; +https://openai.com/gptbot)"
93.95.228.246 - - [06/Aug/2024:00:40:36 +0000] "GET / HTTP/1.1" 200 20855 "-" "check_http/v2.3.3 (monitoring-plugins 2.3.3)"
66.249.66.163 - - [06/Aug/2024:00:41:14 +0000] "GET /ads.txt HTTP/1.1" 404 5688 "-" "Mozilla/5.0 (compatible; Googlebot/2.1; +http://www.google.com/bot.html)"
93.95.228.246 - - [06/Aug/2024:00:41:36 +0000] "GET / HTTP/1.1" 200 20855 "-" "check_http/v2.3.3 (monitoring-plugins 2.3.3)"
52.230.152.132 - - [06/Aug/2024:00:42:30 +0000] "GET /robots.txt HTTP/1.1" 200 3237 "http://singsurf.org/robots.txt" "Mozilla/5.0 AppleWebKit/537.36 (KHTML, like Gecko; compatible; GPTBot/1.2; +https://openai.com/gptbot)"
93.95.228.246 - - [06/Aug/2024:00:42:36 +0000] "GET / HTTP/1.1" 200 20855 "-" "check_http/v2.3.3 (monitoring-plugins 2.3.3)"
93.95.228.246 - - [06/Aug/2024:00:43:36 +0000] "GET / HTTP/1.1" 200 20855 "-" "check_http/v2.3.3 (monitoring-plugins 2.3.3)"
93.95.228.246 - - [06/Aug/2024:00:44:36 +0000] "GET / HTTP/1.1" 200 20854 "-" "check_http/v2.3.3 (monitoring-plugins 2.3.3)"
93.95.228.246 - - [06/Aug/2024:00:45:36 +0000] "GET / HTTP/1.1" 200 20856 "-" "check_http/v2.3.3 (monitoring-plugins 2.3.3)"
93.95.228.246 - - [06/Aug/2024:00:46:36 +0000] "GET / HTTP/1.1" 200 20854 "-" "check_http/v2.3.3 (monitoring-plugins 2.3.3)"
207.46.13.14 - - [06/Aug/2024:00:47:26 +0000] "GET /wallpaper/wallpaper.php?FILENAME=cute-blooming-flowers-and-leaf-in-vintage-color-seamless-pattern-free-vector.jpg HTTP/2.0" 200 8171 "-" "Mozilla/5.0 AppleWebKit/537.36 (KHTML, like Gecko; compatible; bingbot/2.0; +http://www.bing.com/bingbot.htm) Chrome/116.0.1938.76 Safari/537.36"
18.234.191.94 - - [06/Aug/2024:00:47:30 +0000] "GET / HTTP/1.1" 200 20862 "-" "Mozilla/5.0 \\(Windows NT 10.0\\; Win64\\; x64\\) AppleWebKit/537.36 \\(KHTML, like Gecko\\) Chrome/100.0.4896.60 Safari/537.36"
17.241.227.14 - - [06/Aug/2024:00:47:34 +0000] "GET /wallpaper/wallpaper.php?FILENAME=c99.jpg HTTP/1.1" 200 11599 "-" "Mozilla/5.0 (Macintosh; Intel Mac OS X 10_15_7) AppleWebKit/605.1.15 (KHTML, like Gecko) Version/17.4 Safari/605.1.15 (Applebot/0.1; +http://www.apple.com/go/applebot)"
93.95.228.246 - - [06/Aug/2024:00:47:36 +0000] "GET / HTTP/1.1" 200 20856 "-" "check_http/v2.3.3 (monitoring-plugins 2.3.3)"
93.95.228.246 - - [06/Aug/2024:00:48:36 +0000] "GET / HTTP/1.1" 200 20855 "-" "check_http/v2.3.3 (monitoring-plugins 2.3.3)"
93.95.228.246 - - [06/Aug/2024:00:49:36 +0000] "GET / HTTP/1.1" 200 20854 "-" "check_http/v2.3.3 (monitoring-plugins 2.3.3)"
93.95.228.246 - - [06/Aug/2024:00:50:36 +0000] "GET / HTTP/1.1" 200 20855 "-" "check_http/v2.3.3 (monitoring-plugins 2.3.3)"
185.191.171.6 - - [06/Aug/2024:00:51:13 +0000] "GET /things/TemplateData.php?PageName=Sjabloon%3A&SiteName=nl.wikipedia-z.gq HTTP/1.1" 200 4636 "-" "Mozilla/5.0 (compatible; SemrushBot/7~bl; +http://www.semrush.com/bot.html)"
93.95.228.246 - - [06/Aug/2024:00:51:36 +0000] "GET / HTTP/1.1" 200 20856 "-" "check_http/v2.3.3 (monitoring-plugins 2.3.3)"
93.95.228.246 - - [06/Aug/2024:00:52:36 +0000] "GET / HTTP/1.1" 200 20856 "-" "check_http/v2.3.3 (monitoring-plugins 2.3.3)"
93.95.228.246 - - [06/Aug/2024:00:53:36 +0000] "GET / HTTP/1.1" 200 20855 "-" "check_http/v2.3.3 (monitoring-plugins 2.3.3)"
93.95.228.246 - - [06/Aug/2024:00:54:36 +0000] "GET / HTTP/1.1" 200 20854 "-" "check_http/v2.3.3 (monitoring-plugins 2.3.3)"
93.95.228.246 - - [06/Aug/2024:00:55:36 +0000] "GET / HTTP/1.1" 200 20854 "-" "check_http/v2.3.3 (monitoring-plugins 2.3.3)"
17.241.75.155 - - [06/Aug/2024:00:56:16 +0000] "GET /wallpaper/wallpaper.php?FILENAME=56857.gif HTTP/1.1" 200 11551 "-" "Mozilla/5.0 (Macintosh; Intel Mac OS X 10_15_7) AppleWebKit/605.1.15 (KHTML, like Gecko) Version/17.4 Safari/605.1.15 (Applebot/0.1; +http://www.apple.com/go/applebot)"
93.95.228.246 - - [06/Aug/2024:00:56:36 +0000] "GET / HTTP/1.1" 200 20855 "-" "check_http/v2.3.3 (monitoring-plugins 2.3.3)"
93.95.228.246 - - [06/Aug/2024:00:57:36 +0000] "GET / HTTP/1.1" 200 20855 "-" "check_http/v2.3.3 (monitoring-plugins 2.3.3)"
93.95.228.246 - - [06/Aug/2024:00:58:36 +0000] "GET / HTTP/1.1" 200 20856 "-" "check_http/v2.3.3 (monitoring-plugins 2.3.3)"
157.55.39.51 - - [06/Aug/2024:00:59:12 +0000] "GET / HTTP/2.0" 200 6051 "-" "Mozilla/5.0 AppleWebKit/537.36 (KHTML, like Gecko; compatible; bingbot/2.0; +http://www.bing.com/bingbot.htm) Chrome/116.0.1938.76 Safari/537.36"
157.55.39.53 - - [06/Aug/2024:00:59:26 +0000] "GET /djep/gwtssurf/gwtssurf.nocache.js HTTP/2.0" 200 3304 "-" "Mozilla/5.0 AppleWebKit/537.36 (KHTML, like Gecko; compatible; bingbot/2.0; +http://www.bing.com/bingbot.htm) Chrome/116.0.1938.76 Safari/537.36"
158.220.123.227 - - [06/Aug/2024:00:59:28 +0000] "GET /robots.txt HTTP/1.1" 200 3012 "-" "Mozilla/5.0 (compatible; MJ12bot/v1.4.8; http://mj12bot.com/)"
158.220.123.227 - - [06/Aug/2024:00:59:30 +0000] "GET /wallpaper/wallpaper.php?FILENAME=74k.jpg HTTP/1.1" 200 8566 "-" "Mozilla/5.0 (compatible; MJ12bot/v1.4.8; http://mj12bot.com/)"
52.167.144.225 - - [06/Aug/2024:00:59:31 +0000] "GET /responsive.css HTTP/2.0" 200 673 "-" "Mozilla/5.0 AppleWebKit/537.36 (KHTML, like Gecko; compatible; bingbot/2.0; +http://www.bing.com/bingbot.htm) Chrome/116.0.1938.76 Safari/537.36"
158.220.123.227 - - [06/Aug/2024:00:59:34 +0000] "GET /wallpaper/wallpaper.php?FILENAME=ff.png HTTP/1.1" 200 8558 "-" "Mozilla/5.0 (compatible; MJ12bot/v1.4.8; http://mj12bot.com/)"
93.95.228.246 - - [06/Aug/2024:00:59:36 +0000] "GET / HTTP/1.1" 200 20854 "-" "check_http/v2.3.3 (monitoring-plugins 2.3.3)"
158.220.123.227 - - [06/Aug/2024:00:59:38 +0000] "GET /wallpaper/wallpaper.php?FILENAME=ghana%20flag.png HTTP/1.1" 200 8661 "-" "Mozilla/5.0 (compatible; MJ12bot/v1.4.8; http://mj12bot.com/)"
158.220.123.227 - - [06/Aug/2024:00:59:42 +0000] "GET /wallpaper/wallpaper.php?FILENAME=the_esse_ava.jpg HTTP/1.1" 200 8624 "-" "Mozilla/5.0 (compatible; MJ12bot/v1.4.8; http://mj12bot.com/)"
93.95.228.246 - - [06/Aug/2024:01:00:36 +0000] "GET / HTTP/1.1" 200 20855 "-" "check_http/v2.3.3 (monitoring-plugins 2.3.3)"
93.95.228.246 - - [06/Aug/2024:01:01:36 +0000] "GET / HTTP/1.1" 200 20855 "-" "check_http/v2.3.3 (monitoring-plugins 2.3.3)"
66.249.66.17 - - [06/Aug/2024:01:02:36 +0000] "GET /wallpaper/maintain.php?sort=size&start=-110100 HTTP/1.1" 200 4133 "-" "Mozilla/5.0 (Linux; Android 6.0.1; Nexus 5X Build/MMB29P) AppleWebKit/537.36 (KHTML, like Gecko) Chrome/126.0.6478.182 Mobile Safari/537.36 (compatible; GoogleOther)"
93.95.228.246 - - [06/Aug/2024:01:02:36 +0000] "GET / HTTP/1.1" 200 20855 "-" "check_http/v2.3.3 (monitoring-plugins 2.3.3)"
93.95.228.246 - - [06/Aug/2024:01:03:36 +0000] "GET / HTTP/1.1" 200 20855 "-" "check_http/v2.3.3 (monitoring-plugins 2.3.3)"
93.95.228.246 - - [06/Aug/2024:01:04:36 +0000] "GET / HTTP/1.1" 200 20855 "-" "check_http/v2.3.3 (monitoring-plugins 2.3.3)"
93.95.228.246 - - [06/Aug/2024:01:05:36 +0000] "GET / HTTP/1.1" 200 20855 "-" "check_http/v2.3.3 (monitoring-plugins 2.3.3)"
195.191.219.132 - - [06/Aug/2024:01:06:14 +0000] "GET /robots.txt HTTP/1.1" 200 3013 "-" "Mozilla/5.0 (compatible; MJ12bot/v1.4.8; http://mj12bot.com/)"
195.191.219.132 - - [06/Aug/2024:01:06:19 +0000] "GET / HTTP/1.1" 200 8717 "-" "Mozilla/5.0 (compatible; MJ12bot/v1.4.8; http://mj12bot.com/)"
195.191.219.132 - - [06/Aug/2024:01:06:23 +0000] "GET / HTTP/1.1" 200 8716 "-" "Mozilla/5.0 (compatible; MJ12bot/v1.4.8; http://mj12bot.com/)"
93.95.228.246 - - [06/Aug/2024:01:06:36 +0000] "GET / HTTP/1.1" 200 20855 "-" "check_http/v2.3.3 (monitoring-plugins 2.3.3)"
93.95.228.246 - - [06/Aug/2024:01:07:36 +0000] "GET / HTTP/1.1" 200 20854 "-" "check_http/v2.3.3 (monitoring-plugins 2.3.3)"
156.59.198.136 - - [06/Aug/2024:01:07:56 +0000] "GET /parade/ADE/A3%200@0.svg HTTP/2.0" 200 5754 "-" "Mozilla/5.0 (Linux; Android 5.0) AppleWebKit/537.36 (KHTML, like Gecko) Mobile Safari/537.36 (compatible; Bytespider; spider-feedback@bytedance.com)"
85.208.96.207 - - [06/Aug/2024:01:08:06 +0000] "GET /things/TemplateData.php?SiteName=wiki.zjyz1.workers.dev HTTP/1.1" 200 4496 "-" "Mozilla/5.0 (compatible; SemrushBot/7~bl; +http://www.semrush.com/bot.html)"
93.95.228.246 - - [06/Aug/2024:01:08:36 +0000] "GET / HTTP/1.1" 200 20855 "-" "check_http/v2.3.3 (monitoring-plugins 2.3.3)"
17.22.237.71 - - [06/Aug/2024:01:09:03 +0000] "GET /things/main.css HTTP/1.1" 200 4463 "https://www.singsurf.org/wallpaper/wallpaper.php?FILENAME=c99.jpg" "Mozilla/5.0 (Macintosh; Intel Mac OS X 10_15_7) AppleWebKit/605.1.15 (KHTML, like Gecko) Version/17.4 Safari/605.1.15 (Applebot/0.1; +http://www.apple.com/go/applebot)"
17.22.245.196 - - [06/Aug/2024:01:09:04 +0000] "GET /admin/logger.php?width=1920&height=1080 HTTP/1.1" 200 3595 "https://www.singsurf.org/wallpaper/wallpaper.php?FILENAME=c99.jpg" "Mozilla/5.0 (Macintosh; Intel Mac OS X 10_15_7) AppleWebKit/605.1.15 (KHTML, like Gecko) Version/17.4 Safari/605.1.15 (Applebot/0.1; +http://www.apple.com/go/applebot)"
93.95.228.246 - - [06/Aug/2024:01:09:36 +0000] "GET / HTTP/1.1" 200 20855 "-" "check_http/v2.3.3 (monitoring-plugins 2.3.3)"
156.59.198.135 - - [06/Aug/2024:01:10:34 +0000] "GET /parade/ADE/D4%20A1A1A1.svg HTTP/2.0" 200 6651 "-" "Mozilla/5.0 (Linux; Android 5.0) AppleWebKit/537.36 (KHTML, like Gecko) Mobile Safari/537.36 (compatible; Bytespider; spider-feedback@bytedance.com)"
93.95.228.246 - - [06/Aug/2024:01:10:36 +0000] "GET / HTTP/1.1" 200 20856 "-" "check_http/v2.3.3 (monitoring-plugins 2.3.3)"
131.153.143.50 - - [06/Aug/2024:01:10:42 +0000] "GET / HTTP/1.1" 200 9041 "-" "Mozilla/5.0 (Windows NT 10.0; Win64; x64) AppleWebKit/537.36 (KHTML, like Gecko) Chrome/106.0.0.0 Safari/537.36"
66.249.66.164 - - [06/Aug/2024:01:11:13 +0000] "GET /robots.txt HTTP/1.1" 200 3617 "-" "Mozilla/5.0 (compatible; Googlebot/2.1; +http://www.google.com/bot.html)"
93.95.228.246 - - [06/Aug/2024:01:11:36 +0000] "GET / HTTP/1.1" 200 20856 "-" "check_http/v2.3.3 (monitoring-plugins 2.3.3)"
93.95.228.246 - - [06/Aug/2024:01:12:36 +0000] "GET / HTTP/1.1" 200 20855 "-" "check_http/v2.3.3 (monitoring-plugins 2.3.3)"
93.95.228.246 - - [06/Aug/2024:01:13:36 +0000] "GET / HTTP/1.1" 200 20855 "-" "check_http/v2.3.3 (monitoring-plugins 2.3.3)"
93.95.228.246 - - [06/Aug/2024:01:14:36 +0000] "GET / HTTP/1.1" 200 20855 "-" "check_http/v2.3.3 (monitoring-plugins 2.3.3)"
77.75.76.161 - - [06/Aug/2024:01:14:44 +0000] "GET /singsurf/ HTTP/1.1" 200 7421 "-" "Mozilla/5.0 (compatible; SeznamBot/4.0; +http://napoveda.seznam.cz/seznambot-intro/)"
93.95.228.246 - - [06/Aug/2024:01:15:36 +0000] "GET / HTTP/1.1" 200 20856 "-" "check_http/v2.3.3 (monitoring-plugins 2.3.3)"
40.77.188.38 - - [06/Aug/2024:01:15:57 +0000] "GET / HTTP/2.0" 200 17809 "-" "Mozilla/5.0 AppleWebKit/537.36 (KHTML, like Gecko; compatible; bingbot/2.0; +http://www.bing.com/bingbot.htm) Chrome/100.0.4896.127 Safari/537.36"
40.77.189.210 - - [06/Aug/2024:01:16:01 +0000] "GET /responsive.css HTTP/2.0" 200 1205 "-" "Mozilla/5.0 AppleWebKit/537.36 (KHTML, like Gecko; compatible; bingbot/2.0; +http://www.bing.com/bingbot.htm) Chrome/100.0.4896.127 Safari/537.36"
40.77.189.210 - - [06/Aug/2024:01:16:05 +0000] "GET /djep/gwtssurf/gwt/chrome/chrome.css HTTP/2.0" 200 22627 "-" "Mozilla/5.0 AppleWebKit/537.36 (KHTML, like Gecko; compatible; bingbot/2.0; +http://www.bing.com/bingbot.htm) Chrome/100.0.4896.127 Safari/537.36"
40.77.190.164 - - [06/Aug/2024:01:16:05 +0000] "GET /djep/gwtssurf/807BABF77DAD389A41D235D1EB3E94C6.cache.js HTTP/2.0" 200 820071 "-" "Mozilla/5.0 AppleWebKit/537.36 (KHTML, like Gecko; compatible; bingbot/2.0; +http://www.bing.com/bingbot.htm) Chrome/100.0.4896.127 Safari/537.36"
93.95.228.246 - - [06/Aug/2024:01:16:36 +0000] "GET / HTTP/1.1" 200 20856 "-" "check_http/v2.3.3 (monitoring-plugins 2.3.3)"
93.95.228.246 - - [06/Aug/2024:01:17:36 +0000] "GET / HTTP/1.1" 200 20855 "-" "check_http/v2.3.3 (monitoring-plugins 2.3.3)"
93.95.228.246 - - [06/Aug/2024:01:18:36 +0000] "GET / HTTP/1.1" 200 20855 "-" "check_http/v2.3.3 (monitoring-plugins 2.3.3)"
93.95.228.246 - - [06/Aug/2024:01:19:36 +0000] "GET / HTTP/1.1" 200 20856 "-" "check_http/v2.3.3 (monitoring-plugins 2.3.3)"
93.95.228.246 - - [06/Aug/2024:01:20:36 +0000] "GET / HTTP/1.1" 200 20855 "-" "check_http/v2.3.3 (monitoring-plugins 2.3.3)"
93.95.228.246 - - [06/Aug/2024:01:21:36 +0000] "GET / HTTP/1.1" 200 20855 "-" "check_http/v2.3.3 (monitoring-plugins 2.3.3)"
207.46.13.54 - - [06/Aug/2024:01:21:42 +0000] "GET /wallpaper/wallpaper.php?FILENAME=00a.jpg HTTP/2.0" 200 8248 "-" "Mozilla/5.0 AppleWebKit/537.36 (KHTML, like Gecko; compatible; bingbot/2.0; +http://www.bing.com/bingbot.htm) Chrome/116.0.1938.76 Safari/537.36"
93.95.228.246 - - [06/Aug/2024:01:22:36 +0000] "GET / HTTP/1.1" 200 20855 "-" "check_http/v2.3.3 (monitoring-plugins 2.3.3)"
54.36.149.8 - - [06/Aug/2024:01:23:35 +0000] "GET /moon/index.html HTTP/2.0" 200 6047 "-" "Mozilla/5.0 (compatible; AhrefsBot/7.0; +http://ahrefs.com/robot/)"
93.95.228.246 - - [06/Aug/2024:01:23:36 +0000] "GET / HTTP/1.1" 200 20854 "-" "check_http/v2.3.3 (monitoring-plugins 2.3.3)"
189.130.96.123 - - [06/Aug/2024:01:24:29 +0000] "GET /djep/ HTTP/2.0" 200 2915 "https://www.google.com/" "Mozilla/5.0 (Windows NT 10.0; Win64; x64) AppleWebKit/537.36 (KHTML, like Gecko) Chrome/127.0.0.0 Safari/537.36"
189.130.96.123 - - [06/Aug/2024:01:24:29 +0000] "GET /djep/spacer.gif HTTP/2.0" 200 164 "https://www.singsurf.org/djep/" "Mozilla/5.0 (Windows NT 10.0; Win64; x64) AppleWebKit/537.36 (KHTML, like Gecko) Chrome/127.0.0.0 Safari/537.36"
189.130.96.123 - - [06/Aug/2024:01:24:29 +0000] "GET /djep/main.css HTTP/2.0" 200 1841 "https://www.singsurf.org/djep/" "Mozilla/5.0 (Windows NT 10.0; Win64; x64) AppleWebKit/537.36 (KHTML, like Gecko) Chrome/127.0.0.0 Safari/537.36"
189.130.96.123 - - [06/Aug/2024:01:24:29 +0000] "GET /djep/top.gif HTTP/2.0" 200 954 "https://www.singsurf.org/djep/" "Mozilla/5.0 (Windows NT 10.0; Win64; x64) AppleWebKit/537.36 (KHTML, like Gecko) Chrome/127.0.0.0 Safari/537.36"
189.130.96.123 - - [06/Aug/2024:01:24:29 +0000] "GET /favicon.ico HTTP/2.0" 200 12812 "https://www.singsurf.org/djep/" "Mozilla/5.0 (Windows NT 10.0; Win64; x64) AppleWebKit/537.36 (KHTML, like Gecko) Chrome/127.0.0.0 Safari/537.36"
93.95.228.246 - - [06/Aug/2024:01:24:36 +0000] "GET / HTTP/1.1" 200 20855 "-" "check_http/v2.3.3 (monitoring-plugins 2.3.3)"
93.95.228.246 - - [06/Aug/2024:01:25:36 +0000] "GET / HTTP/1.1" 200 20854 "-" "check_http/v2.3.3 (monitoring-plugins 2.3.3)"
93.95.228.246 - - [06/Aug/2024:01:26:36 +0000] "GET / HTTP/1.1" 200 20855 "-" "check_http/v2.3.3 (monitoring-plugins 2.3.3)"
93.95.228.246 - - [06/Aug/2024:01:27:36 +0000] "GET / HTTP/1.1" 200 20855 "-" "check_http/v2.3.3 (monitoring-plugins 2.3.3)"
66.249.66.17 - - [06/Aug/2024:01:28:03 +0000] "GET /robots.txt HTTP/1.1" 200 3617 "-" "Mozilla/5.0 (compatible; Googlebot/2.1; +http://www.google.com/bot.html)"
66.249.66.18 - - [06/Aug/2024:01:28:03 +0000] "GET /wallpaper/maintain.php?sort=file&start=-138000 HTTP/1.1" 200 4133 "-" "Mozilla/5.0 (Linux; Android 6.0.1; Nexus 5X Build/MMB29P) AppleWebKit/537.36 (KHTML, like Gecko) Chrome/126.0.6478.182 Mobile Safari/537.36 (compatible; GoogleOther)"
93.95.228.246 - - [06/Aug/2024:01:28:36 +0000] "GET / HTTP/1.1" 200 20854 "-" "check_http/v2.3.3 (monitoring-plugins 2.3.3)"
93.95.228.246 - - [06/Aug/2024:01:29:36 +0000] "GET / HTTP/1.1" 200 20854 "-" "check_http/v2.3.3 (monitoring-plugins 2.3.3)"
93.95.228.246 - - [06/Aug/2024:01:30:36 +0000] "GET / HTTP/1.1" 200 20855 "-" "check_http/v2.3.3 (monitoring-plugins 2.3.3)"
93.95.228.246 - - [06/Aug/2024:01:31:36 +0000] "GET / HTTP/1.1" 200 20855 "-" "check_http/v2.3.3 (monitoring-plugins 2.3.3)"
93.95.228.246 - - [06/Aug/2024:01:32:36 +0000] "GET / HTTP/1.1" 200 20854 "-" "check_http/v2.3.3 (monitoring-plugins 2.3.3)"
93.95.228.246 - - [06/Aug/2024:01:33:36 +0000] "GET / HTTP/1.1" 200 20855 "-" "check_http/v2.3.3 (monitoring-plugins 2.3.3)"
5.102.173.71 - - [06/Aug/2024:01:34:16 +0000] "GET /robots.txt HTTP/1.1" 200 3415 "-" "Mozilla/5.0 (compatible; MojeekBot/0.11; +https://www.mojeek.com/bot.html)"
5.102.173.71 - - [06/Aug/2024:01:34:16 +0000] "GET /parade/def.php HTTP/1.1" 404 2610 "-" "Mozilla/5.0 (compatible; MojeekBot/0.11; +https://www.mojeek.com/bot.html)"
93.95.228.246 - - [06/Aug/2024:01:34:36 +0000] "GET / HTTP/1.1" 200 20854 "-" "check_http/v2.3.3 (monitoring-plugins 2.3.3)"
93.95.228.246 - - [06/Aug/2024:01:35:36 +0000] "GET / HTTP/1.1" 200 20854 "-" "check_http/v2.3.3 (monitoring-plugins 2.3.3)"
93.95.228.246 - - [06/Aug/2024:01:36:36 +0000] "GET / HTTP/1.1" 200 20855 "-" "check_http/v2.3.3 (monitoring-plugins 2.3.3)"
93.95.228.246 - - [06/Aug/2024:01:37:36 +0000] "GET / HTTP/1.1" 200 20855 "-" "check_http/v2.3.3 (monitoring-plugins 2.3.3)"
122.9.168.106 - - [06/Aug/2024:01:37:36 +0000] "GET /stepney/residents200.png HTTP/1.1" 200 77392 "-" "python-requests/2.32.3"
45.76.234.234 - - [06/Aug/2024:01:37:38 +0000] "GET /papers/dagstal/triple.gif HTTP/1.1" 200 12890 "-" "Mozilla/5.0 (X11; Ubuntu; Linux x86_64; rv:72.0) Gecko/20100101 Firefox/72.0"
17.241.75.4 - - [06/Aug/2024:01:38:21 +0000] "GET /wallpaper/wallpaper.php?FILENAME=fleur+640x480.jpg HTTP/1.1" 200 11445 "-" "Mozilla/5.0 (Macintosh; Intel Mac OS X 10_15_7) AppleWebKit/605.1.15 (KHTML, like Gecko) Version/17.4 Safari/605.1.15 (Applebot/0.1; +http://www.apple.com/go/applebot)"
93.95.228.246 - - [06/Aug/2024:01:38:36 +0000] "GET / HTTP/1.1" 200 20854 "-" "check_http/v2.3.3 (monitoring-plugins 2.3.3)"
93.95.228.246 - - [06/Aug/2024:01:39:36 +0000] "GET / HTTP/1.1" 200 20854 "-" "check_http/v2.3.3 (monitoring-plugins 2.3.3)"
17.241.75.230 - - [06/Aug/2024:01:40:25 +0000] "GET /parade/coxeter.php HTTP/1.1" 200 9404 "-" "Mozilla/5.0 (Macintosh; Intel Mac OS X 10_15_7) AppleWebKit/605.1.15 (KHTML, like Gecko) Version/17.4 Safari/605.1.15 (Applebot/0.1; +http://www.apple.com/go/applebot)"
93.95.228.246 - - [06/Aug/2024:01:40:36 +0000] "GET / HTTP/1.1" 200 20856 "-" "check_http/v2.3.3 (monitoring-plugins 2.3.3)"
117.50.215.189 - - [06/Aug/2024:01:41:04 +0000] "GET /wallpaper/maths.php HTTP/1.1" 200 8525 "-" "Mozilla/5.0 (compatible; ChatGLM-Spider/1.0; +https://chatglm.cn/)"
120.245.61.238 - - [06/Aug/2024:01:41:32 +0000] "GET /index.php HTTP/1.1" 200 8956 "-" "Mozilla/5.0 (Linux; Android 9; MI 9 Build/PKQ1.181121.001; wv) AppleWebKit/537.36 (KHTML, like Gecko) Version/4.0 Chrome/61.0.3076.76 Mobile Safari/537.36 LieBaoFast/5.10.1"
17.241.227.242 - - [06/Aug/2024:01:41:32 +0000] "GET /wallpaper/wallpaper.php?FILENAME=64.jpg HTTP/1.1" 200 11645 "-" "Mozilla/5.0 (Macintosh; Intel Mac OS X 10_15_7) AppleWebKit/605.1.15 (KHTML, like Gecko) Version/17.4 Safari/605.1.15 (Applebot/0.1; +http://www.apple.com/go/applebot)"
93.95.228.246 - - [06/Aug/2024:01:41:36 +0000] "GET / HTTP/1.1" 200 20855 "-" "check_http/v2.3.3 (monitoring-plugins 2.3.3)"
93.95.228.246 - - [06/Aug/2024:01:42:36 +0000] "GET / HTTP/1.1" 200 20855 "-" "check_http/v2.3.3 (monitoring-plugins 2.3.3)"
93.95.228.246 - - [06/Aug/2024:01:43:36 +0000] "GET / HTTP/1.1" 200 20855 "-" "check_http/v2.3.3 (monitoring-plugins 2.3.3)"
114.119.134.192 - - [06/Aug/2024:01:44:34 +0000] "GET /wallpaper/maintain.php?sort=size&start=13600 HTTP/1.1" 200 3759 "https://www.singsurf.org/wallpaper/maintain.php?sort=size&start=14100" "Mozilla/5.0 (Linux; Android 7.0;) AppleWebKit/537.36 (KHTML, like Gecko) Mobile Safari/537.36 (compatible; PetalBot;+https://webmaster.petalsearch.com/site/petalbot)"
93.95.228.246 - - [06/Aug/2024:01:44:36 +0000] "GET / HTTP/1.1" 200 20856 "-" "check_http/v2.3.3 (monitoring-plugins 2.3.3)"
17.246.19.95 - - [06/Aug/2024:01:45:32 +0000] "GET /lib/vrml.js HTTP/1.1" 200 4412 "https://www.singsurf.org/parade/coxeter.php" "Mozilla/5.0 (Macintosh; Intel Mac OS X 10_15_7) AppleWebKit/605.1.15 (KHTML, like Gecko) Version/17.4 Safari/605.1.15 (Applebot/0.1; +http://www.apple.com/go/applebot)"
17.246.19.190 - - [06/Aug/2024:01:45:35 +0000] "GET /parade/models/demi_action.wrl HTTP/1.1" 200 53403 "https://www.singsurf.org/parade/coxeter.php" "Mozilla/5.0 (Macintosh; Intel Mac OS X 10_15_7) AppleWebKit/605.1.15 (KHTML, like Gecko) Version/17.4 Safari/605.1.15 (Applebot/0.1; +http://www.apple.com/go/applebot)"
17.246.19.95 - - [06/Aug/2024:01:45:35 +0000] "GET /parade/models/A3_mirror.wrl HTTP/1.1" 200 10646 "https://www.singsurf.org/parade/coxeter.php" "Mozilla/5.0 (Macintosh; Intel Mac OS X 10_15_7) AppleWebKit/605.1.15 (KHTML, like Gecko) Version/17.4 Safari/605.1.15 (Applebot/0.1; +http://www.apple.com/go/applebot)"
17.246.23.54 - - [06/Aug/2024:01:45:36 +0000] "GET /parade/models/B3_mirror.wrl HTTP/1.1" 200 12479 "https://www.singsurf.org/parade/coxeter.php" "Mozilla/5.0 (Macintosh; Intel Mac OS X 10_15_7) AppleWebKit/605.1.15 (KHTML, like Gecko) Version/17.4 Safari/605.1.15 (Applebot/0.1; +http://www.apple.com/go/applebot)"
93.95.228.246 - - [06/Aug/2024:01:45:36 +0000] "GET / HTTP/1.1" 200 20855 "-" "check_http/v2.3.3 (monitoring-plugins 2.3.3)"
93.95.228.246 - - [06/Aug/2024:01:46:36 +0000] "GET / HTTP/1.1" 200 20856 "-" "check_http/v2.3.3 (monitoring-plugins 2.3.3)"
207.46.13.54 - - [06/Aug/2024:01:47:06 +0000] "GET /singsurf/lsmp.tar.gz HTTP/2.0" 404 2455 "-" "Mozilla/5.0 AppleWebKit/537.36 (KHTML, like Gecko; compatible; bingbot/2.0; +http://www.bing.com/bingbot.htm) Chrome/116.0.1938.76 Safari/537.36"
93.95.228.246 - - [06/Aug/2024:01:47:36 +0000] "GET / HTTP/1.1" 200 20855 "-" "check_http/v2.3.3 (monitoring-plugins 2.3.3)"
223.109.255.141 - - [06/Aug/2024:01:47:50 +0000] "GET / HTTP/1.1" 200 20695 "-" "Sogou web spider/4.0(+http://www.sogou.com/docs/help/webmasters.htm#07)"
93.95.228.246 - - [06/Aug/2024:01:48:36 +0000] "GET / HTTP/1.1" 200 20855 "-" "check_http/v2.3.3 (monitoring-plugins 2.3.3)"
93.95.228.246 - - [06/Aug/2024:01:49:36 +0000] "GET / HTTP/1.1" 200 20854 "-" "check_http/v2.3.3 (monitoring-plugins 2.3.3)"
93.95.228.246 - - [06/Aug/2024:01:50:36 +0000] "GET / HTTP/1.1" 200 20855 "-" "check_http/v2.3.3 (monitoring-plugins 2.3.3)"
147.45.198.51 - - [06/Aug/2024:01:50:45 +0000] "GET /.env HTTP/1.1" 404 5679 "-" "python-requests/2.32.3"
147.45.198.51 - - [06/Aug/2024:01:50:45 +0000] "GET /.env.local HTTP/1.1" 404 5680 "-" "python-requests/2.32.3"
147.45.198.51 - - [06/Aug/2024:01:50:46 +0000] "GET /.env.example HTTP/1.1" 404 5681 "-" "python-requests/2.32.3"
147.45.198.51 - - [06/Aug/2024:01:50:46 +0000] "GET /.env.production HTTP/1.1" 404 5680 "-" "python-requests/2.32.3"
147.45.198.51 - - [06/Aug/2024:01:50:46 +0000] "GET /.env.development HTTP/1.1" 404 5680 "-" "python-requests/2.32.3"
147.45.198.51 - - [06/Aug/2024:01:50:46 +0000] "GET /.env.test HTTP/1.1" 404 5679 "-" "python-requests/2.32.3"
147.45.198.51 - - [06/Aug/2024:01:50:46 +0000] "GET /.env HTTP/1.1" 404 5680 "-" "python-requests/2.32.3"
147.45.198.51 - - [06/Aug/2024:01:50:46 +0000] "GET /.env.local HTTP/1.1" 404 5680 "-" "python-requests/2.32.3"
147.45.198.51 - - [06/Aug/2024:01:50:46 +0000] "GET /.env.example HTTP/1.1" 404 5681 "-" "python-requests/2.32.3"
147.45.198.51 - - [06/Aug/2024:01:50:46 +0000] "GET /.env.production HTTP/1.1" 404 5681 "-" "python-requests/2.32.3"
147.45.198.51 - - [06/Aug/2024:01:50:46 +0000] "GET /.env.development HTTP/1.1" 404 5680 "-" "python-requests/2.32.3"
147.45.198.51 - - [06/Aug/2024:01:50:47 +0000] "GET /.env.test HTTP/1.1" 404 5680 "-" "python-requests/2.32.3"
49.48.45.25 - - [06/Aug/2024:01:51:09 +0000] "GET /things/fourbar.php HTTP/2.0" 200 7692 "https://www.google.com/" "Mozilla/5.0 (Windows NT 10.0; Win64; x64) AppleWebKit/537.36 (KHTML, like Gecko) Chrome/127.0.0.0 Safari/537.36"
49.48.45.25 - - [06/Aug/2024:01:51:09 +0000] "GET /style.css HTTP/2.0" 200 326 "https://singsurf.org/things/fourbar.php" "Mozilla/5.0 (Windows NT 10.0; Win64; x64) AppleWebKit/537.36 (KHTML, like Gecko) Chrome/127.0.0.0 Safari/537.36"
49.48.45.25 - - [06/Aug/2024:01:51:09 +0000] "GET /things/main.css HTTP/2.0" 200 1007 "https://singsurf.org/things/fourbar.php" "Mozilla/5.0 (Windows NT 10.0; Win64; x64) AppleWebKit/537.36 (KHTML, like Gecko) Chrome/127.0.0.0 Safari/537.36"
49.48.45.25 - - [06/Aug/2024:01:51:09 +0000] "GET /djep/SSlogol.jpg HTTP/2.0" 200 5367 "https://singsurf.org/things/fourbar.php" "Mozilla/5.0 (Windows NT 10.0; Win64; x64) AppleWebKit/537.36 (KHTML, like Gecko) Chrome/127.0.0.0 Safari/537.36"
49.48.45.25 - - [06/Aug/2024:01:51:09 +0000] "GET /things/processing.js HTTP/2.0" 200 79281 "https://singsurf.org/things/fourbar.php" "Mozilla/5.0 (Windows NT 10.0; Win64; x64) AppleWebKit/537.36 (KHTML, like Gecko) Chrome/127.0.0.0 Safari/537.36"
49.48.45.25 - - [06/Aug/2024:01:51:10 +0000] "GET /admin/logger.php?width=1629&height=788 HTTP/2.0" 200 229 "https://singsurf.org/things/fourbar.php" "Mozilla/5.0 (Windows NT 10.0; Win64; x64) AppleWebKit/537.36 (KHTML, like Gecko) Chrome/127.0.0.0 Safari/537.36"
49.48.45.25 - - [06/Aug/2024:01:51:10 +0000] "GET /favicon.ico HTTP/2.0" 200 12835 "https://singsurf.org/things/fourbar.php" "Mozilla/5.0 (Windows NT 10.0; Win64; x64) AppleWebKit/537.36 (KHTML, like Gecko) Chrome/127.0.0.0 Safari/537.36"
93.95.228.246 - - [06/Aug/2024:01:51:36 +0000] "GET / HTTP/1.1" 200 20854 "-" "check_http/v2.3.3 (monitoring-plugins 2.3.3)"
93.95.228.246 - - [06/Aug/2024:01:52:36 +0000] "GET / HTTP/1.1" 200 20856 "-" "check_http/v2.3.3 (monitoring-plugins 2.3.3)"
112.86.225.252 - - [06/Aug/2024:01:52:44 +0000] "GET / HTTP/1.1" 200 20694 "-" "Sogou web spider/4.0(+http://www.sogou.com/docs/help/webmasters.htm#07)"
66.249.82.5 - - [06/Aug/2024:01:53:08 +0000] "GET /.well-known/traffic-advice HTTP/1.1" 404 5707 "-" "Chrome Privacy Preserving Prefetch Proxy"
193.186.4.150 - - [06/Aug/2024:01:53:09 +0000] "GET /wallpaper/maths.php HTTP/2.0" 200 5587 "https://www.google.com/" "Mozilla/5.0 (Windows NT 10.0; Win64; x64) AppleWebKit/537.36 (KHTML, like Gecko) Chrome/127.0.0.0 Safari/537.36"
52.230.152.123 - - [06/Aug/2024:01:53:27 +0000] "GET /robots.txt HTTP/1.1" 200 3237 "http://singsurf.org/robots.txt" "Mozilla/5.0 AppleWebKit/537.36 (KHTML, like Gecko; compatible; GPTBot/1.2; +https://openai.com/gptbot)"
93.95.228.246 - - [06/Aug/2024:01:53:36 +0000] "GET / HTTP/1.1" 200 20855 "-" "check_http/v2.3.3 (monitoring-plugins 2.3.3)"
93.95.228.246 - - [06/Aug/2024:01:54:36 +0000] "GET / HTTP/1.1" 200 20855 "-" "check_http/v2.3.3 (monitoring-plugins 2.3.3)"
93.95.228.246 - - [06/Aug/2024:01:55:36 +0000] "GET / HTTP/1.1" 200 20855 "-" "check_http/v2.3.3 (monitoring-plugins 2.3.3)"
223.109.252.228 - - [06/Aug/2024:01:55:37 +0000] "GET / HTTP/1.1" 200 20694 "-" "Sogou web spider/4.0(+http://www.sogou.com/docs/help/webmasters.htm#07)"
93.95.228.246 - - [06/Aug/2024:01:56:36 +0000] "GET / HTTP/1.1" 200 20855 "-" "check_http/v2.3.3 (monitoring-plugins 2.3.3)"
93.95.228.246 - - [06/Aug/2024:01:57:36 +0000] "GET / HTTP/1.1" 200 20854 "-" "check_http/v2.3.3 (monitoring-plugins 2.3.3)"
52.230.152.62 - - [06/Aug/2024:01:58:14 +0000] "GET /robots.txt HTTP/1.1" 200 3236 "http://www.singsurf.org/robots.txt" "Mozilla/5.0 AppleWebKit/537.36 (KHTML, like Gecko; compatible; GPTBot/1.2; +https://openai.com/gptbot)"
52.230.152.62 - - [06/Aug/2024:01:58:17 +0000] "GET /robots.txt HTTP/1.1" 200 517 "-" "Mozilla/5.0 AppleWebKit/537.36 (KHTML, like Gecko; compatible; GPTBot/1.2; +https://openai.com/gptbot)"
93.95.228.246 - - [06/Aug/2024:01:58:36 +0000] "GET / HTTP/1.1" 200 20856 "-" "check_http/v2.3.3 (monitoring-plugins 2.3.3)"
93.95.228.246 - - [06/Aug/2024:01:59:36 +0000] "GET / HTTP/1.1" 200 20854 "-" "check_http/v2.3.3 (monitoring-plugins 2.3.3)"
93.95.228.246 - - [06/Aug/2024:02:00:36 +0000] "GET / HTTP/1.1" 200 20855 "-" "check_http/v2.3.3 (monitoring-plugins 2.3.3)"
112.86.225.14 - - [06/Aug/2024:02:01:19 +0000] "GET / HTTP/1.1" 200 20694 "-" "Sogou web spider/4.0(+http://www.sogou.com/docs/help/webmasters.htm#07)"
93.95.228.246 - - [06/Aug/2024:02:01:36 +0000] "GET / HTTP/1.1" 200 20856 "-" "check_http/v2.3.3 (monitoring-plugins 2.3.3)"
93.95.228.246 - - [06/Aug/2024:02:02:36 +0000] "GET / HTTP/1.1" 200 20856 "-" "check_http/v2.3.3 (monitoring-plugins 2.3.3)"
93.95.228.246 - - [06/Aug/2024:02:03:36 +0000] "GET / HTTP/1.1" 200 20856 "-" "check_http/v2.3.3 (monitoring-plugins 2.3.3)"
93.95.228.246 - - [06/Aug/2024:02:04:36 +0000] "GET / HTTP/1.1" 200 20854 "-" "check_http/v2.3.3 (monitoring-plugins 2.3.3)"
93.95.228.246 - - [06/Aug/2024:02:05:36 +0000] "GET / HTTP/1.1" 200 20855 "-" "check_http/v2.3.3 (monitoring-plugins 2.3.3)"
66.249.66.164 - - [06/Aug/2024:02:05:37 +0000] "GET /parade/Cubics.php HTTP/1.1" 200 12422 "-" "Mozilla/5.0 (compatible; Googlebot/2.1; +http://www.google.com/bot.html)"
66.249.66.164 - - [06/Aug/2024:02:05:37 +0000] "GET /parade/Cubics.php HTTP/1.1" 200 9378 "-" "Mozilla/5.0 (Linux; Android 6.0.1; Nexus 5X Build/MMB29P) AppleWebKit/537.36 (KHTML, like Gecko) Chrome/99.0.4844.84 Mobile Safari/537.36 (compatible; Googlebot/2.1; +http://www.google.com/bot.html)"
66.249.66.165 - - [06/Aug/2024:02:05:39 +0000] "GET /admin/logger.php?width=1024&height=1024 HTTP/1.1" 200 3576 "https://singsurf.org/parade/Cubics.php" "Mozilla/5.0 AppleWebKit/537.36 (KHTML, like Gecko; compatible; Googlebot/2.1; +http://www.google.com/bot.html) Chrome/126.0.6478.182 Safari/537.36"
66.249.66.17 - - [06/Aug/2024:02:05:39 +0000] "GET /admin/logger.php?width=981&height=1742 HTTP/1.1" 200 3580 "https://singsurf.org/parade/Cubics.php" "Mozilla/5.0 (Linux; Android 6.0.1; Nexus 5X Build/MMB29P) AppleWebKit/537.36 (KHTML, like Gecko) Chrome/126.0.6478.182 Mobile Safari/537.36 (compatible; Googlebot/2.1; +http://www.google.com/bot.html)"
66.249.66.164 - - [06/Aug/2024:02:05:39 +0000] "GET /parade/defs.jep HTTP/1.1" 200 30340 "https://singsurf.org/parade/Cubics.php" "Mozilla/5.0 AppleWebKit/537.36 (KHTML, like Gecko; compatible; Googlebot/2.1; +http://www.google.com/bot.html) Chrome/126.0.6478.182 Safari/537.36"
66.249.66.164 - - [06/Aug/2024:02:05:40 +0000] "GET /parade/defs.jep HTTP/1.1" 200 27295 "https://singsurf.org/parade/Cubics.php" "Mozilla/5.0 (Linux; Android 6.0.1; Nexus 5X Build/MMB29P) AppleWebKit/537.36 (KHTML, like Gecko) Chrome/126.0.6478.182 Mobile Safari/537.36 (compatible; Googlebot/2.1; +http://www.google.com/bot.html)"
66.249.66.18 - - [06/Aug/2024:02:06:14 +0000] "GET /wallpaper/maintain.php?sort=width&start=-107000 HTTP/1.1" 200 4135 "-" "Mozilla/5.0 (Linux; Android 6.0.1; Nexus 5X Build/MMB29P) AppleWebKit/537.36 (KHTML, like Gecko) Chrome/126.0.6478.182 Mobile Safari/537.36 (compatible; GoogleOther)"
93.95.228.246 - - [06/Aug/2024:02:06:36 +0000] "GET / HTTP/1.1" 200 20856 "-" "check_http/v2.3.3 (monitoring-plugins 2.3.3)"
93.95.228.246 - - [06/Aug/2024:02:07:36 +0000] "GET / HTTP/1.1" 200 20856 "-" "check_http/v2.3.3 (monitoring-plugins 2.3.3)"
93.95.228.246 - - [06/Aug/2024:02:08:36 +0000] "GET / HTTP/1.1" 200 20856 "-" "check_http/v2.3.3 (monitoring-plugins 2.3.3)"
93.95.228.246 - - [06/Aug/2024:02:09:36 +0000] "GET / HTTP/1.1" 200 20855 "-" "check_http/v2.3.3 (monitoring-plugins 2.3.3)"
156.59.198.135 - - [06/Aug/2024:02:09:58 +0000] "GET /parade/ADE/D4%20A1A1A1.svg HTTP/2.0" 200 6651 "-" "Mozilla/5.0 (Linux; Android 5.0) AppleWebKit/537.36 (KHTML, like Gecko) Mobile Safari/537.36 (compatible; Bytespider; spider-feedback@bytedance.com)"
17.241.227.178 - - [06/Aug/2024:02:10:23 +0000] "GET /wallpaper/wallpaper.php?FILENAME=pr%C3%B3ba6.jpg HTTP/1.1" 200 11526 "-" "Mozilla/5.0 (Macintosh; Intel Mac OS X 10_15_7) AppleWebKit/605.1.15 (KHTML, like Gecko) Version/17.4 Safari/605.1.15 (Applebot/0.1; +http://www.apple.com/go/applebot)"
207.46.13.14 - - [06/Aug/2024:02:10:27 +0000] "GET /stepney/ HTTP/2.0" 200 7081 "-" "Mozilla/5.0 AppleWebKit/537.36 (KHTML, like Gecko; compatible; bingbot/2.0; +http://www.bing.com/bingbot.htm) Chrome/116.0.1938.76 Safari/537.36"
93.95.228.246 - - [06/Aug/2024:02:10:36 +0000] "GET / HTTP/1.1" 200 20855 "-" "check_http/v2.3.3 (monitoring-plugins 2.3.3)"
93.95.228.246 - - [06/Aug/2024:02:11:36 +0000] "GET / HTTP/1.1" 200 20855 "-" "check_http/v2.3.3 (monitoring-plugins 2.3.3)"
54.36.149.7 - - [06/Aug/2024:02:11:51 +0000] "GET /singsurf/SingSurf.html HTTP/2.0" 200 902 "-" "Mozilla/5.0 (compatible; AhrefsBot/7.0; +http://ahrefs.com/robot/)"
128.210.106.81 - - [06/Aug/2024:02:11:53 +0000] "GET /parade/ADE.php HTTP/2.0" 200 6322 "https://www.google.com/" "Mozilla/5.0 (Windows NT 10.0; Win64; x64) AppleWebKit/537.36 (KHTML, like Gecko) Chrome/127.0.0.0 Safari/537.36 Edg/127.0.0.0"
128.210.106.81 - - [06/Aug/2024:02:11:53 +0000] "GET /essays.css HTTP/2.0" 200 1150 "https://singsurf.org/parade/ADE.php" "Mozilla/5.0 (Windows NT 10.0; Win64; x64) AppleWebKit/537.36 (KHTML, like Gecko) Chrome/127.0.0.0 Safari/537.36 Edg/127.0.0.0"
128.210.106.81 - - [06/Aug/2024:02:11:53 +0000] "GET /singsurf/images/logoSml.jpg HTTP/2.0" 200 10190 "https://singsurf.org/parade/ADE.php" "Mozilla/5.0 (Windows NT 10.0; Win64; x64) AppleWebKit/537.36 (KHTML, like Gecko) Chrome/127.0.0.0 Safari/537.36 Edg/127.0.0.0"
128.210.106.81 - - [06/Aug/2024:02:11:53 +0000] "GET /parade/cubics/A1%20blowup_book.jpg HTTP/2.0" 200 30656 "https://singsurf.org/parade/ADE.php" "Mozilla/5.0 (Windows NT 10.0; Win64; x64) AppleWebKit/537.36 (KHTML, like Gecko) Chrome/127.0.0.0 Safari/537.36 Edg/127.0.0.0"
128.210.106.81 - - [06/Aug/2024:02:11:53 +0000] "GET /parade/cubics/A1%20lines_book.jpg HTTP/2.0" 200 38415 "https://singsurf.org/parade/ADE.php" "Mozilla/5.0 (Windows NT 10.0; Win64; x64) AppleWebKit/537.36 (KHTML, like Gecko) Chrome/127.0.0.0 Safari/537.36 Edg/127.0.0.0"
128.210.106.81 - - [06/Aug/2024:02:11:53 +0000] "GET /parade/cubics/A1%20unfold.jpg HTTP/2.0" 200 28129 "https://singsurf.org/parade/ADE.php" "Mozilla/5.0 (Windows NT 10.0; Win64; x64) AppleWebKit/537.36 (KHTML, like Gecko) Chrome/127.0.0.0 Safari/537.36 Edg/127.0.0.0"
128.210.106.81 - - [06/Aug/2024:02:11:53 +0000] "GET /parade/ADE/A2b.svg HTTP/2.0" 200 4756 "https://singsurf.org/parade/ADE.php" "Mozilla/5.0 (Windows NT 10.0; Win64; x64) AppleWebKit/537.36 (KHTML, like Gecko) Chrome/127.0.0.0 Safari/537.36 Edg/127.0.0.0"
128.210.106.81 - - [06/Aug/2024:02:11:53 +0000] "GET /parade/ADE/A1%20short.svg HTTP/2.0" 200 3386 "https://singsurf.org/parade/ADE.php" "Mozilla/5.0 (Windows NT 10.0; Win64; x64) AppleWebKit/537.36 (KHTML, like Gecko) Chrome/127.0.0.0 Safari/537.36 Edg/127.0.0.0"
128.210.106.81 - - [06/Aug/2024:02:11:53 +0000] "GET /parade/ADE/A1%20unfolded.svg HTTP/2.0" 200 3371 "https://singsurf.org/parade/ADE.php" "Mozilla/5.0 (Windows NT 10.0; Win64; x64) AppleWebKit/537.36 (KHTML, like Gecko) Chrome/127.0.0.0 Safari/537.36 Edg/127.0.0.0"
