54.218.174.254 - - [06/Aug/2024:05:38:03 +0000] "GET / HTTP/2.0" 200 4868 "-" "Mozilla/5.0 (Windows NT 10.0; Win64; x64) AppleWebKit/537.36 (KHTML, like Gecko) Chrome/70.0.3538.102 Safari/537.36 Edge/18.19582"
54.218.174.254 - - [06/Aug/2024:05:38:03 +0000] "GET /theme/Pheonix/style.css HTTP/2.0" 200 619 "https://phoenix.webarch4.co.uk/" "Mozilla/5.0 (Windows NT 10.0; Win64; x64) AppleWebKit/537.36 (KHTML, like Gecko) Chrome/70.0.3538.102 Safari/537.36 Edge/18.19582"
54.218.174.254 - - [06/Aug/2024:05:38:03 +0000] "GET /theme/Pheonix/images/pheonix_logo.png HTTP/2.0" 200 168225 "https://phoenix.webarch4.co.uk/" "Mozilla/5.0 (Windows NT 10.0; Win64; x64) AppleWebKit/537.36 (KHTML, like Gecko) Chrome/70.0.3538.102 Safari/537.36 Edge/18.19582"
54.218.174.254 - - [06/Aug/2024:05:38:03 +0000] "GET /data/uploads/images/cover-80.jpg HTTP/2.0" 200 85051 "https://phoenix.webarch4.co.uk/" "Mozilla/5.0 (Windows NT 10.0; Win64; x64) AppleWebKit/537.36 (KHTML, like Gecko) Chrome/70.0.3538.102 Safari/537.36 Edge/18.19582"
54.218.174.254 - - [06/Aug/2024:05:38:03 +0000] "GET /data/uploads/images/cover79sml.png HTTP/2.0" 200 679869 "https://phoenix.webarch4.co.uk/" "Mozilla/5.0 (Windows NT 10.0; Win64; x64) AppleWebKit/537.36 (KHTML, like Gecko) Chrome/70.0.3538.102 Safari/537.36 Edge/18.19582"
54.218.174.254 - - [06/Aug/2024:05:38:03 +0000] "GET /data/uploads/images/enlightenment_vsml.jpg HTTP/2.0" 200 66057 "https://phoenix.webarch4.co.uk/" "Mozilla/5.0 (Windows NT 10.0; Win64; x64) AppleWebKit/537.36 (KHTML, like Gecko) Chrome/70.0.3538.102 Safari/537.36 Edge/18.19582"
93.95.228.246 - - [06/Aug/2024:05:38:36 +0000] "GET / HTTP/1.1" 200 20856 "-" "check_http/v2.3.3 (monitoring-plugins 2.3.3)"
93.95.228.246 - - [06/Aug/2024:05:39:36 +0000] "GET / HTTP/1.1" 200 20855 "-" "check_http/v2.3.3 (monitoring-plugins 2.3.3)"
93.95.228.246 - - [06/Aug/2024:05:40:36 +0000] "GET / HTTP/1.1" 200 20855 "-" "check_http/v2.3.3 (monitoring-plugins 2.3.3)"
117.50.215.189 - - [06/Aug/2024:05:41:17 +0000] "GET /papers/dagstal/singsurf2.ps.zip HTTP/1.1" 200 408319 "-" "Mozilla/5.0 (compatible; ChatGLM-Spider/1.0; +https://chatglm.cn/)"
93.95.228.246 - - [06/Aug/2024:05:41:36 +0000] "GET / HTTP/1.1" 200 20855 "-" "check_http/v2.3.3 (monitoring-plugins 2.3.3)"
93.95.228.246 - - [06/Aug/2024:05:42:36 +0000] "GET / HTTP/1.1" 200 20856 "-" "check_http/v2.3.3 (monitoring-plugins 2.3.3)"
93.95.228.246 - - [06/Aug/2024:05:43:36 +0000] "GET / HTTP/1.1" 200 20854 "-" "check_http/v2.3.3 (monitoring-plugins 2.3.3)"
93.95.228.246 - - [06/Aug/2024:05:44:36 +0000] "GET / HTTP/1.1" 200 20854 "-" "check_http/v2.3.3 (monitoring-plugins 2.3.3)"
93.95.228.246 - - [06/Aug/2024:05:45:36 +0000] "GET / HTTP/1.1" 200 20855 "-" "check_http/v2.3.3 (monitoring-plugins 2.3.3)"
93.95.228.246 - - [06/Aug/2024:05:46:36 +0000] "GET / HTTP/1.1" 200 20855 "-" "check_http/v2.3.3 (monitoring-plugins 2.3.3)"
93.95.228.246 - - [06/Aug/2024:05:47:36 +0000] "GET / HTTP/1.1" 200 20856 "-" "check_http/v2.3.3 (monitoring-plugins 2.3.3)"
47.128.23.82 - - [06/Aug/2024:05:48:06 +0000] "GET /brain/rightbrain_focus.php HTTP/2.0" 200 38348 "-" "Mozilla/5.0 (compatible; Bytespider; spider-feedback@bytedance.com) AppleWebKit/537.36 (KHTML, like Gecko) Chrome/70.0.0.0 Safari/537.36"
47.128.23.82 - - [06/Aug/2024:05:48:06 +0000] "GET /essays2.css HTTP/2.0" 200 1267 "https://singsurf.org/brain/rightbrain_focus.php" "Mozilla/5.0 (compatible; Bytespider; spider-feedback@bytedance.com) AppleWebKit/537.36 (KHTML, like Gecko) Chrome/70.0.0.0 Safari/537.36"
47.128.23.82 - - [06/Aug/2024:05:48:07 +0000] "GET /brain/boldFirst.js HTTP/2.0" 200 1170 "https://singsurf.org/brain/rightbrain_focus.php" "Mozilla/5.0 (compatible; Bytespider; spider-feedback@bytedance.com) AppleWebKit/537.36 (KHTML, like Gecko) Chrome/70.0.0.0 Safari/537.36"
93.95.228.246 - - [06/Aug/2024:05:48:36 +0000] "GET / HTTP/1.1" 200 20856 "-" "check_http/v2.3.3 (monitoring-plugins 2.3.3)"
192.36.109.132 - - [06/Aug/2024:05:48:56 +0000] "GET /robots.txt HTTP/1.1" 200 3406 "http://phoenixnewlifepoetry.uk/robots.txt" "Mozilla/5.0 (Android 14; Mobile; rv:123.0) Gecko/123.0 Firefox/123"
192.36.109.131 - - [06/Aug/2024:05:48:56 +0000] "GET / HTTP/1.1" 200 8073 "http://phoenixnewlifepoetry.uk/" "Mozilla/5.0 (Android 14; Mobile; rv:123.0) Gecko/123.0 Firefox/123"
93.95.228.246 - - [06/Aug/2024:05:49:36 +0000] "GET / HTTP/1.1" 200 20855 "-" "check_http/v2.3.3 (monitoring-plugins 2.3.3)"
198.135.48.54 - - [06/Aug/2024:05:49:39 +0000] "GET /img/umbrellasmall.gif HTTP/1.1" 404 5337 "-" "Mozilla/5.0 (X11; Ubuntu; Linux x86_64; rv:72.0) Gecko/20100101 Firefox/72.0"
93.95.228.246 - - [06/Aug/2024:05:50:36 +0000] "GET / HTTP/1.1" 200 20856 "-" "check_http/v2.3.3 (monitoring-plugins 2.3.3)"
173.252.107.113 - - [06/Aug/2024:05:51:33 +0000] "GET /wallpaper/maintain.php?sort=rsize&start=11500 HTTP/2.0" 200 1778 "-" "facebookexternalhit/1.1 (+http://www.facebook.com/externalhit_uatext.php)"
93.95.228.246 - - [06/Aug/2024:05:51:36 +0000] "GET / HTTP/1.1" 200 20855 "-" "check_http/v2.3.3 (monitoring-plugins 2.3.3)"
47.128.27.60 - - [06/Aug/2024:05:51:37 +0000] "GET /robots.txt HTTP/1.1" 200 3109 "-" "Mozilla/5.0 (Linux; Android 5.0) AppleWebKit/537.36 (KHTML, like Gecko) Mobile Safari/537.36 (compatible; Bytespider; spider-feedback@bytedance.com)"
93.95.228.246 - - [06/Aug/2024:05:52:36 +0000] "GET / HTTP/1.1" 200 20855 "-" "check_http/v2.3.3 (monitoring-plugins 2.3.3)"
125.228.216.16 - - [06/Aug/2024:05:53:15 +0000] "GET /wallpaper/wallpaper.php HTTP/1.1" 200 11336 "-" "Mozilla/5.0 (Linux x86_64; rv:114.0) Gecko/20100101 Firefox/114.0"
93.95.228.246 - - [06/Aug/2024:05:53:36 +0000] "GET / HTTP/1.1" 200 20854 "-" "check_http/v2.3.3 (monitoring-plugins 2.3.3)"
131.153.142.170 - - [06/Aug/2024:05:54:04 +0000] "GET / HTTP/1.1" 200 9041 "-" "Mozilla/5.0 (Windows NT 10.0; Win64; x64) AppleWebKit/537.36 (KHTML, like Gecko) Chrome/106.0.0.0 Safari/537.36"
93.95.228.246 - - [06/Aug/2024:05:54:36 +0000] "GET / HTTP/1.1" 200 20855 "-" "check_http/v2.3.3 (monitoring-plugins 2.3.3)"
185.191.171.4 - - [06/Aug/2024:05:54:44 +0000] "GET /robots.txt HTTP/1.1" 200 3245 "-" "Mozilla/5.0 (compatible; SemrushBot/7~bl; +http://www.semrush.com/bot.html)"
85.208.96.201 - - [06/Aug/2024:05:54:44 +0000] "GET /things/TemplateData.php?SiteName=imaries.cf HTTP/1.1" 200 4485 "-" "Mozilla/5.0 (compatible; SemrushBot/7~bl; +http://www.semrush.com/bot.html)"
93.95.228.246 - - [06/Aug/2024:05:55:36 +0000] "GET / HTTP/1.1" 200 20854 "-" "check_http/v2.3.3 (monitoring-plugins 2.3.3)"
93.95.228.246 - - [06/Aug/2024:05:56:36 +0000] "GET / HTTP/1.1" 200 20855 "-" "check_http/v2.3.3 (monitoring-plugins 2.3.3)"
93.95.228.246 - - [06/Aug/2024:05:57:36 +0000] "GET / HTTP/1.1" 200 20856 "-" "check_http/v2.3.3 (monitoring-plugins 2.3.3)"
93.95.228.246 - - [06/Aug/2024:05:58:36 +0000] "GET / HTTP/1.1" 200 20855 "-" "check_http/v2.3.3 (monitoring-plugins 2.3.3)"
93.95.228.246 - - [06/Aug/2024:05:59:36 +0000] "GET / HTTP/1.1" 200 20855 "-" "check_http/v2.3.3 (monitoring-plugins 2.3.3)"
93.95.228.246 - - [06/Aug/2024:06:00:36 +0000] "GET / HTTP/1.1" 200 20856 "-" "check_http/v2.3.3 (monitoring-plugins 2.3.3)"
93.95.228.246 - - [06/Aug/2024:06:01:36 +0000] "GET / HTTP/1.1" 200 20854 "-" "check_http/v2.3.3 (monitoring-plugins 2.3.3)"
213.239.205.62 - - [06/Aug/2024:06:02:02 +0000] "GET /robots.txt HTTP/1.1" 200 3458 "-" "Mozilla/5.0 (compatible; BLEXBot/1.0; +http://webmeup-crawler.com/)"
213.239.205.62 - - [06/Aug/2024:06:02:02 +0000] "GET /sitemap HTTP/1.1" 404 6018 "-" "Mozilla/5.0 (compatible; BLEXBot/1.0; +http://webmeup-crawler.com/)"
213.239.205.62 - - [06/Aug/2024:06:02:10 +0000] "GET /sitemap.ashx HTTP/1.1" 404 3307 "-" "Mozilla/5.0 (compatible; BLEXBot/1.0; +http://webmeup-crawler.com/)"
213.239.205.62 - - [06/Aug/2024:06:02:19 +0000] "GET /sitemap.txt HTTP/1.1" 404 3307 "-" "Mozilla/5.0 (compatible; BLEXBot/1.0; +http://webmeup-crawler.com/)"
213.239.205.62 - - [06/Aug/2024:06:02:30 +0000] "GET /sitemap.xml HTTP/1.1" 200 1101 "-" "Mozilla/5.0 (compatible; BLEXBot/1.0; +http://webmeup-crawler.com/)"
93.95.228.246 - - [06/Aug/2024:06:02:36 +0000] "GET / HTTP/1.1" 200 20855 "-" "check_http/v2.3.3 (monitoring-plugins 2.3.3)"
213.239.205.62 - - [06/Aug/2024:06:02:57 +0000] "GET /sitemap.xml.gz HTTP/1.1" 404 3307 "-" "Mozilla/5.0 (compatible; BLEXBot/1.0; +http://webmeup-crawler.com/)"
213.239.205.62 - - [06/Aug/2024:06:03:06 +0000] "GET /sitemap_index.xml HTTP/1.1" 403 15258 "-" "Mozilla/5.0 (compatible; BLEXBot/1.0; +http://webmeup-crawler.com/)"
213.239.205.62 - - [06/Aug/2024:06:03:18 +0000] "GET /sitemap_index.xml.gz HTTP/1.1" 404 3307 "-" "Mozilla/5.0 (compatible; BLEXBot/1.0; +http://webmeup-crawler.com/)"
213.239.205.62 - - [06/Aug/2024:06:03:33 +0000] "GET /index.php?id=daves-artwork HTTP/1.1" 200 9165 "-" "Mozilla/5.0 (compatible; BLEXBot/1.0; +http://webmeup-crawler.com/)"
93.95.228.246 - - [06/Aug/2024:06:03:36 +0000] "GET / HTTP/1.1" 200 20855 "-" "check_http/v2.3.3 (monitoring-plugins 2.3.3)"
213.239.205.62 - - [06/Aug/2024:06:03:43 +0000] "GET /index.php?id=daves-music HTTP/1.1" 200 12513 "-" "Mozilla/5.0 (compatible; BLEXBot/1.0; +http://webmeup-crawler.com/)"
213.239.205.62 - - [06/Aug/2024:06:03:47 +0000] "GET /index.php?id=pheonix-publications HTTP/1.1" 200 2558 "-" "Mozilla/5.0 (compatible; BLEXBot/1.0; +http://webmeup-crawler.com/)"
93.95.228.246 - - [06/Aug/2024:06:04:36 +0000] "GET / HTTP/1.1" 200 20855 "-" "check_http/v2.3.3 (monitoring-plugins 2.3.3)"
66.249.66.17 - - [06/Aug/2024:06:05:04 +0000] "GET /robots.txt HTTP/1.1" 200 3618 "-" "Mozilla/5.0 (compatible; Googlebot/2.1; +http://www.google.com/bot.html)"
66.249.66.19 - - [06/Aug/2024:06:05:04 +0000] "GET /wallpaper/maintain.php?sort=size&start=-109600 HTTP/1.1" 200 4134 "-" "Mozilla/5.0 (Linux; Android 6.0.1; Nexus 5X Build/MMB29P) AppleWebKit/537.36 (KHTML, like Gecko) Chrome/126.0.6478.182 Mobile Safari/537.36 (compatible; GoogleOther)"
52.230.152.128 - - [06/Aug/2024:06:05:29 +0000] "GET /robots.txt HTTP/1.1" 200 3236 "-" "Mozilla/5.0 AppleWebKit/537.36 (KHTML, like Gecko; compatible; GPTBot/1.2; +https://openai.com/gptbot)"
93.95.228.246 - - [06/Aug/2024:06:05:36 +0000] "GET / HTTP/1.1" 200 20856 "-" "check_http/v2.3.3 (monitoring-plugins 2.3.3)"
93.95.228.246 - - [06/Aug/2024:06:06:36 +0000] "GET / HTTP/1.1" 200 20856 "-" "check_http/v2.3.3 (monitoring-plugins 2.3.3)"
93.95.228.246 - - [06/Aug/2024:06:07:36 +0000] "GET / HTTP/1.1" 200 20856 "-" "check_http/v2.3.3 (monitoring-plugins 2.3.3)"
93.95.228.246 - - [06/Aug/2024:06:08:36 +0000] "GET / HTTP/1.1" 200 20854 "-" "check_http/v2.3.3 (monitoring-plugins 2.3.3)"
185.191.171.9 - - [06/Aug/2024:06:09:18 +0000] "GET /things/TemplateData.php?SiteName=wiki.ao3.site HTTP/1.1" 200 4484 "-" "Mozilla/5.0 (compatible; SemrushBot/7~bl; +http://www.semrush.com/bot.html)"
93.95.228.246 - - [06/Aug/2024:06:09:36 +0000] "GET / HTTP/1.1" 200 20855 "-" "check_http/v2.3.3 (monitoring-plugins 2.3.3)"
93.95.228.246 - - [06/Aug/2024:06:10:36 +0000] "GET / HTTP/1.1" 200 20855 "-" "check_http/v2.3.3 (monitoring-plugins 2.3.3)"
66.249.66.163 - - [06/Aug/2024:06:11:14 +0000] "GET /robots.txt HTTP/1.1" 200 3618 "-" "Mozilla/5.0 (compatible; Googlebot/2.1; +http://www.google.com/bot.html)"
66.249.66.164 - - [06/Aug/2024:06:11:18 +0000] "GET /djep/GWTASurf.php HTTP/1.1" 200 6499 "-" "Mozilla/5.0 (Linux; Android 6.0.1; Nexus 5X Build/MMB29P) AppleWebKit/537.36 (KHTML, like Gecko) Chrome/126.0.6478.182 Mobile Safari/537.36 (compatible; Googlebot/2.1; +http://www.google.com/bot.html)"
93.95.228.246 - - [06/Aug/2024:06:11:36 +0000] "GET / HTTP/1.1" 200 20855 "-" "check_http/v2.3.3 (monitoring-plugins 2.3.3)"
52.230.152.193 - - [06/Aug/2024:06:12:32 +0000] "GET /robots.txt HTTP/1.1" 200 3236 "-" "Mozilla/5.0 AppleWebKit/537.36 (KHTML, like Gecko; compatible; GPTBot/1.2; +https://openai.com/gptbot)"
93.95.228.246 - - [06/Aug/2024:06:12:36 +0000] "GET / HTTP/1.1" 200 20855 "-" "check_http/v2.3.3 (monitoring-plugins 2.3.3)"
93.95.228.246 - - [06/Aug/2024:06:13:36 +0000] "GET / HTTP/1.1" 200 20856 "-" "check_http/v2.3.3 (monitoring-plugins 2.3.3)"
93.95.228.246 - - [06/Aug/2024:06:14:36 +0000] "GET / HTTP/1.1" 200 20855 "-" "check_http/v2.3.3 (monitoring-plugins 2.3.3)"
54.36.148.106 - - [06/Aug/2024:06:14:42 +0000] "GET /papers/subpar/index.html HTTP/2.0" 200 2375 "-" "Mozilla/5.0 (compatible; AhrefsBot/7.0; +http://ahrefs.com/robot/)"
85.208.96.204 - - [06/Aug/2024:06:15:18 +0000] "GET /things/TemplateData.php?SiteName=zh.wiki.bsynet.cc HTTP/1.1" 200 4490 "-" "Mozilla/5.0 (compatible; SemrushBot/7~bl; +http://www.semrush.com/bot.html)"
93.95.228.246 - - [06/Aug/2024:06:15:36 +0000] "GET / HTTP/1.1" 200 20856 "-" "check_http/v2.3.3 (monitoring-plugins 2.3.3)"
93.95.228.246 - - [06/Aug/2024:06:16:36 +0000] "GET / HTTP/1.1" 200 20854 "-" "check_http/v2.3.3 (monitoring-plugins 2.3.3)"
93.95.228.246 - - [06/Aug/2024:06:17:36 +0000] "GET / HTTP/1.1" 200 20856 "-" "check_http/v2.3.3 (monitoring-plugins 2.3.3)"
93.95.228.246 - - [06/Aug/2024:06:18:36 +0000] "GET / HTTP/1.1" 200 20855 "-" "check_http/v2.3.3 (monitoring-plugins 2.3.3)"
93.95.228.246 - - [06/Aug/2024:06:19:36 +0000] "GET / HTTP/1.1" 200 20855 "-" "check_http/v2.3.3 (monitoring-plugins 2.3.3)"
117.50.215.189 - - [06/Aug/2024:06:20:13 +0000] "GET /index.html HTTP/1.1" 301 3367 "-" "Mozilla/5.0 (compatible; ChatGLM-Spider/1.0; +https://chatglm.cn/)"
117.50.215.189 - - [06/Aug/2024:06:20:14 +0000] "GET /index.php HTTP/1.1" 200 6634 "-" "Mozilla/5.0 (compatible; ChatGLM-Spider/1.0; +https://chatglm.cn/)"
93.95.228.246 - - [06/Aug/2024:06:20:36 +0000] "GET / HTTP/1.1" 200 20854 "-" "check_http/v2.3.3 (monitoring-plugins 2.3.3)"
17.241.219.42 - - [06/Aug/2024:06:21:08 +0000] "GET /wallpaper/wallpaper.php?FILENAME=wallpaper1.jpg HTTP/1.1" 200 11767 "-" "Mozilla/5.0 (Macintosh; Intel Mac OS X 10_15_7) AppleWebKit/605.1.15 (KHTML, like Gecko) Version/17.4 Safari/605.1.15 (Applebot/0.1; +http://www.apple.com/go/applebot)"
194.36.25.20 - - [06/Aug/2024:06:21:17 +0000] "GET /.well-known/security.txt HTTP/2.0" 404 2467 "-" "Mozilla/5.0 (X11; Linux x86_64) AppleWebKit/537.36 (KHTML, like Gecko) Chrome/121.0.0.0 Safari/537.36"
93.95.228.246 - - [06/Aug/2024:06:21:36 +0000] "GET / HTTP/1.1" 200 20855 "-" "check_http/v2.3.3 (monitoring-plugins 2.3.3)"
52.230.152.123 - - [06/Aug/2024:06:21:39 +0000] "GET /robots.txt HTTP/1.1" 200 3236 "http://www.singsurf.org/robots.txt" "Mozilla/5.0 AppleWebKit/537.36 (KHTML, like Gecko; compatible; GPTBot/1.2; +https://openai.com/gptbot)"
93.95.228.246 - - [06/Aug/2024:06:22:37 +0000] "GET / HTTP/1.1" 200 20855 "-" "check_http/v2.3.3 (monitoring-plugins 2.3.3)"
93.95.228.246 - - [06/Aug/2024:06:23:36 +0000] "GET / HTTP/1.1" 200 20855 "-" "check_http/v2.3.3 (monitoring-plugins 2.3.3)"
85.208.96.201 - - [06/Aug/2024:06:23:40 +0000] "GET /things/TemplateData.php?SiteName=wiwiki.kfd.me HTTP/1.1" 200 4485 "-" "Mozilla/5.0 (compatible; SemrushBot/7~bl; +http://www.semrush.com/bot.html)"
212.8.248.108 - - [06/Aug/2024:06:24:09 +0000] "GET /things/fourbar.php HTTP/1.1" 200 10644 "-" "Mozilla/5.0 (Windows NT 10.0; Win64; x64) AppleWebKit/537.36 (KHTML, like Gecko) Chrome/58.0.3029.110 Safari/537.3"
93.95.228.246 - - [06/Aug/2024:06:24:36 +0000] "GET / HTTP/1.1" 200 20856 "-" "check_http/v2.3.3 (monitoring-plugins 2.3.3)"
93.95.228.246 - - [06/Aug/2024:06:25:36 +0000] "GET / HTTP/1.1" 200 20855 "-" "check_http/v2.3.3 (monitoring-plugins 2.3.3)"
93.95.228.246 - - [06/Aug/2024:06:26:36 +0000] "GET / HTTP/1.1" 200 20855 "-" "check_http/v2.3.3 (monitoring-plugins 2.3.3)"
93.95.228.246 - - [06/Aug/2024:06:27:36 +0000] "GET / HTTP/1.1" 200 20856 "-" "check_http/v2.3.3 (monitoring-plugins 2.3.3)"
93.95.228.246 - - [06/Aug/2024:06:28:36 +0000] "GET / HTTP/1.1" 200 20854 "-" "check_http/v2.3.3 (monitoring-plugins 2.3.3)"
93.95.228.246 - - [06/Aug/2024:06:29:36 +0000] "GET / HTTP/1.1" 200 20855 "-" "check_http/v2.3.3 (monitoring-plugins 2.3.3)"
154.12.95.106 - - [06/Aug/2024:06:28:14 +0000] "GET /wallpaper/maintain.php?sort=height HTTP/1.1" 200 35204 "-" "Mozilla/5.0 (Windows NT 10.0; Win64; x64) AppleWebKit/537.36 (KHTML, like Gecko) Chrome/125.0.0.0 Safari/537.36"
93.95.228.246 - - [06/Aug/2024:06:30:36 +0000] "GET / HTTP/1.1" 200 20856 "-" "check_http/v2.3.3 (monitoring-plugins 2.3.3)"
93.95.228.246 - - [06/Aug/2024:06:31:36 +0000] "GET / HTTP/1.1" 200 20855 "-" "check_http/v2.3.3 (monitoring-plugins 2.3.3)"
93.95.228.246 - - [06/Aug/2024:06:32:36 +0000] "GET / HTTP/1.1" 200 20856 "-" "check_http/v2.3.3 (monitoring-plugins 2.3.3)"
93.95.228.246 - - [06/Aug/2024:06:33:36 +0000] "GET / HTTP/1.1" 200 20856 "-" "check_http/v2.3.3 (monitoring-plugins 2.3.3)"
172.203.190.131 - - [06/Aug/2024:06:33:46 +0000] "GET /robots.txt HTTP/2.0" 200 298 "-" "Mozilla/5.0 AppleWebKit/537.36 (KHTML, like Gecko); compatible; OAI-SearchBot/1.0; +https://openai.com/searchbot"
172.203.190.136 - - [06/Aug/2024:06:33:46 +0000] "GET /moon/index.php HTTP/2.0" 200 8790 "-" "Mozilla/5.0 AppleWebKit/537.36 (KHTML, like Gecko); compatible; OAI-SearchBot/1.0; +https://openai.com/searchbot"
156.59.198.135 - - [06/Aug/2024:06:34:24 +0000] "GET /parade/ADE/D4%20unfolded.svg HTTP/2.0" 200 6644 "-" "Mozilla/5.0 (Linux; Android 5.0) AppleWebKit/537.36 (KHTML, like Gecko) Mobile Safari/537.36 (compatible; Bytespider; spider-feedback@bytedance.com)"
93.95.228.246 - - [06/Aug/2024:06:34:36 +0000] "GET / HTTP/1.1" 200 20854 "-" "check_http/v2.3.3 (monitoring-plugins 2.3.3)"
93.95.228.246 - - [06/Aug/2024:06:35:36 +0000] "GET / HTTP/1.1" 200 20855 "-" "check_http/v2.3.3 (monitoring-plugins 2.3.3)"
93.95.228.246 - - [06/Aug/2024:06:36:36 +0000] "GET / HTTP/1.1" 200 20854 "-" "check_http/v2.3.3 (monitoring-plugins 2.3.3)"
156.59.198.136 - - [06/Aug/2024:06:37:02 +0000] "GET /parade/ADE/D4%20A1b.svg HTTP/2.0" 200 6643 "-" "Mozilla/5.0 (Linux; Android 5.0) AppleWebKit/537.36 (KHTML, like Gecko) Mobile Safari/537.36 (compatible; Bytespider; spider-feedback@bytedance.com)"
93.95.228.246 - - [06/Aug/2024:06:37:36 +0000] "GET / HTTP/1.1" 200 20856 "-" "check_http/v2.3.3 (monitoring-plugins 2.3.3)"
93.95.228.246 - - [06/Aug/2024:06:38:36 +0000] "GET / HTTP/1.1" 200 20854 "-" "check_http/v2.3.3 (monitoring-plugins 2.3.3)"
93.95.228.246 - - [06/Aug/2024:06:39:36 +0000] "GET / HTTP/1.1" 200 20854 "-" "check_http/v2.3.3 (monitoring-plugins 2.3.3)"
197.192.233.73 - - [06/Aug/2024:06:39:48 +0000] "GET /moon/index.php HTTP/2.0" 200 8791 "https://www.google.com/" "Mozilla/5.0 (Linux; Android 10; K) AppleWebKit/537.36 (KHTML, like Gecko) Chrome/114.0.0.0 Mobile Safari/537.36"
197.192.233.73 - - [06/Aug/2024:06:39:49 +0000] "GET /style.css HTTP/2.0" 200 349 "https://singsurf.org/moon/index.php" "Mozilla/5.0 (Linux; Android 10; K) AppleWebKit/537.36 (KHTML, like Gecko) Chrome/114.0.0.0 Mobile Safari/537.36"
197.192.233.73 - - [06/Aug/2024:06:39:49 +0000] "GET /singsurf/images/logoSml.jpg HTTP/2.0" 200 10191 "https://singsurf.org/moon/index.php" "Mozilla/5.0 (Linux; Android 10; K) AppleWebKit/537.36 (KHTML, like Gecko) Chrome/114.0.0.0 Mobile Safari/537.36"
197.192.233.73 - - [06/Aug/2024:06:39:49 +0000] "GET /moon/moonPeriod.gif HTTP/2.0" 200 18828 "https://singsurf.org/moon/index.php" "Mozilla/5.0 (Linux; Android 10; K) AppleWebKit/537.36 (KHTML, like Gecko) Chrome/114.0.0.0 Mobile Safari/537.36"
197.192.233.73 - - [06/Aug/2024:06:39:49 +0000] "GET /admin/logger.php?width=980&height=1734 HTTP/2.0" 200 206 "https://singsurf.org/moon/index.php" "Mozilla/5.0 (Linux; Android 10; K) AppleWebKit/537.36 (KHTML, like Gecko) Chrome/114.0.0.0 Mobile Safari/537.36"
197.192.233.73 - - [06/Aug/2024:06:39:51 +0000] "GET /favicon.ico HTTP/2.0" 200 12858 "https://singsurf.org/moon/index.php" "Mozilla/5.0 (Linux; Android 10; K) AppleWebKit/537.36 (KHTML, like Gecko) Chrome/114.0.0.0 Mobile Safari/537.36"
93.95.228.246 - - [06/Aug/2024:06:40:36 +0000] "GET / HTTP/1.1" 200 20855 "-" "check_http/v2.3.3 (monitoring-plugins 2.3.3)"
185.191.171.6 - - [06/Aug/2024:06:41:00 +0000] "GET /things/TemplateData.php?SiteName=zh.wikidark.org HTTP/1.1" 200 4489 "-" "Mozilla/5.0 (compatible; SemrushBot/7~bl; +http://www.semrush.com/bot.html)"
93.95.228.246 - - [06/Aug/2024:06:41:36 +0000] "GET / HTTP/1.1" 200 20854 "-" "check_http/v2.3.3 (monitoring-plugins 2.3.3)"
93.95.228.246 - - [06/Aug/2024:06:42:36 +0000] "GET / HTTP/1.1" 200 20854 "-" "check_http/v2.3.3 (monitoring-plugins 2.3.3)"
93.95.228.246 - - [06/Aug/2024:06:43:36 +0000] "GET / HTTP/1.1" 200 20855 "-" "check_http/v2.3.3 (monitoring-plugins 2.3.3)"
17.241.227.159 - - [06/Aug/2024:06:43:49 +0000] "GET /wallpaper/wallpaper.php?FILENAME=dsc_7835-01.jpg HTTP/1.1" 200 11474 "-" "Mozilla/5.0 (Macintosh; Intel Mac OS X 10_15_7) AppleWebKit/605.1.15 (KHTML, like Gecko) Version/17.4 Safari/605.1.15 (Applebot/0.1; +http://www.apple.com/go/applebot)"
66.249.66.164 - - [06/Aug/2024:06:44:14 +0000] "GET / HTTP/1.1" 200 9330 "-" "Mozilla/5.0 (compatible; Googlebot/2.1; +http://www.google.com/bot.html)"
66.249.66.163 - - [06/Aug/2024:06:44:15 +0000] "GET / HTTP/1.1" 200 9330 "-" "Mozilla/5.0 (Linux; Android 6.0.1; Nexus 5X Build/MMB29P) AppleWebKit/537.36 (KHTML, like Gecko) Chrome/99.0.4844.84 Mobile Safari/537.36 (compatible; Googlebot/2.1; +http://www.google.com/bot.html)"
93.95.228.246 - - [06/Aug/2024:06:44:36 +0000] "GET / HTTP/1.1" 200 20855 "-" "check_http/v2.3.3 (monitoring-plugins 2.3.3)"
17.22.237.167 - - [06/Aug/2024:06:44:57 +0000] "GET /admin/logger.php?width=1920&height=1080 HTTP/1.1" 200 3598 "https://www.singsurf.org/wallpaper/wallpaper.php?FILENAME=dsc_7835-01.jpg" "Mozilla/5.0 (Macintosh; Intel Mac OS X 10_15_7) AppleWebKit/605.1.15 (KHTML, like Gecko) Version/17.4 Safari/605.1.15 (Applebot/0.1; +http://www.apple.com/go/applebot)"
93.95.228.246 - - [06/Aug/2024:06:45:36 +0000] "GET / HTTP/1.1" 200 20855 "-" "check_http/v2.3.3 (monitoring-plugins 2.3.3)"
93.95.228.246 - - [06/Aug/2024:06:46:36 +0000] "GET / HTTP/1.1" 200 20855 "-" "check_http/v2.3.3 (monitoring-plugins 2.3.3)"
93.95.228.246 - - [06/Aug/2024:06:47:36 +0000] "GET / HTTP/1.1" 200 20855 "-" "check_http/v2.3.3 (monitoring-plugins 2.3.3)"
154.12.95.106 - - [06/Aug/2024:06:46:31 +0000] "GET /wallpaper/maintain.php?sort=height HTTP/1.1" 200 35263 "-" "Mozilla/5.0 (Windows NT 10.0; Win64; x64) AppleWebKit/537.36 (KHTML, like Gecko) Chrome/125.0.0.0 Safari/537.36"
93.95.228.246 - - [06/Aug/2024:06:48:36 +0000] "GET / HTTP/1.1" 200 20855 "-" "check_http/v2.3.3 (monitoring-plugins 2.3.3)"
93.95.228.246 - - [06/Aug/2024:06:49:36 +0000] "GET / HTTP/1.1" 200 20855 "-" "check_http/v2.3.3 (monitoring-plugins 2.3.3)"
197.192.233.73 - - [06/Aug/2024:06:50:24 +0000] "GET /moon/index.php HTTP/2.0" 200 8791 "https://www.google.com/" "Mozilla/5.0 (Linux; Android 10; K) AppleWebKit/537.36 (KHTML, like Gecko) Chrome/114.0.0.0 Mobile Safari/537.36"
93.95.228.246 - - [06/Aug/2024:06:50:36 +0000] "GET / HTTP/1.1" 200 20854 "-" "check_http/v2.3.3 (monitoring-plugins 2.3.3)"
88.7.223.118 - - [06/Aug/2024:06:50:43 +0000] "GET / HTTP/1.1" 200 8074 "-" "Go-http-client/1.1"
93.95.228.246 - - [06/Aug/2024:06:51:36 +0000] "GET / HTTP/1.1" 200 20854 "-" "check_http/v2.3.3 (monitoring-plugins 2.3.3)"
93.95.228.246 - - [06/Aug/2024:06:52:36 +0000] "GET / HTTP/1.1" 200 20855 "-" "check_http/v2.3.3 (monitoring-plugins 2.3.3)"
93.95.228.246 - - [06/Aug/2024:06:53:37 +0000] "GET / HTTP/1.1" 200 20855 "-" "check_http/v2.3.3 (monitoring-plugins 2.3.3)"
156.59.198.136 - - [06/Aug/2024:06:54:21 +0000] "GET /parade/ADE/A3%20@00.svg HTTP/2.0" 200 5754 "-" "Mozilla/5.0 (Linux; Android 5.0) AppleWebKit/537.36 (KHTML, like Gecko) Mobile Safari/537.36 (compatible; Bytespider; spider-feedback@bytedance.com)"
93.95.228.246 - - [06/Aug/2024:06:54:36 +0000] "GET / HTTP/1.1" 200 20855 "-" "check_http/v2.3.3 (monitoring-plugins 2.3.3)"
93.95.228.246 - - [06/Aug/2024:06:55:36 +0000] "GET / HTTP/1.1" 200 20856 "-" "check_http/v2.3.3 (monitoring-plugins 2.3.3)"
87.250.224.243 - - [06/Aug/2024:06:56:01 +0000] "GET /robots.txt HTTP/1.1" 200 3258 "-" "Mozilla/5.0 (compatible; YandexBot/3.0; +http://yandex.com/bots)"
87.250.224.51 - - [06/Aug/2024:06:56:02 +0000] "GET /parade/R3R1.php HTTP/1.1" 404 5383 "-" "Mozilla/5.0 (compatible; YandexBot/3.0; +http://yandex.com/bots)"
93.95.228.246 - - [06/Aug/2024:06:56:36 +0000] "GET / HTTP/1.1" 200 20855 "-" "check_http/v2.3.3 (monitoring-plugins 2.3.3)"
173.252.95.21 - - [06/Aug/2024:06:56:41 +0000] "GET /djep/SSlogol.jpg HTTP/2.0" 200 5429 "-" "facebookexternalhit/1.1 (+http://www.facebook.com/externalhit_uatext.php)"
198.235.24.66 - - [06/Aug/2024:06:57:03 +0000] "GET / HTTP/1.1" 200 21185 "-" "Expanse, a Palo Alto Networks company, searches across the global IPv4 space multiple times per day to identify customers&#39; presences on the Internet. If you would like to be excluded from our scans, please send IP addresses/domains to: scaninfo@paloaltonetworks.com"
17.241.219.187 - - [06/Aug/2024:06:57:08 +0000] "GET /wallpaper/wallpaper.php?FILENAME=nice+vibe3.jpg HTTP/1.1" 200 11625 "-" "Mozilla/5.0 (Macintosh; Intel Mac OS X 10_15_7) AppleWebKit/605.1.15 (KHTML, like Gecko) Version/17.4 Safari/605.1.15 (Applebot/0.1; +http://www.apple.com/go/applebot)"
93.95.228.246 - - [06/Aug/2024:06:57:36 +0000] "GET / HTTP/1.1" 200 20855 "-" "check_http/v2.3.3 (monitoring-plugins 2.3.3)"
93.95.228.246 - - [06/Aug/2024:06:58:36 +0000] "GET / HTTP/1.1" 200 20855 "-" "check_http/v2.3.3 (monitoring-plugins 2.3.3)"
156.59.198.135 - - [06/Aug/2024:06:58:49 +0000] "GET /parade/ADE/A3%20@00.svg HTTP/2.0" 200 5755 "-" "Mozilla/5.0 (Linux; Android 5.0) AppleWebKit/537.36 (KHTML, like Gecko) Mobile Safari/537.36 (compatible; Bytespider; spider-feedback@bytedance.com)"
93.95.228.246 - - [06/Aug/2024:06:59:36 +0000] "GET / HTTP/1.1" 200 20855 "-" "check_http/v2.3.3 (monitoring-plugins 2.3.3)"
197.192.233.73 - - [06/Aug/2024:06:59:51 +0000] "GET /admin/logger.php?width=980&height=1587 HTTP/2.0" 200 307 "https://singsurf.org/moon/index.php" "Mozilla/5.0 (Linux; Android 10; K) AppleWebKit/537.36 (KHTML, like Gecko) Chrome/114.0.0.0 Mobile Safari/537.36"
197.192.233.73 - - [06/Aug/2024:06:59:59 +0000] "GET /moon/moonPeriod.gif HTTP/2.0" 200 18926 "-" "Mozilla/5.0 (Linux; Android 10; K) AppleWebKit/537.36 (KHTML, like Gecko) Chrome/114.0.0.0 Mobile Safari/537.36"
93.95.228.246 - - [06/Aug/2024:07:00:36 +0000] "GET / HTTP/1.1" 200 20855 "-" "check_http/v2.3.3 (monitoring-plugins 2.3.3)"
175.22.146.4 - - [06/Aug/2024:07:00:48 +0000] "GET / HTTP/1.1" 200 8066 "-" "Mozilla/5.0 (Windows NT 10.0) AppleWebKit/537.36 (KHTML, like Gecko) Chrome/64.0.3282.0 Safari/537.36"
175.22.146.4 - - [06/Aug/2024:07:00:49 +0000] "GET /data/uploads/images/cover-80.jpg HTTP/1.1" 200 85444 "-" "Go-http-client/1.1"
175.22.146.4 - - [06/Aug/2024:07:00:56 +0000] "GET /data/uploads/magazine/no80/pnlp-no-80-email-version.doc HTTP/1.1" 200 305750 "-" "Go-http-client/1.1"
93.95.228.246 - - [06/Aug/2024:07:01:36 +0000] "GET / HTTP/1.1" 200 20855 "-" "check_http/v2.3.3 (monitoring-plugins 2.3.3)"
54.36.148.186 - - [06/Aug/2024:07:01:37 +0000] "GET /papers/ HTTP/2.0" 200 1214 "-" "Mozilla/5.0 (compatible; AhrefsBot/7.0; +http://ahrefs.com/robot/)"
93.95.228.246 - - [06/Aug/2024:07:02:36 +0000] "GET / HTTP/1.1" 200 20855 "-" "check_http/v2.3.3 (monitoring-plugins 2.3.3)"
93.95.228.246 - - [06/Aug/2024:07:03:36 +0000] "GET / HTTP/1.1" 200 20854 "-" "check_http/v2.3.3 (monitoring-plugins 2.3.3)"
93.95.228.246 - - [06/Aug/2024:07:04:36 +0000] "GET / HTTP/1.1" 200 20854 "-" "check_http/v2.3.3 (monitoring-plugins 2.3.3)"
117.50.215.189 - - [06/Aug/2024:07:04:42 +0000] "GET /singsurf/asurf_algo.php HTTP/1.1" 200 6192 "-" "Mozilla/5.0 (compatible; ChatGLM-Spider/1.0; +https://chatglm.cn/)"
93.95.228.246 - - [06/Aug/2024:07:05:36 +0000] "GET / HTTP/1.1" 200 20855 "-" "check_http/v2.3.3 (monitoring-plugins 2.3.3)"
66.249.66.19 - - [06/Aug/2024:07:05:56 +0000] "GET /robots.txt HTTP/1.1" 200 3619 "-" "Mozilla/5.0 (compatible; Googlebot/2.1; +http://www.google.com/bot.html)"
66.249.66.18 - - [06/Aug/2024:07:05:56 +0000] "GET /wallpaper/maintain.php?sort=size&start=-111600 HTTP/1.1" 200 4134 "-" "Mozilla/5.0 (Linux; Android 6.0.1; Nexus 5X Build/MMB29P) AppleWebKit/537.36 (KHTML, like Gecko) Chrome/126.0.6478.182 Mobile Safari/537.36 (compatible; GoogleOther)"
114.119.129.176 - - [06/Aug/2024:07:06:20 +0000] "GET /robots.txt HTTP/1.1" 200 3244 "-" "Mozilla/5.0 (compatible;PetalBot;+https://webmaster.petalsearch.com/site/petalbot)"
175.22.146.4 - - [06/Aug/2024:07:01:30 +0000] "GET /data/uploads/magazine/no79/pnlp-no-79-cover-text.doc HTTP/1.1" 200 4507486 "-" "Go-http-client/1.1"
93.95.228.246 - - [06/Aug/2024:07:06:36 +0000] "GET / HTTP/1.1" 200 20854 "-" "check_http/v2.3.3 (monitoring-plugins 2.3.3)"
52.230.152.57 - - [06/Aug/2024:07:07:05 +0000] "GET /robots.txt HTTP/1.1" 200 3237 "http://singsurf.org/robots.txt" "Mozilla/5.0 AppleWebKit/537.36 (KHTML, like Gecko; compatible; GPTBot/1.2; +https://openai.com/gptbot)"
93.95.228.246 - - [06/Aug/2024:07:07:36 +0000] "GET / HTTP/1.1" 200 20855 "-" "check_http/v2.3.3 (monitoring-plugins 2.3.3)"
93.95.228.246 - - [06/Aug/2024:07:08:36 +0000] "GET / HTTP/1.1" 200 20856 "-" "check_http/v2.3.3 (monitoring-plugins 2.3.3)"
93.95.228.246 - - [06/Aug/2024:07:09:36 +0000] "GET / HTTP/1.1" 200 20855 "-" "check_http/v2.3.3 (monitoring-plugins 2.3.3)"
93.95.228.246 - - [06/Aug/2024:07:10:36 +0000] "GET / HTTP/1.1" 200 20855 "-" "check_http/v2.3.3 (monitoring-plugins 2.3.3)"
93.95.228.246 - - [06/Aug/2024:07:11:36 +0000] "GET / HTTP/1.1" 200 20855 "-" "check_http/v2.3.3 (monitoring-plugins 2.3.3)"
93.95.228.246 - - [06/Aug/2024:07:12:36 +0000] "GET / HTTP/1.1" 200 20856 "-" "check_http/v2.3.3 (monitoring-plugins 2.3.3)"
51.222.44.176 - - [06/Aug/2024:07:12:36 +0000] "GET / HTTP/1.1" 200 8804 "-" "Linux Mozilla"
51.222.44.176 - - [06/Aug/2024:07:12:41 +0000] "GET /?doors-test-article HTTP/1.1" 200 8804 "-" "Linux Mozilla"
51.222.44.176 - - [06/Aug/2024:07:12:46 +0000] "GET /doors-test-article HTTP/1.1" 404 5175 "-" "Linux Mozilla"
51.222.44.176 - - [06/Aug/2024:07:12:51 +0000] "GET /doors-test-article/ HTTP/1.1" 404 5177 "-" "Linux Mozilla"
93.95.228.246 - - [06/Aug/2024:07:13:36 +0000] "GET / HTTP/1.1" 200 20856 "-" "check_http/v2.3.3 (monitoring-plugins 2.3.3)"
216.244.66.246 - - [06/Aug/2024:07:14:12 +0000] "GET /robots.txt HTTP/1.1" 200 3066 "-" "Mozilla/5.0 (compatible; DotBot/1.2; +https://opensiteexplorer.org/dotbot; help@moz.com)"
93.95.228.246 - - [06/Aug/2024:07:14:36 +0000] "GET / HTTP/1.1" 200 20854 "-" "check_http/v2.3.3 (monitoring-plugins 2.3.3)"
93.95.228.246 - - [06/Aug/2024:07:15:36 +0000] "GET / HTTP/1.1" 200 20854 "-" "check_http/v2.3.3 (monitoring-plugins 2.3.3)"
216.244.66.246 - - [06/Aug/2024:07:16:13 +0000] "GET /wallpaper/wallpaper.php?FILENAME=107.jpg HTTP/1.1" 200 31756 "-" "Mozilla/5.0 (compatible; DotBot/1.2; +https://opensiteexplorer.org/dotbot; help@moz.com)"
66.249.66.18 - - [06/Aug/2024:07:16:19 +0000] "GET /djep/jep.php HTTP/1.1" 200 5839 "-" "Mozilla/5.0 (Linux; Android 6.0.1; Nexus 5X Build/MMB29P) AppleWebKit/537.36 (KHTML, like Gecko) Chrome/126.0.6478.182 Mobile Safari/537.36 (compatible; Googlebot/2.1; +http://www.google.com/bot.html)"
93.95.228.246 - - [06/Aug/2024:07:16:36 +0000] "GET / HTTP/1.1" 200 20856 "-" "check_http/v2.3.3 (monitoring-plugins 2.3.3)"
93.95.228.246 - - [06/Aug/2024:07:17:36 +0000] "GET / HTTP/1.1" 200 20855 "-" "check_http/v2.3.3 (monitoring-plugins 2.3.3)"
93.95.228.246 - - [06/Aug/2024:07:18:36 +0000] "GET / HTTP/1.1" 200 20856 "-" "check_http/v2.3.3 (monitoring-plugins 2.3.3)"
93.95.228.246 - - [06/Aug/2024:07:19:36 +0000] "GET / HTTP/1.1" 200 20856 "-" "check_http/v2.3.3 (monitoring-plugins 2.3.3)"
207.46.13.116 - - [06/Aug/2024:07:20:19 +0000] "GET /parade/singularities/A1surfAsml.png HTTP/2.0" 200 9873 "-" "Mozilla/5.0 (Windows NT 6.1; WOW64) AppleWebKit/534+ (KHTML, like Gecko) BingPreview/1.0b"
207.46.13.116 - - [06/Aug/2024:07:20:21 +0000] "GET /parade/singularities/A1surfAsml.png HTTP/2.0" 200 9794 "-" "Mozilla/5.0 (Windows NT 6.1; WOW64) AppleWebKit/534+ (KHTML, like Gecko) BingPreview/1.0b"
93.95.228.246 - - [06/Aug/2024:07:20:36 +0000] "GET / HTTP/1.1" 200 20854 "-" "check_http/v2.3.3 (monitoring-plugins 2.3.3)"
125.228.216.16 - - [06/Aug/2024:07:21:06 +0000] "GET /wallpaper/wallpaper.php HTTP/1.1" 200 11396 "-" "Mozilla/5.0 (Linux x86_64; rv:114.0) Gecko/20100101 Firefox/114.0"
93.95.228.246 - - [06/Aug/2024:07:21:36 +0000] "GET / HTTP/1.1" 200 20856 "-" "check_http/v2.3.3 (monitoring-plugins 2.3.3)"
93.95.228.246 - - [06/Aug/2024:07:22:36 +0000] "GET / HTTP/1.1" 200 20854 "-" "check_http/v2.3.3 (monitoring-plugins 2.3.3)"
52.230.152.230 - - [06/Aug/2024:07:23:35 +0000] "GET /robots.txt HTTP/1.1" 200 3238 "http://www.singsurf.org/robots.txt" "Mozilla/5.0 AppleWebKit/537.36 (KHTML, like Gecko; compatible; GPTBot/1.2; +https://openai.com/gptbot)"
93.95.228.246 - - [06/Aug/2024:07:23:36 +0000] "GET / HTTP/1.1" 200 20855 "-" "check_http/v2.3.3 (monitoring-plugins 2.3.3)"
66.249.66.163 - - [06/Aug/2024:07:23:44 +0000] "GET /robots.txt HTTP/1.1" 200 3618 "-" "Mozilla/5.0 (compatible; Googlebot/2.1; +http://www.google.com/bot.html)"
66.249.66.163 - - [06/Aug/2024:07:23:45 +0000] "GET /?ref=https://githubhelp.com HTTP/1.1" 200 6283 "-" "Mozilla/5.0 (Linux; Android 6.0.1; Nexus 5X Build/MMB29P) AppleWebKit/537.36 (KHTML, like Gecko) Chrome/126.0.6478.182 Mobile Safari/537.36 (compatible; Googlebot/2.1; +http://www.google.com/bot.html)"
93.95.228.246 - - [06/Aug/2024:07:24:37 +0000] "GET / HTTP/1.1" 200 20854 "-" "check_http/v2.3.3 (monitoring-plugins 2.3.3)"
104.28.198.34 - - [06/Aug/2024:07:24:58 +0000] "GET /wallpaper/wallpaper.php HTTP/1.0" 200 30359 "https://dreamscent.az/en" "Mozilla/5.0 (Windows NT 15.0.0; Win64; x64; ) AppleWebKit/537.36 (KHTML, like Gecko) Chrome/124.0.6367.119 Chrome/124.0.6367.119 Not-A.Brand/99  Safari/537.36"
104.28.198.34 - - [06/Aug/2024:07:25:02 +0000] "GET /wallpaper/wallpaper.php HTTP/1.0" 200 31420 "https://dreamscent.az/en" "Mozilla/5.0 (Windows NT 10.0.0; Win64; x64; ) AppleWebKit/537.36 (KHTML, like Gecko) Chrome/124.0.6367.62 Chrome/124.0.6367.62 Not-A.Brand/99  Safari/537.36"
93.95.228.246 - - [06/Aug/2024:07:25:36 +0000] "GET / HTTP/1.1" 200 20855 "-" "check_http/v2.3.3 (monitoring-plugins 2.3.3)"
93.95.228.246 - - [06/Aug/2024:07:26:36 +0000] "GET / HTTP/1.1" 200 20855 "-" "check_http/v2.3.3 (monitoring-plugins 2.3.3)"
93.95.228.246 - - [06/Aug/2024:07:27:36 +0000] "GET / HTTP/1.1" 200 20856 "-" "check_http/v2.3.3 (monitoring-plugins 2.3.3)"
92.249.174.224 - - [06/Aug/2024:07:28:23 +0000] "GET /papers/algsurf/index.html HTTP/2.0" 200 2011 "-" "Mozilla/5.0 (Windows NT 10.0; Win64; x64) AppleWebKit/537.36 (KHTML, like Gecko) Chrome/127.0.0.0 Safari/537.36"
52.230.152.41 - - [06/Aug/2024:07:28:34 +0000] "GET /robots.txt HTTP/1.1" 200 3061 "-" "Mozilla/5.0 AppleWebKit/537.36 (KHTML, like Gecko; compatible; GPTBot/1.2; +https://openai.com/gptbot)"
93.95.228.246 - - [06/Aug/2024:07:28:36 +0000] "GET / HTTP/1.1" 200 20854 "-" "check_http/v2.3.3 (monitoring-plugins 2.3.3)"
156.59.198.135 - - [06/Aug/2024:07:29:05 +0000] "GET /parade/ADE/D4%20A1a.svg HTTP/2.0" 200 6643 "-" "Mozilla/5.0 (Linux; Android 5.0) AppleWebKit/537.36 (KHTML, like Gecko) Mobile Safari/537.36 (compatible; Bytespider; spider-feedback@bytedance.com)"
52.230.152.38 - - [06/Aug/2024:07:29:06 +0000] "GET /data/uploads/music/uaa-04-monday-to-friday.mp3 HTTP/1.1" 200 5530557 "-" "Mozilla/5.0 AppleWebKit/537.36 (KHTML, like Gecko; compatible; GPTBot/1.2; +https://openai.com/gptbot)"
52.230.152.38 - - [06/Aug/2024:07:29:09 +0000] "GET /data/uploads/music/life-songs-21-hopi-prayer-for-peace.mp3 HTTP/1.1" 200 3420312 "-" "Mozilla/5.0 AppleWebKit/537.36 (KHTML, like Gecko; compatible; GPTBot/1.2; +https://openai.com/gptbot)"
52.230.152.38 - - [06/Aug/2024:07:29:11 +0000] "GET /data/uploads/music/uaa-06-macho-power-female-power.mp3 HTTP/1.1" 200 4600937 "-" "Mozilla/5.0 AppleWebKit/537.36 (KHTML, like Gecko; compatible; GPTBot/1.2; +https://openai.com/gptbot)"
52.230.152.38 - - [06/Aug/2024:07:29:14 +0000] "GET /data/uploads/music/uaa-11-tom-bombadilrs-song.mp3 HTTP/1.1" 200 2333970 "-" "Mozilla/5.0 AppleWebKit/537.36 (KHTML, like Gecko; compatible; GPTBot/1.2; +https://openai.com/gptbot)"
52.230.152.38 - - [06/Aug/2024:07:29:16 +0000] "GET /data/uploads/music/uaa-08-mule-skinner.mp3 HTTP/1.1" 200 6509559 "-" "Mozilla/5.0 AppleWebKit/537.36 (KHTML, like Gecko; compatible; GPTBot/1.2; +https://openai.com/gptbot)"
52.230.152.38 - - [06/Aug/2024:07:29:18 +0000] "GET /data/uploads/music/life-songs-16-gypsy-woman.mp3 HTTP/1.1" 200 4900174 "-" "Mozilla/5.0 AppleWebKit/537.36 (KHTML, like Gecko; compatible; GPTBot/1.2; +https://openai.com/gptbot)"
52.230.152.38 - - [06/Aug/2024:07:29:20 +0000] "GET /data/uploads/music/life-songs-07-lament-for-the-trees.mp3 HTTP/1.1" 200 4976253 "-" "Mozilla/5.0 AppleWebKit/537.36 (KHTML, like Gecko; compatible; GPTBot/1.2; +https://openai.com/gptbot)"
52.230.152.38 - - [06/Aug/2024:07:29:21 +0000] "GET /data/uploads/music/uaa-12-the-man-in-the-street-is-on-the-moon.mp3 HTTP/1.1" 200 3586286 "-" "Mozilla/5.0 AppleWebKit/537.36 (KHTML, like Gecko; compatible; GPTBot/1.2; +https://openai.com/gptbot)"
52.230.152.38 - - [06/Aug/2024:07:29:23 +0000] "GET /data/uploads/music/life-songs-14-it-blows-as-cool-as-the-wind-on-the-crag.mp3 HTTP/1.1" 200 7167141 "-" "Mozilla/5.0 AppleWebKit/537.36 (KHTML, like Gecko; compatible; GPTBot/1.2; +https://openai.com/gptbot)"
52.230.152.38 - - [06/Aug/2024:07:29:24 +0000] "GET /data/uploads/music/life-songs-15-dumba.mp3 HTTP/1.1" 200 2052331 "-" "Mozilla/5.0 AppleWebKit/537.36 (KHTML, like Gecko; compatible; GPTBot/1.2; +https://openai.com/gptbot)"
52.230.152.38 - - [06/Aug/2024:07:29:26 +0000] "GET /data/uploads/music/life-songs-09-ron-macdonald-had-a-farm.mp3 HTTP/1.1" 200 3335433 "-" "Mozilla/5.0 AppleWebKit/537.36 (KHTML, like Gecko; compatible; GPTBot/1.2; +https://openai.com/gptbot)"
52.230.152.38 - - [06/Aug/2024:07:29:27 +0000] "GET /data/uploads/music/uaa-18-paranoia.mp3 HTTP/1.1" 200 7542457 "-" "Mozilla/5.0 AppleWebKit/537.36 (KHTML, like Gecko; compatible; GPTBot/1.2; +https://openai.com/gptbot)"
52.230.152.38 - - [06/Aug/2024:07:29:30 +0000] "GET /data/uploads/music/life-songs-03-greenland.mp3 HTTP/1.1" 200 9683685 "-" "Mozilla/5.0 AppleWebKit/537.36 (KHTML, like Gecko; compatible; GPTBot/1.2; +https://openai.com/gptbot)"
52.230.152.38 - - [06/Aug/2024:07:29:31 +0000] "GET /data/uploads/music/life-songs-06-privatized.mp3 HTTP/1.1" 200 1579930 "-" "Mozilla/5.0 AppleWebKit/537.36 (KHTML, like Gecko; compatible; GPTBot/1.2; +https://openai.com/gptbot)"
52.230.152.38 - - [06/Aug/2024:07:29:32 +0000] "GET /data/uploads/music/uaa-01-present-arms.mp3 HTTP/1.1" 200 1140784 "-" "Mozilla/5.0 AppleWebKit/537.36 (KHTML, like Gecko; compatible; GPTBot/1.2; +https://openai.com/gptbot)"
52.230.152.38 - - [06/Aug/2024:07:29:33 +0000] "GET /data/uploads/music/uaa-09-down-barbican-way.mp3 HTTP/1.1" 200 4868739 "-" "Mozilla/5.0 AppleWebKit/537.36 (KHTML, like Gecko; compatible; GPTBot/1.2; +https://openai.com/gptbot)"
52.230.152.38 - - [06/Aug/2024:07:29:35 +0000] "GET /data/uploads/music/life-songs-13-pale-blue-shell-of-the-sky.mp3 HTTP/1.1" 200 2316371 "-" "Mozilla/5.0 AppleWebKit/537.36 (KHTML, like Gecko; compatible; GPTBot/1.2; +https://openai.com/gptbot)"
93.95.228.246 - - [06/Aug/2024:07:29:36 +0000] "GET / HTTP/1.1" 200 20856 "-" "check_http/v2.3.3 (monitoring-plugins 2.3.3)"
52.230.152.38 - - [06/Aug/2024:07:29:36 +0000] "GET /data/uploads/music/life-songs-01-elegy-of-plastic-puke.mp3 HTTP/1.1" 200 2168645 "-" "Mozilla/5.0 AppleWebKit/537.36 (KHTML, like Gecko; compatible; GPTBot/1.2; +https://openai.com/gptbot)"
52.230.152.38 - - [06/Aug/2024:07:29:38 +0000] "GET /data/uploads/music/uaa-02-man-itrs-dead.mp3 HTTP/1.1" 200 3957192 "-" "Mozilla/5.0 AppleWebKit/537.36 (KHTML, like Gecko; compatible; GPTBot/1.2; +https://openai.com/gptbot)"
52.230.152.38 - - [06/Aug/2024:07:29:39 +0000] "GET /data/uploads/music/life-songs-12-ramblijng-man-blues.mp3 HTTP/1.1" 200 5888450 "-" "Mozilla/5.0 AppleWebKit/537.36 (KHTML, like Gecko; compatible; GPTBot/1.2; +https://openai.com/gptbot)"
52.230.152.38 - - [06/Aug/2024:07:29:41 +0000] "GET /data/uploads/music/life-songs-04-recipe-to-make-a-system-man.mp3 HTTP/1.1" 200 6089620 "-" "Mozilla/5.0 AppleWebKit/537.36 (KHTML, like Gecko; compatible; GPTBot/1.2; +https://openai.com/gptbot)"
52.230.152.38 - - [06/Aug/2024:07:29:42 +0000] "GET /data/uploads/music/life-songs-17-raindance-sunflame.mp3 HTTP/1.1" 200 4493444 "-" "Mozilla/5.0 AppleWebKit/537.36 (KHTML, like Gecko; compatible; GPTBot/1.2; +https://openai.com/gptbot)"
52.230.152.38 - - [06/Aug/2024:07:29:44 +0000] "GET /data/uploads/music/life-songs-20-dance-of-freedom.mp3 HTTP/1.1" 200 2437074 "-" "Mozilla/5.0 AppleWebKit/537.36 (KHTML, like Gecko; compatible; GPTBot/1.2; +https://openai.com/gptbot)"
52.230.152.167 - - [06/Aug/2024:07:29:46 +0000] "GET /data/uploads/music/uaa-05-unemployed-blues.mp3 HTTP/1.1" 200 5437012 "-" "Mozilla/5.0 AppleWebKit/537.36 (KHTML, like Gecko; compatible; GPTBot/1.2; +https://openai.com/gptbot)"
52.230.152.167 - - [06/Aug/2024:07:29:47 +0000] "GET /data/uploads/music/uaa-17-t-for-texas.mp3 HTTP/1.1" 200 7258204 "-" "Mozilla/5.0 AppleWebKit/537.36 (KHTML, like Gecko; compatible; GPTBot/1.2; +https://openai.com/gptbot)"
52.230.152.167 - - [06/Aug/2024:07:29:49 +0000] "GET /data/uploads/music/life-songs-19-get-me-back-into-the-earth.mp3 HTTP/1.1" 200 3796255 "-" "Mozilla/5.0 AppleWebKit/537.36 (KHTML, like Gecko; compatible; GPTBot/1.2; +https://openai.com/gptbot)"
52.230.152.167 - - [06/Aug/2024:07:29:51 +0000] "GET /data/uploads/music/life-songs-08-zones.mp3 HTTP/1.1" 200 3523416 "-" "Mozilla/5.0 AppleWebKit/537.36 (KHTML, like Gecko; compatible; GPTBot/1.2; +https://openai.com/gptbot)"
52.230.152.167 - - [06/Aug/2024:07:29:52 +0000] "GET /data/uploads/music/life-songs-11-rainbow-bird-dance.mp3 HTTP/1.1" 200 2557776 "-" "Mozilla/5.0 AppleWebKit/537.36 (KHTML, like Gecko; compatible; GPTBot/1.2; +https://openai.com/gptbot)"
52.230.152.167 - - [06/Aug/2024:07:29:54 +0000] "GET /data/uploads/music/life-songs-18-automatic-control.mp3 HTTP/1.1" 200 5271102 "-" "Mozilla/5.0 AppleWebKit/537.36 (KHTML, like Gecko; compatible; GPTBot/1.2; +https://openai.com/gptbot)"
52.230.152.167 - - [06/Aug/2024:07:29:55 +0000] "GET /data/uploads/music/uaa-13-the-book-of-bull.mp3 HTTP/1.1" 200 4971843 "-" "Mozilla/5.0 AppleWebKit/537.36 (KHTML, like Gecko; compatible; GPTBot/1.2; +https://openai.com/gptbot)"
52.230.152.167 - - [06/Aug/2024:07:29:57 +0000] "GET /data/uploads/music/uaa-07-treat-yourself-to-bread-and-honey.mp3 HTTP/1.1" 200 3447336 "-" "Mozilla/5.0 AppleWebKit/537.36 (KHTML, like Gecko; compatible; GPTBot/1.2; +https://openai.com/gptbot)"
52.230.152.167 - - [06/Aug/2024:07:29:58 +0000] "GET /data/uploads/music/uaa-15-i-wanna-be-a-rock-nr-roll-star.mp3 HTTP/1.1" 200 3862887 "-" "Mozilla/5.0 AppleWebKit/537.36 (KHTML, like Gecko; compatible; GPTBot/1.2; +https://openai.com/gptbot)"
52.230.152.167 - - [06/Aug/2024:07:30:00 +0000] "GET /data/uploads/music/life-songs-05-babylon-zion.mp3 HTTP/1.1" 200 3568038 "-" "Mozilla/5.0 AppleWebKit/537.36 (KHTML, like Gecko; compatible; GPTBot/1.2; +https://openai.com/gptbot)"
52.230.152.167 - - [06/Aug/2024:07:30:01 +0000] "GET /data/uploads/music/uaa-16-crucified-on-the-national-grid.mp3 HTTP/1.1" 200 2915494 "-" "Mozilla/5.0 AppleWebKit/537.36 (KHTML, like Gecko; compatible; GPTBot/1.2; +https://openai.com/gptbot)"
52.230.152.167 - - [06/Aug/2024:07:30:03 +0000] "GET /data/uploads/music/uaa-10-chcken-train.mp3 HTTP/1.1" 200 4963044 "-" "Mozilla/5.0 AppleWebKit/537.36 (KHTML, like Gecko; compatible; GPTBot/1.2; +https://openai.com/gptbot)"
52.230.152.167 - - [06/Aug/2024:07:30:04 +0000] "GET /data/uploads/music/life-songs-02-concrete-concrete-uber-alles-copy.mp3 HTTP/1.1" 200 7475177 "-" "Mozilla/5.0 AppleWebKit/537.36 (KHTML, like Gecko; compatible; GPTBot/1.2; +https://openai.com/gptbot)"
52.230.152.167 - - [06/Aug/2024:07:30:06 +0000] "GET /data/uploads/music/uaa-14-the-only-good-guru-is-a-dead-guru.mp3 HTTP/1.1" 200 7552635 "-" "Mozilla/5.0 AppleWebKit/537.36 (KHTML, like Gecko; compatible; GPTBot/1.2; +https://openai.com/gptbot)"
52.230.152.167 - - [06/Aug/2024:07:30:08 +0000] "GET /data/uploads/music/uaa-03-dead-or-alive-itrs-a-hard-hassle.mp3 HTTP/1.1" 200 8159178 "-" "Mozilla/5.0 AppleWebKit/537.36 (KHTML, like Gecko; compatible; GPTBot/1.2; +https://openai.com/gptbot)"
52.230.152.167 - - [06/Aug/2024:07:30:10 +0000] "GET /data/uploads/music/life-songs-10-havivikaltawi-or-song-of-awakening.mp3 HTTP/1.1" 200 4431201 "-" "Mozilla/5.0 AppleWebKit/537.36 (KHTML, like Gecko; compatible; GPTBot/1.2; +https://openai.com/gptbot)"
52.230.152.167 - - [06/Aug/2024:07:30:12 +0000] "GET /data/uploads/art/pic13sml.jpg HTTP/1.1" 200 114430 "-" "Mozilla/5.0 AppleWebKit/537.36 (KHTML, like Gecko; compatible; GPTBot/1.2; +https://openai.com/gptbot)"
52.230.152.167 - - [06/Aug/2024:07:30:14 +0000] "GET /data/uploads/art/pic2crop.jpg HTTP/1.1" 200 23263 "-" "Mozilla/5.0 AppleWebKit/537.36 (KHTML, like Gecko; compatible; GPTBot/1.2; +https://openai.com/gptbot)"
52.230.152.167 - - [06/Aug/2024:07:30:16 +0000] "GET /data/uploads/art/pic11sml.jpg HTTP/1.1" 200 86024 "-" "Mozilla/5.0 AppleWebKit/537.36 (KHTML, like Gecko; compatible; GPTBot/1.2; +https://openai.com/gptbot)"
52.230.152.167 - - [06/Aug/2024:07:30:17 +0000] "GET /data/uploads/art/pic16crop.jpg HTTP/1.1" 200 110532 "-" "Mozilla/5.0 AppleWebKit/537.36 (KHTML, like Gecko; compatible; GPTBot/1.2; +https://openai.com/gptbot)"
52.230.152.167 - - [06/Aug/2024:07:30:19 +0000] "GET /data/uploads/art/pic20sml.jpg HTTP/1.1" 200 111177 "-" "Mozilla/5.0 AppleWebKit/537.36 (KHTML, like Gecko; compatible; GPTBot/1.2; +https://openai.com/gptbot)"
52.230.152.167 - - [06/Aug/2024:07:30:20 +0000] "GET /data/uploads/art/pic14.jpg HTTP/1.1" 200 206705 "-" "Mozilla/5.0 AppleWebKit/537.36 (KHTML, like Gecko; compatible; GPTBot/1.2; +https://openai.com/gptbot)"
52.230.152.167 - - [06/Aug/2024:07:30:22 +0000] "GET /data/uploads/art/pic8crop.jpg HTTP/1.1" 200 118064 "-" "Mozilla/5.0 AppleWebKit/537.36 (KHTML, like Gecko; compatible; GPTBot/1.2; +https://openai.com/gptbot)"
52.230.152.167 - - [06/Aug/2024:07:30:23 +0000] "GET /data/uploads/art/pic24.jpg HTTP/1.1" 200 270582 "-" "Mozilla/5.0 AppleWebKit/537.36 (KHTML, like Gecko; compatible; GPTBot/1.2; +https://openai.com/gptbot)"
52.230.152.167 - - [06/Aug/2024:07:30:25 +0000] "GET /data/uploads/art/pic9sml.jpg HTTP/1.1" 200 108121 "-" "Mozilla/5.0 AppleWebKit/537.36 (KHTML, like Gecko; compatible; GPTBot/1.2; +https://openai.com/gptbot)"
52.230.152.167 - - [06/Aug/2024:07:30:26 +0000] "GET /data/uploads/art/pic5.jpg HTTP/1.1" 200 254168 "-" "Mozilla/5.0 AppleWebKit/537.36 (KHTML, like Gecko; compatible; GPTBot/1.2; +https://openai.com/gptbot)"
52.230.152.167 - - [06/Aug/2024:07:30:28 +0000] "GET /data/uploads/art/pic18crop.jpg HTTP/1.1" 200 119414 "-" "Mozilla/5.0 AppleWebKit/537.36 (KHTML, like Gecko; compatible; GPTBot/1.2; +https://openai.com/gptbot)"
52.230.152.167 - - [06/Aug/2024:07:30:29 +0000] "GET /data/uploads/art/pic19crop.jpg HTTP/1.1" 200 141725 "-" "Mozilla/5.0 AppleWebKit/537.36 (KHTML, like Gecko; compatible; GPTBot/1.2; +https://openai.com/gptbot)"
52.230.152.167 - - [06/Aug/2024:07:30:31 +0000] "GET /data/uploads/art/pic25.jpg HTTP/1.1" 200 271805 "-" "Mozilla/5.0 AppleWebKit/537.36 (KHTML, like Gecko; compatible; GPTBot/1.2; +https://openai.com/gptbot)"
52.230.152.167 - - [06/Aug/2024:07:30:32 +0000] "GET /data/uploads/art/pic23sml.jpg HTTP/1.1" 200 108925 "-" "Mozilla/5.0 AppleWebKit/537.36 (KHTML, like Gecko; compatible; GPTBot/1.2; +https://openai.com/gptbot)"
52.230.152.167 - - [06/Aug/2024:07:30:34 +0000] "GET /data/uploads/art/pic21sml.jpg HTTP/1.1" 200 111657 "-" "Mozilla/5.0 AppleWebKit/537.36 (KHTML, like Gecko; compatible; GPTBot/1.2; +https://openai.com/gptbot)"
52.230.152.167 - - [06/Aug/2024:07:30:35 +0000] "GET /data/uploads/art/pic1.jpg HTTP/1.1" 200 222215 "-" "Mozilla/5.0 AppleWebKit/537.36 (KHTML, like Gecko; compatible; GPTBot/1.2; +https://openai.com/gptbot)"
93.95.228.246 - - [06/Aug/2024:07:30:36 +0000] "GET / HTTP/1.1" 200 20855 "-" "check_http/v2.3.3 (monitoring-plugins 2.3.3)"
52.230.152.167 - - [06/Aug/2024:07:30:37 +0000] "GET /data/uploads/art/pic3crop.jpg HTTP/1.1" 200 71830 "-" "Mozilla/5.0 AppleWebKit/537.36 (KHTML, like Gecko; compatible; GPTBot/1.2; +https://openai.com/gptbot)"
52.230.152.167 - - [06/Aug/2024:07:30:38 +0000] "GET /data/uploads/art/pic4crop.jpg HTTP/1.1" 200 54291 "-" "Mozilla/5.0 AppleWebKit/537.36 (KHTML, like Gecko; compatible; GPTBot/1.2; +https://openai.com/gptbot)"
85.208.96.209 - - [06/Aug/2024:07:30:38 +0000] "GET /robots.txt HTTP/1.1" 200 3244 "-" "Mozilla/5.0 (compatible; SemrushBot/7~bl; +http://www.semrush.com/bot.html)"
52.230.152.167 - - [06/Aug/2024:07:30:40 +0000] "GET /data/uploads/art/pic7sml.jpg HTTP/1.1" 200 80114 "-" "Mozilla/5.0 AppleWebKit/537.36 (KHTML, like Gecko; compatible; GPTBot/1.2; +https://openai.com/gptbot)"
52.230.152.167 - - [06/Aug/2024:07:30:41 +0000] "GET /data/uploads/art/pic15sml.jpg HTTP/1.1" 200 115268 "-" "Mozilla/5.0 AppleWebKit/537.36 (KHTML, like Gecko; compatible; GPTBot/1.2; +https://openai.com/gptbot)"
52.230.152.167 - - [06/Aug/2024:07:30:43 +0000] "GET /data/uploads/art/pic10sml.jpg HTTP/1.1" 200 126037 "-" "Mozilla/5.0 AppleWebKit/537.36 (KHTML, like Gecko; compatible; GPTBot/1.2; +https://openai.com/gptbot)"
52.230.152.167 - - [06/Aug/2024:07:30:44 +0000] "GET /data/uploads/art/pic22crop.jpg HTTP/1.1" 200 133872 "-" "Mozilla/5.0 AppleWebKit/537.36 (KHTML, like Gecko; compatible; GPTBot/1.2; +https://openai.com/gptbot)"
185.191.171.12 - - [06/Aug/2024:07:30:45 +0000] "GET /djep/GWTASurf.php HTTP/1.1" 200 6124 "-" "Mozilla/5.0 (compatible; SemrushBot/7~bl; +http://www.semrush.com/bot.html)"
