47.128.22.2 - - [06/Aug/2024:02:42:16 +0000] "GET /djep/GWTFunctionPlot.php HTTP/2.0" 200 2967 "-" "Mozilla/5.0 (compatible; Bytespider; spider-feedback@bytedance.com) AppleWebKit/537.36 (KHTML, like Gecko) Chrome/70.0.0.0 Safari/537.36"
47.128.22.2 - - [06/Aug/2024:02:42:16 +0000] "GET /djep/GWTJep2.css HTTP/2.0" 200 1225 "https://www.singsurf.org/djep/GWTFunctionPlot.php" "Mozilla/5.0 (compatible; Bytespider; spider-feedback@bytedance.com) AppleWebKit/537.36 (KHTML, like Gecko) Chrome/70.0.0.0 Safari/537.36"
47.128.22.2 - - [06/Aug/2024:02:42:16 +0000] "GET /djep/gwtUtil.js HTTP/2.0" 200 2187 "https://www.singsurf.org/djep/GWTFunctionPlot.php" "Mozilla/5.0 (compatible; Bytespider; spider-feedback@bytedance.com) AppleWebKit/537.36 (KHTML, like Gecko) Chrome/70.0.0.0 Safari/537.36"
93.95.228.246 - - [06/Aug/2024:02:42:36 +0000] "GET / HTTP/1.1" 200 20855 "-" "check_http/v2.3.3 (monitoring-plugins 2.3.3)"
93.95.228.246 - - [06/Aug/2024:02:43:36 +0000] "GET / HTTP/1.1" 200 20856 "-" "check_http/v2.3.3 (monitoring-plugins 2.3.3)"
131.153.143.50 - - [06/Aug/2024:02:43:53 +0000] "GET / HTTP/1.1" 200 9042 "-" "Mozilla/5.0 (Windows NT 10.0; Win64; x64) AppleWebKit/537.36 (KHTML, like Gecko) Chrome/106.0.0.0 Safari/537.36"
138.246.237.240 - - [06/Aug/2024:02:43:58 +0000] "GET /robots.txt HTTP/1.1" 200 3634 "-" "Owler (ows.eu/owler)"
138.246.237.240 - - [06/Aug/2024:02:43:58 +0000] "GET /papers/subpar/robust.pdf HTTP/1.1" 200 343945 "-" "Owler (ows.eu/owler)"
93.95.228.246 - - [06/Aug/2024:02:44:36 +0000] "GET / HTTP/1.1" 200 20855 "-" "check_http/v2.3.3 (monitoring-plugins 2.3.3)"
156.59.198.135 - - [06/Aug/2024:02:44:52 +0000] "GET /parade/ADE/A3%20000.svg HTTP/2.0" 200 5750 "-" "Mozilla/5.0 (Linux; Android 5.0) AppleWebKit/537.36 (KHTML, like Gecko) Mobile Safari/537.36 (compatible; Bytespider; spider-feedback@bytedance.com)"
114.119.151.153 - - [06/Aug/2024:02:45:27 +0000] "GET /robots.txt HTTP/1.1" 200 3068 "-" "Mozilla/5.0 (compatible;PetalBot;+https://webmaster.petalsearch.com/site/petalbot)"
93.95.228.246 - - [06/Aug/2024:02:45:36 +0000] "GET / HTTP/1.1" 200 20855 "-" "check_http/v2.3.3 (monitoring-plugins 2.3.3)"
93.95.228.246 - - [06/Aug/2024:02:46:36 +0000] "GET / HTTP/1.1" 200 20855 "-" "check_http/v2.3.3 (monitoring-plugins 2.3.3)"
103.130.91.248 - - [06/Aug/2024:02:46:42 +0000] "GET /pfaf/wholeSite05.jpg HTTP/2.0" 200 37129 "https://www.quora.com/" "Mozilla/5.0 (Linux; Android 10; K) AppleWebKit/537.36 (KHTML, like Gecko) Chrome/127.0.0.0 Mobile Safari/537.36"
93.95.228.246 - - [06/Aug/2024:02:47:36 +0000] "GET / HTTP/1.1" 200 20855 "-" "check_http/v2.3.3 (monitoring-plugins 2.3.3)"
93.95.228.246 - - [06/Aug/2024:02:48:36 +0000] "GET / HTTP/1.1" 200 20855 "-" "check_http/v2.3.3 (monitoring-plugins 2.3.3)"
93.95.228.246 - - [06/Aug/2024:02:49:36 +0000] "GET / HTTP/1.1" 200 20856 "-" "check_http/v2.3.3 (monitoring-plugins 2.3.3)"
195.191.219.132 - - [06/Aug/2024:02:50:02 +0000] "GET /robots.txt HTTP/1.1" 200 3013 "-" "Mozilla/5.0 (compatible; MJ12bot/v1.4.8; http://mj12bot.com/)"
195.191.219.132 - - [06/Aug/2024:02:50:06 +0000] "GET / HTTP/1.1" 200 6235 "-" "Mozilla/5.0 (compatible; MJ12bot/v1.4.8; http://mj12bot.com/)"
195.191.219.132 - - [06/Aug/2024:02:50:08 +0000] "GET / HTTP/1.1" 200 6235 "-" "Mozilla/5.0 (compatible; MJ12bot/v1.4.8; http://mj12bot.com/)"
195.191.219.132 - - [06/Aug/2024:02:50:10 +0000] "GET /brain/rightbrain.php HTTP/1.1" 200 41306 "-" "Mozilla/5.0 (compatible; MJ12bot/v1.4.8; http://mj12bot.com/)"
195.191.219.132 - - [06/Aug/2024:02:50:14 +0000] "GET /polyhedra/uniform.html HTTP/1.1" 404 2618 "-" "Mozilla/5.0 (compatible; MJ12bot/v1.4.8; http://mj12bot.com/)"
195.191.219.132 - - [06/Aug/2024:02:50:18 +0000] "GET /wallpaper/wallpaper.php HTTP/1.1" 200 8497 "-" "Mozilla/5.0 (compatible; MJ12bot/v1.4.8; http://mj12bot.com/)"
93.95.228.246 - - [06/Aug/2024:02:50:36 +0000] "GET / HTTP/1.1" 200 20855 "-" "check_http/v2.3.3 (monitoring-plugins 2.3.3)"
66.220.149.10 - - [06/Aug/2024:02:50:54 +0000] "GET /wallpaper/maintain.php?sort=rhits&start=-10500 HTTP/2.0" 200 1781 "-" "facebookexternalhit/1.1 (+http://www.facebook.com/externalhit_uatext.php)"
93.95.228.246 - - [06/Aug/2024:02:51:37 +0000] "GET / HTTP/1.1" 200 20856 "-" "check_http/v2.3.3 (monitoring-plugins 2.3.3)"
93.95.228.246 - - [06/Aug/2024:02:52:36 +0000] "GET / HTTP/1.1" 200 20854 "-" "check_http/v2.3.3 (monitoring-plugins 2.3.3)"
93.95.228.246 - - [06/Aug/2024:02:53:36 +0000] "GET / HTTP/1.1" 200 20854 "-" "check_http/v2.3.3 (monitoring-plugins 2.3.3)"
93.95.228.246 - - [06/Aug/2024:02:54:36 +0000] "GET / HTTP/1.1" 200 20855 "-" "check_http/v2.3.3 (monitoring-plugins 2.3.3)"
17.241.227.30 - - [06/Aug/2024:02:55:09 +0000] "GET /wallpaper/wallpaper.php?FILENAME=vc0423_lg.png HTTP/1.1" 200 11731 "-" "Mozilla/5.0 (Macintosh; Intel Mac OS X 10_15_7) AppleWebKit/605.1.15 (KHTML, like Gecko) Version/17.4 Safari/605.1.15 (Applebot/0.1; +http://www.apple.com/go/applebot)"
38.145.203.51 - - [06/Aug/2024:02:55:32 +0000] "GET /img/sixtyfivesmall.gif HTTP/1.1" 404 5330 "-" "Mozilla/5.0 (X11; Ubuntu; Linux x86_64; rv:72.0) Gecko/20100101 Firefox/72.0"
93.95.228.246 - - [06/Aug/2024:02:55:36 +0000] "GET / HTTP/1.1" 200 20855 "-" "check_http/v2.3.3 (monitoring-plugins 2.3.3)"
93.95.228.246 - - [06/Aug/2024:02:56:36 +0000] "GET / HTTP/1.1" 200 20856 "-" "check_http/v2.3.3 (monitoring-plugins 2.3.3)"
195.191.219.131 - - [06/Aug/2024:02:57:19 +0000] "GET /robots.txt HTTP/1.1" 200 3011 "-" "Mozilla/5.0 (compatible; MJ12bot/v1.4.8; http://mj12bot.com/)"
195.191.219.131 - - [06/Aug/2024:02:57:23 +0000] "GET /brain/rightbrain.php HTTP/1.1" 200 38780 "-" "Mozilla/5.0 (compatible; MJ12bot/v1.4.8; http://mj12bot.com/)"
195.191.219.131 - - [06/Aug/2024:02:57:26 +0000] "GET /index.php HTTP/1.1" 200 6235 "-" "Mozilla/5.0 (compatible; MJ12bot/v1.4.8; http://mj12bot.com/)"
195.191.219.131 - - [06/Aug/2024:02:57:28 +0000] "GET /wallpaper/wallpaper.php HTTP/1.1" 200 8467 "-" "Mozilla/5.0 (compatible; MJ12bot/v1.4.8; http://mj12bot.com/)"
93.95.228.246 - - [06/Aug/2024:02:57:36 +0000] "GET / HTTP/1.1" 200 20855 "-" "check_http/v2.3.3 (monitoring-plugins 2.3.3)"
52.230.152.254 - - [06/Aug/2024:02:58:17 +0000] "GET /robots.txt HTTP/1.1" 200 3237 "http://singsurf.org/robots.txt" "Mozilla/5.0 AppleWebKit/537.36 (KHTML, like Gecko; compatible; GPTBot/1.2; +https://openai.com/gptbot)"
93.95.228.246 - - [06/Aug/2024:02:58:36 +0000] "GET / HTTP/1.1" 200 20855 "-" "check_http/v2.3.3 (monitoring-plugins 2.3.3)"
93.95.228.246 - - [06/Aug/2024:02:59:36 +0000] "GET / HTTP/1.1" 200 20854 "-" "check_http/v2.3.3 (monitoring-plugins 2.3.3)"
185.243.218.202 - - [06/Aug/2024:02:59:57 +0000] "GET /things/fourbar.php HTTP/1.1" 200 10630 "https://singsurf.org/" "Mozilla/5.0 (X11; Linux i686) AppleWebKit/537.36 (KHTML, like Gecko) Chrome/114.0.0.0 Safari/537.36 Vivaldi/5.3.2679.68"
185.220.101.46 - - [06/Aug/2024:03:00:02 +0000] "GET /things/volume.php HTTP/1.1" 200 7377 "https://singsurf.org/things/fourbar.php" "Mozilla/5.0 (X11; Linux i686) AppleWebKit/537.36 (KHTML, like Gecko) Chrome/114.0.0.0 Safari/537.36 Vivaldi/5.3.2679.68"
93.95.228.246 - - [06/Aug/2024:03:00:36 +0000] "GET / HTTP/1.1" 200 20855 "-" "check_http/v2.3.3 (monitoring-plugins 2.3.3)"
93.95.228.246 - - [06/Aug/2024:03:01:36 +0000] "GET / HTTP/1.1" 200 20855 "-" "check_http/v2.3.3 (monitoring-plugins 2.3.3)"
85.208.96.210 - - [06/Aug/2024:03:01:59 +0000] "GET /robots.txt HTTP/1.1" 200 3244 "-" "Mozilla/5.0 (compatible; SemrushBot/7~bl; +http://www.semrush.com/bot.html)"
85.208.96.212 - - [06/Aug/2024:03:02:00 +0000] "GET /wallpaper/wallpaper.php?FILENAME=TAZ-block.jpg HTTP/1.1" 200 11258 "-" "Mozilla/5.0 (compatible; SemrushBot/7~bl; +http://www.semrush.com/bot.html)"
93.95.228.246 - - [06/Aug/2024:03:02:36 +0000] "GET / HTTP/1.1" 200 20854 "-" "check_http/v2.3.3 (monitoring-plugins 2.3.3)"
110.42.66.211 - - [06/Aug/2024:03:02:53 +0000] "GET / HTTP/1.1" 200 14582 "https://www.phoenixnewlifepoetry.uk/" "Mozilla/4.0 (compatible; MSIE 9.0; Windows NT 6.1)"
93.95.228.246 - - [06/Aug/2024:03:03:36 +0000] "GET / HTTP/1.1" 200 20856 "-" "check_http/v2.3.3 (monitoring-plugins 2.3.3)"
85.208.96.208 - - [06/Aug/2024:03:03:51 +0000] "GET /robots.txt HTTP/1.1" 200 3244 "-" "Mozilla/5.0 (compatible; SemrushBot/7~bl; +http://www.semrush.com/bot.html)"
85.208.96.212 - - [06/Aug/2024:03:03:51 +0000] "GET /parade/binary.php HTTP/1.1" 200 5349 "-" "Mozilla/5.0 (compatible; SemrushBot/7~bl; +http://www.semrush.com/bot.html)"
93.95.228.246 - - [06/Aug/2024:03:04:36 +0000] "GET / HTTP/1.1" 200 20855 "-" "check_http/v2.3.3 (monitoring-plugins 2.3.3)"
93.95.228.246 - - [06/Aug/2024:03:05:36 +0000] "GET / HTTP/1.1" 200 20855 "-" "check_http/v2.3.3 (monitoring-plugins 2.3.3)"
93.95.228.246 - - [06/Aug/2024:03:06:36 +0000] "GET / HTTP/1.1" 200 20855 "-" "check_http/v2.3.3 (monitoring-plugins 2.3.3)"
93.95.228.246 - - [06/Aug/2024:03:07:36 +0000] "GET / HTTP/1.1" 200 20855 "-" "check_http/v2.3.3 (monitoring-plugins 2.3.3)"
156.59.198.135 - - [06/Aug/2024:03:07:43 +0000] "GET /parade/ADE/A1%20short.svg HTTP/2.0" 200 3515 "-" "Mozilla/5.0 (Linux; Android 5.0) AppleWebKit/537.36 (KHTML, like Gecko) Mobile Safari/537.36 (compatible; Bytespider; spider-feedback@bytedance.com)"
54.36.149.84 - - [06/Aug/2024:03:07:48 +0000] "GET /polyhedra/uniform.php HTTP/2.0" 200 4712 "-" "Mozilla/5.0 (compatible; AhrefsBot/7.0; +http://ahrefs.com/robot/)"
195.154.123.138 - - [06/Aug/2024:03:07:49 +0000] "GET /lib/vrml.js HTTP/2.0" 200 1074 "https://www.singsurf.org/polyhedra/uniform.php" "Mozilla/5.0 (compatible; AhrefsBot/7.0; +http://ahrefs.com/robot/)"
195.154.123.138 - - [06/Aug/2024:03:07:49 +0000] "GET /admin/logger.php?width=1024&height=12140 HTTP/2.0" 200 234 "https://www.singsurf.org/polyhedra/uniform.php" "Mozilla/5.0 (compatible; AhrefsBot/7.0; +http://ahrefs.com/robot/)"
195.154.123.138 - - [06/Aug/2024:03:07:49 +0000] "GET /lib/TrackballControls_mod.js HTTP/2.0" 200 3742 "https://www.singsurf.org/lib/vrml.js" "Mozilla/5.0 (compatible; AhrefsBot/7.0; +http://ahrefs.com/robot/)"
195.154.123.138 - - [06/Aug/2024:03:07:49 +0000] "GET /lib/VRMLLoader.js HTTP/2.0" 200 13640 "https://www.singsurf.org/lib/vrml.js" "Mozilla/5.0 (compatible; AhrefsBot/7.0; +http://ahrefs.com/robot/)"
195.154.123.138 - - [06/Aug/2024:03:07:49 +0000] "GET /lib/chevrotain.module.min.js HTTP/2.0" 200 38634 "https://www.singsurf.org/lib/VRMLLoader.js" "Mozilla/5.0 (compatible; AhrefsBot/7.0; +http://ahrefs.com/robot/)"
195.154.123.138 - - [06/Aug/2024:03:07:49 +0000] "GET /lib/three.module.js HTTP/2.0" 200 233965 "https://www.singsurf.org/lib/vrml.js" "Mozilla/5.0 (compatible; AhrefsBot/7.0; +http://ahrefs.com/robot/)"
195.154.123.138 - - [06/Aug/2024:03:07:49 +0000] "GET /polyhedra/models/wrl/CHeO.wrl HTTP/2.0" 200 2857 "https://www.singsurf.org/polyhedra/uniform.php" "Mozilla/5.0 (compatible; AhrefsBot/7.0; +http://ahrefs.com/robot/)"
93.95.228.246 - - [06/Aug/2024:03:08:36 +0000] "GET / HTTP/1.1" 200 20854 "-" "check_http/v2.3.3 (monitoring-plugins 2.3.3)"
66.249.66.17 - - [06/Aug/2024:03:08:59 +0000] "GET /parade/models/e7big.wrl HTTP/1.1" 200 53210 "-" "Mozilla/5.0 (Linux; Android 6.0.1; Nexus 5X Build/MMB29P) AppleWebKit/537.36 (KHTML, like Gecko) Chrome/126.0.6478.182 Mobile Safari/537.36 (compatible; GoogleOther)"
38.145.203.51 - - [06/Aug/2024:03:09:14 +0000] "GET /images/colour_by_height.png HTTP/1.1" 404 5344 "-" "Mozilla/5.0 (X11; Ubuntu; Linux x86_64; rv:72.0) Gecko/20100101 Firefox/72.0"
93.95.228.246 - - [06/Aug/2024:03:09:36 +0000] "GET / HTTP/1.1" 200 20855 "-" "check_http/v2.3.3 (monitoring-plugins 2.3.3)"
195.191.219.132 - - [06/Aug/2024:03:09:41 +0000] "GET /robots.txt HTTP/1.1" 200 3012 "-" "Mozilla/5.0 (compatible; MJ12bot/v1.4.8; http://mj12bot.com/)"
195.191.219.132 - - [06/Aug/2024:03:09:42 +0000] "GET /brain/rightbrain.php HTTP/1.1" 200 38781 "-" "Mozilla/5.0 (compatible; MJ12bot/v1.4.8; http://mj12bot.com/)"
195.191.219.132 - - [06/Aug/2024:03:09:44 +0000] "GET /things/fourbar.php HTTP/1.1" 200 7872 "-" "Mozilla/5.0 (compatible; MJ12bot/v1.4.8; http://mj12bot.com/)"
195.191.219.132 - - [06/Aug/2024:03:09:46 +0000] "GET /tuition/index.php HTTP/1.1" 200 3388 "-" "Mozilla/5.0 (compatible; MJ12bot/v1.4.8; http://mj12bot.com/)"
52.230.152.164 - - [06/Aug/2024:03:10:07 +0000] "GET / HTTP/1.1" 200 7729 "-" "Mozilla/5.0 AppleWebKit/537.36 (KHTML, like Gecko; compatible; GPTBot/1.2; +https://openai.com/gptbot)"
52.230.152.136 - - [06/Aug/2024:03:10:08 +0000] "GET /robots.txt HTTP/1.1" 200 3062 "-" "Mozilla/5.0 AppleWebKit/537.36 (KHTML, like Gecko; compatible; GPTBot/1.2; +https://openai.com/gptbot)"
52.230.152.43 - - [06/Aug/2024:03:10:08 +0000] "GET /robots.txt HTTP/1.1" 200 3063 "-" "Mozilla/5.0 AppleWebKit/537.36 (KHTML, like Gecko; compatible; GPTBot/1.2; +https://openai.com/gptbot)"
93.95.228.246 - - [06/Aug/2024:03:10:36 +0000] "GET / HTTP/1.1" 200 20855 "-" "check_http/v2.3.3 (monitoring-plugins 2.3.3)"
52.230.152.208 - - [06/Aug/2024:03:11:05 +0000] "GET /robots.txt HTTP/1.1" 200 3236 "http://www.singsurf.org/robots.txt" "Mozilla/5.0 AppleWebKit/537.36 (KHTML, like Gecko; compatible; GPTBot/1.2; +https://openai.com/gptbot)"
93.95.228.246 - - [06/Aug/2024:03:11:36 +0000] "GET / HTTP/1.1" 200 20854 "-" "check_http/v2.3.3 (monitoring-plugins 2.3.3)"
93.95.228.246 - - [06/Aug/2024:03:12:36 +0000] "GET / HTTP/1.1" 200 20855 "-" "check_http/v2.3.3 (monitoring-plugins 2.3.3)"
93.95.228.246 - - [06/Aug/2024:03:13:36 +0000] "GET / HTTP/1.1" 200 20854 "-" "check_http/v2.3.3 (monitoring-plugins 2.3.3)"
114.119.143.51 - - [06/Aug/2024:03:13:37 +0000] "GET /robots.txt HTTP/1.1" 200 3245 "-" "Mozilla/5.0 (compatible;PetalBot;+https://webmaster.petalsearch.com/site/petalbot)"
93.95.228.246 - - [06/Aug/2024:03:14:36 +0000] "GET / HTTP/1.1" 200 20854 "-" "check_http/v2.3.3 (monitoring-plugins 2.3.3)"
92.8.207.67 - - [06/Aug/2024:03:15:16 +0000] "GET /admin/aprovecom.php?ID=534&MAGIC=1722911496&ACTION=DELETE HTTP/2.0" 200 748 "-" "Mozilla/5.0 (Windows NT 10.0; Win64; x64) AppleWebKit/537.36 (KHTML, like Gecko) Chrome/127.0.0.0 Safari/537.36"
17.241.75.160 - - [06/Aug/2024:03:15:28 +0000] "GET /wallpaper/wallpaper.php?FILENAME=-1.png HTTP/1.1" 200 11532 "-" "Mozilla/5.0 (Macintosh; Intel Mac OS X 10_15_7) AppleWebKit/605.1.15 (KHTML, like Gecko) Version/17.4 Safari/605.1.15 (Applebot/0.1; +http://www.apple.com/go/applebot)"
93.95.228.246 - - [06/Aug/2024:03:15:36 +0000] "GET / HTTP/1.1" 200 20855 "-" "check_http/v2.3.3 (monitoring-plugins 2.3.3)"
93.95.228.246 - - [06/Aug/2024:03:16:36 +0000] "GET / HTTP/1.1" 200 20854 "-" "check_http/v2.3.3 (monitoring-plugins 2.3.3)"
110.249.202.93 - - [06/Aug/2024:03:16:43 +0000] "GET /robots.txt HTTP/1.1" 200 3111 "-" "Mozilla/5.0 (Linux; Android 5.0) AppleWebKit/537.36 (KHTML, like Gecko) Mobile Safari/537.36 (compatible; Bytespider; https://zhanzhang.toutiao.com/)"
66.249.88.162 - - [06/Aug/2024:03:17:31 +0000] "GET /.well-known/traffic-advice HTTP/1.1" 404 5708 "-" "Chrome Privacy Preserving Prefetch Proxy"
72.14.201.198 - - [06/Aug/2024:03:17:31 +0000] "GET /parade/Cubics.php HTTP/2.0" 200 9083 "https://www.google.com/" "Mozilla/5.0 (Windows NT 10.0; Win64; x64) AppleWebKit/537.36 (KHTML, like Gecko) Chrome/127.0.0.0 Safari/537.36"
93.95.228.246 - - [06/Aug/2024:03:17:36 +0000] "GET / HTTP/1.1" 200 20856 "-" "check_http/v2.3.3 (monitoring-plugins 2.3.3)"
17.241.219.123 - - [06/Aug/2024:03:18:34 +0000] "GET /admin/logger.php?width=1920&height=1080 HTTP/1.1" 200 3596 "https://www.singsurf.org/wallpaper/wallpaper.php?FILENAME=-1.png" "Mozilla/5.0 (Macintosh; Intel Mac OS X 10_15_7) AppleWebKit/605.1.15 (KHTML, like Gecko) Version/17.4 Safari/605.1.15 (Applebot/0.1; +http://www.apple.com/go/applebot)"
93.95.228.246 - - [06/Aug/2024:03:18:36 +0000] "GET / HTTP/1.1" 200 20854 "-" "check_http/v2.3.3 (monitoring-plugins 2.3.3)"
100.2.213.138 - - [06/Aug/2024:03:19:06 +0000] "GET /parade/img/eight.gif HTTP/2.0" 200 1348 "https://www.bing.com/" "Mozilla/5.0 (Windows NT 10.0; Win64; x64) AppleWebKit/537.36 (KHTML, like Gecko) Chrome/126.0.0.0 Safari/537.36"
93.95.228.246 - - [06/Aug/2024:03:19:36 +0000] "GET / HTTP/1.1" 200 20855 "-" "check_http/v2.3.3 (monitoring-plugins 2.3.3)"
93.95.228.246 - - [06/Aug/2024:03:20:36 +0000] "GET / HTTP/1.1" 200 20854 "-" "check_http/v2.3.3 (monitoring-plugins 2.3.3)"
111.225.149.75 - - [06/Aug/2024:03:20:44 +0000] "GET /robots.txt HTTP/1.1" 200 3110 "-" "Mozilla/5.0 (Linux; Android 5.0) AppleWebKit/537.36 (KHTML, like Gecko) Mobile Safari/537.36 (compatible; Bytespider; https://zhanzhang.toutiao.com/)"
198.176.60.210 - - [06/Aug/2024:03:21:05 +0000] "GET / HTTP/1.1" 200 21094 "http://singsurf.org/" "Mozilla/4.0 (compatible; MSIE 9.0; Windows NT 6.1)"
93.95.228.246 - - [06/Aug/2024:03:21:36 +0000] "GET / HTTP/1.1" 200 20854 "-" "check_http/v2.3.3 (monitoring-plugins 2.3.3)"
93.95.228.246 - - [06/Aug/2024:03:22:36 +0000] "GET / HTTP/1.1" 200 20856 "-" "check_http/v2.3.3 (monitoring-plugins 2.3.3)"
17.241.219.92 - - [06/Aug/2024:03:22:39 +0000] "GET /wallpaper/wallpaper.php?FILENAME=p3.jpg HTTP/1.1" 200 11470 "-" "Mozilla/5.0 (Macintosh; Intel Mac OS X 10_15_7) AppleWebKit/605.1.15 (KHTML, like Gecko) Version/17.4 Safari/605.1.15 (Applebot/0.1; +http://www.apple.com/go/applebot)"
17.241.227.12 - - [06/Aug/2024:03:23:29 +0000] "GET /wallpaper/wallpaper.php?FILENAME=Untitled-4.jpg HTTP/1.1" 200 11587 "-" "Mozilla/5.0 (Macintosh; Intel Mac OS X 10_15_7) AppleWebKit/605.1.15 (KHTML, like Gecko) Version/17.4 Safari/605.1.15 (Applebot/0.1; +http://www.apple.com/go/applebot)"
93.95.228.246 - - [06/Aug/2024:03:23:36 +0000] "GET / HTTP/1.1" 200 20854 "-" "check_http/v2.3.3 (monitoring-plugins 2.3.3)"
93.95.228.246 - - [06/Aug/2024:03:24:36 +0000] "GET / HTTP/1.1" 200 20854 "-" "check_http/v2.3.3 (monitoring-plugins 2.3.3)"
93.95.228.246 - - [06/Aug/2024:03:25:36 +0000] "GET / HTTP/1.1" 200 20856 "-" "check_http/v2.3.3 (monitoring-plugins 2.3.3)"
93.95.228.246 - - [06/Aug/2024:03:26:36 +0000] "GET / HTTP/1.1" 200 20856 "-" "check_http/v2.3.3 (monitoring-plugins 2.3.3)"
136.243.228.178 - - [06/Aug/2024:03:26:37 +0000] "GET /brain/rightbrain.html HTTP/1.1" 302 3682 "-" "Mozilla/5.0 (compatible; DataForSeoBot/1.0; +https://dataforseo.com/dataforseo-bot)"
93.95.228.246 - - [06/Aug/2024:03:27:36 +0000] "GET / HTTP/1.1" 200 20854 "-" "check_http/v2.3.3 (monitoring-plugins 2.3.3)"
93.95.228.246 - - [06/Aug/2024:03:28:36 +0000] "GET / HTTP/1.1" 200 20856 "-" "check_http/v2.3.3 (monitoring-plugins 2.3.3)"
93.95.228.246 - - [06/Aug/2024:03:29:36 +0000] "GET / HTTP/1.1" 200 20856 "-" "check_http/v2.3.3 (monitoring-plugins 2.3.3)"
217.76.60.59 - - [06/Aug/2024:03:29:46 +0000] "GET /robots.txt HTTP/1.1" 200 3012 "-" "Mozilla/5.0 (compatible; MJ12bot/v1.4.8; http://mj12bot.com/)"
93.95.228.246 - - [06/Aug/2024:03:30:37 +0000] "GET / HTTP/1.1" 200 20855 "-" "check_http/v2.3.3 (monitoring-plugins 2.3.3)"
217.76.60.59 - - [06/Aug/2024:03:30:45 +0000] "GET /wallpaper/wallpaper.php?FILENAME=Capture%20d%E2%80%99e%CC%81cran%202023-08-28%20a%CC%80%2010.27.37.png HTTP/1.1" 200 10949 "-" "Mozilla/5.0 (compatible; MJ12bot/v1.4.8; http://mj12bot.com/)"
93.95.228.246 - - [06/Aug/2024:03:31:36 +0000] "GET / HTTP/1.1" 200 20855 "-" "check_http/v2.3.3 (monitoring-plugins 2.3.3)"
17.241.75.116 - - [06/Aug/2024:03:32:01 +0000] "GET /wallpaper/wallpaper.php?FILENAME=IMG_2951.JPG HTTP/1.1" 200 11537 "-" "Mozilla/5.0 (Macintosh; Intel Mac OS X 10_15_7) AppleWebKit/605.1.15 (KHTML, like Gecko) Version/17.4 Safari/605.1.15 (Applebot/0.1; +http://www.apple.com/go/applebot)"
93.95.228.246 - - [06/Aug/2024:03:32:36 +0000] "GET / HTTP/1.1" 200 20856 "-" "check_http/v2.3.3 (monitoring-plugins 2.3.3)"
93.95.228.246 - - [06/Aug/2024:03:33:36 +0000] "GET / HTTP/1.1" 200 20855 "-" "check_http/v2.3.3 (monitoring-plugins 2.3.3)"
66.249.66.17 - - [06/Aug/2024:03:33:51 +0000] "GET /robots.txt HTTP/1.1" 200 3618 "-" "Mozilla/5.0 (compatible; Googlebot/2.1; +http://www.google.com/bot.html)"
66.249.66.19 - - [06/Aug/2024:03:33:51 +0000] "GET /wallpaper/maintain.php?sort=rdate&start=-50000 HTTP/1.1" 200 4134 "-" "Mozilla/5.0 (Linux; Android 6.0.1; Nexus 5X Build/MMB29P) AppleWebKit/537.36 (KHTML, like Gecko) Chrome/126.0.6478.182 Mobile Safari/537.36 (compatible; GoogleOther)"
147.124.213.204 - - [06/Aug/2024:03:34:09 +0000] "GET /img/cuspedgesmall.gif HTTP/1.1" 404 5338 "-" "Mozilla/5.0 (X11; Ubuntu; Linux x86_64; rv:72.0) Gecko/20100101 Firefox/72.0"
17.241.219.44 - - [06/Aug/2024:03:34:15 +0000] "GET /robots.txt HTTP/1.1" 200 3590 "-" "Mozilla/5.0 (Macintosh; Intel Mac OS X 10_15_7) AppleWebKit/605.1.15 (KHTML, like Gecko) Version/17.4 Safari/605.1.15 (Applebot/0.1; +http://www.apple.com/go/applebot)"
17.241.219.44 - - [06/Aug/2024:03:34:15 +0000] "GET /parade/revisited.php HTTP/1.1" 200 4497 "-" "Mozilla/5.0 (Macintosh; Intel Mac OS X 10_15_7) AppleWebKit/605.1.15 (KHTML, like Gecko) Version/17.4 Safari/605.1.15 (Applebot/0.1; +http://www.apple.com/go/applebot)"
93.95.228.246 - - [06/Aug/2024:03:34:36 +0000] "GET / HTTP/1.1" 200 20856 "-" "check_http/v2.3.3 (monitoring-plugins 2.3.3)"
93.95.228.246 - - [06/Aug/2024:03:35:36 +0000] "GET / HTTP/1.1" 200 20855 "-" "check_http/v2.3.3 (monitoring-plugins 2.3.3)"
93.95.228.246 - - [06/Aug/2024:03:36:36 +0000] "GET / HTTP/1.1" 200 20856 "-" "check_http/v2.3.3 (monitoring-plugins 2.3.3)"
93.95.228.246 - - [06/Aug/2024:03:37:36 +0000] "GET / HTTP/1.1" 200 20855 "-" "check_http/v2.3.3 (monitoring-plugins 2.3.3)"
93.95.228.246 - - [06/Aug/2024:03:38:37 +0000] "GET / HTTP/1.1" 200 20856 "-" "check_http/v2.3.3 (monitoring-plugins 2.3.3)"
93.95.228.246 - - [06/Aug/2024:03:39:36 +0000] "GET / HTTP/1.1" 200 20854 "-" "check_http/v2.3.3 (monitoring-plugins 2.3.3)"
93.95.228.246 - - [06/Aug/2024:03:40:36 +0000] "GET / HTTP/1.1" 200 20855 "-" "check_http/v2.3.3 (monitoring-plugins 2.3.3)"
93.95.228.246 - - [06/Aug/2024:03:41:36 +0000] "GET / HTTP/1.1" 200 20855 "-" "check_http/v2.3.3 (monitoring-plugins 2.3.3)"
93.95.228.246 - - [06/Aug/2024:03:42:36 +0000] "GET / HTTP/1.1" 200 20856 "-" "check_http/v2.3.3 (monitoring-plugins 2.3.3)"
93.95.228.246 - - [06/Aug/2024:03:43:36 +0000] "GET / HTTP/1.1" 200 20854 "-" "check_http/v2.3.3 (monitoring-plugins 2.3.3)"
93.95.228.246 - - [06/Aug/2024:03:44:36 +0000] "GET / HTTP/1.1" 200 20855 "-" "check_http/v2.3.3 (monitoring-plugins 2.3.3)"
93.95.228.246 - - [06/Aug/2024:03:45:36 +0000] "GET / HTTP/1.1" 200 20855 "-" "check_http/v2.3.3 (monitoring-plugins 2.3.3)"
93.95.228.246 - - [06/Aug/2024:03:46:36 +0000] "GET / HTTP/1.1" 200 20855 "-" "check_http/v2.3.3 (monitoring-plugins 2.3.3)"
66.249.66.19 - - [06/Aug/2024:03:47:08 +0000] "GET /admin/logger.php?width=590&height=1049 HTTP/1.1" 200 3581 "https://singsurf.org/brain/rightbrain.php" "Mozilla/5.0 (Linux; Android 6.0.1; Nexus 5X Build/MMB29P) AppleWebKit/537.36 (KHTML, like Gecko) Chrome/126.0.6478.182 Mobile Safari/537.36 (compatible; Googlebot/2.1; +http://www.google.com/bot.html)"
93.95.228.246 - - [06/Aug/2024:03:47:36 +0000] "GET / HTTP/1.1" 200 20856 "-" "check_http/v2.3.3 (monitoring-plugins 2.3.3)"
85.208.96.207 - - [06/Aug/2024:03:48:19 +0000] "GET /djep/GWTParamPlot.php?%5Ba%20signum%28cos%28t%29%29%20pow%28abs%28cos%28t%29%29%2C2%2Fp%29%2Cb%20signum%28sin%28t%29%29%20pow%28abs%28sin%28t%29%29%2C2%2Fp%29%2Ct=%5B-pi%2Cpi%5D%2Ca%3D1%2Cb%3D1%2Cp%3D3%5D HTTP/1.1" 200 6145 "-" "Mozilla/5.0 (compatible; SemrushBot/7~bl; +http://www.semrush.com/bot.html)"
93.95.228.246 - - [06/Aug/2024:03:48:36 +0000] "GET / HTTP/1.1" 200 20855 "-" "check_http/v2.3.3 (monitoring-plugins 2.3.3)"
93.95.228.246 - - [06/Aug/2024:03:49:36 +0000] "GET / HTTP/1.1" 200 20854 "-" "check_http/v2.3.3 (monitoring-plugins 2.3.3)"
8.218.55.95 - - [06/Aug/2024:03:50:28 +0000] "GET /stepney/WhitechapelCover.png HTTP/1.1" 200 68136 "-" "Mozilla/5.0 (Macintosh; Intel Mac OS X 10_6_9) AppleWebKit/542.11 (KHTML, like Gecko) Chrome/105.0.0.0 Safari/542.11 Edg/105.0.3886.40"
93.95.228.246 - - [06/Aug/2024:03:50:36 +0000] "GET / HTTP/1.1" 200 20854 "-" "check_http/v2.3.3 (monitoring-plugins 2.3.3)"
93.95.228.246 - - [06/Aug/2024:03:51:36 +0000] "GET / HTTP/1.1" 200 20855 "-" "check_http/v2.3.3 (monitoring-plugins 2.3.3)"
93.95.228.246 - - [06/Aug/2024:03:52:36 +0000] "GET / HTTP/1.1" 200 20855 "-" "check_http/v2.3.3 (monitoring-plugins 2.3.3)"
17.241.75.222 - - [06/Aug/2024:03:53:25 +0000] "GET /wallpaper/wallpaper.php?FILENAME=30T.jpg HTTP/1.1" 200 11453 "-" "Mozilla/5.0 (Macintosh; Intel Mac OS X 10_15_7) AppleWebKit/605.1.15 (KHTML, like Gecko) Version/17.4 Safari/605.1.15 (Applebot/0.1; +http://www.apple.com/go/applebot)"
93.95.228.246 - - [06/Aug/2024:03:53:36 +0000] "GET / HTTP/1.1" 200 20856 "-" "check_http/v2.3.3 (monitoring-plugins 2.3.3)"
93.95.228.246 - - [06/Aug/2024:03:54:36 +0000] "GET / HTTP/1.1" 200 20855 "-" "check_http/v2.3.3 (monitoring-plugins 2.3.3)"
93.95.228.246 - - [06/Aug/2024:03:55:36 +0000] "GET / HTTP/1.1" 200 20856 "-" "check_http/v2.3.3 (monitoring-plugins 2.3.3)"
93.95.228.246 - - [06/Aug/2024:03:56:36 +0000] "GET / HTTP/1.1" 200 20856 "-" "check_http/v2.3.3 (monitoring-plugins 2.3.3)"
93.95.228.246 - - [06/Aug/2024:03:57:36 +0000] "GET / HTTP/1.1" 200 20854 "-" "check_http/v2.3.3 (monitoring-plugins 2.3.3)"
65.108.0.71 - - [06/Aug/2024:03:58:25 +0000] "GET /robots.txt HTTP/1.1" 200 2975 "-" "Mozilla/5.0 (compatible; MJ12bot/v1.4.8; http://mj12bot.com/)"
65.108.0.71 - - [06/Aug/2024:03:58:27 +0000] "GET /djep/FieldConsole.php HTTP/1.1" 200 5751 "-" "Mozilla/5.0 (compatible; MJ12bot/v1.4.8; http://mj12bot.com/)"
65.108.0.71 - - [06/Aug/2024:03:58:29 +0000] "GET /wallpaper/wallpaper.php?FILENAME=00e.jpg HTTP/1.1" 200 11119 "-" "Mozilla/5.0 (compatible; MJ12bot/v1.4.8; http://mj12bot.com/)"
93.95.228.246 - - [06/Aug/2024:03:58:36 +0000] "GET / HTTP/1.1" 200 20855 "-" "check_http/v2.3.3 (monitoring-plugins 2.3.3)"
66.249.66.17 - - [06/Aug/2024:03:58:43 +0000] "GET /wallpaper/maintain.php?sort=size&start=-93100 HTTP/1.1" 200 4133 "-" "Mozilla/5.0 (Linux; Android 6.0.1; Nexus 5X Build/MMB29P) AppleWebKit/537.36 (KHTML, like Gecko) Chrome/126.0.6478.182 Mobile Safari/537.36 (compatible; GoogleOther)"
17.241.75.84 - - [06/Aug/2024:03:58:59 +0000] "GET /wallpaper/wallpaper.php?FILENAME=rose%257E0.jpg HTTP/1.1" 200 11606 "-" "Mozilla/5.0 (Macintosh; Intel Mac OS X 10_15_7) AppleWebKit/605.1.15 (KHTML, like Gecko) Version/17.4 Safari/605.1.15 (Applebot/0.1; +http://www.apple.com/go/applebot)"
17.241.219.240 - - [06/Aug/2024:03:59:17 +0000] "GET /wallpaper/wallpaper.php?FILENAME=ATT305562.jpg HTTP/1.1" 200 11645 "-" "Mozilla/5.0 (Macintosh; Intel Mac OS X 10_15_7) AppleWebKit/605.1.15 (KHTML, like Gecko) Version/17.4 Safari/605.1.15 (Applebot/0.1; +http://www.apple.com/go/applebot)"
93.95.228.246 - - [06/Aug/2024:03:59:36 +0000] "GET / HTTP/1.1" 200 20855 "-" "check_http/v2.3.3 (monitoring-plugins 2.3.3)"
93.95.228.246 - - [06/Aug/2024:04:00:36 +0000] "GET / HTTP/1.1" 200 20854 "-" "check_http/v2.3.3 (monitoring-plugins 2.3.3)"
157.230.40.158 - - [06/Aug/2024:04:01:21 +0000] "GET /configurations HTTP/1.1" 404 5659 "-" "Mozilla/5.0 (Macintosh; Intel Mac OS X 10.8; rv:45.0) Gecko/20100101 Firefox/45.0"
157.230.40.158 - - [06/Aug/2024:04:01:22 +0000] "GET /configuration HTTP/1.1" 404 5657 "-" "Mozilla/5.0 (Macintosh; Intel Mac OS X 10_15_7) AppleWebKit/605.1.15 (KHTML, like Gecko) Version/17.4.1 Mobile/15E148 Safari/604.1"
157.230.40.158 - - [06/Aug/2024:04:01:23 +0000] "GET /web/config HTTP/1.1" 404 5655 "-" "Mozilla/5.0 (Macintosh; Intel Mac OS X 10_15_7) AppleWebKit/605.1.15 (KHTML, like Gecko) Version/16.5 Safari/605.1.15"
157.230.40.158 - - [06/Aug/2024:04:01:23 +0000] "GET / HTTP/1.1" 200 9293 "-" "Mozilla/5.0 (Macintosh; Intel Mac OS X 11_15) AppleWebKit/537.36 (KHTML, like Gecko) Chrome/100.0.4882.177 Safari/537.36"
157.230.40.158 - - [06/Aug/2024:04:01:24 +0000] "GET /app/config/config.json HTTP/1.1" 404 5667 "-" "Mozilla/5.0 (X11; Linux x86_64) AppleWebKit/537.36 (KHTML, like Gecko) Chrome/125.0.0.0 Safari/537.36 Edg/125.0.2535.14"
157.230.40.158 - - [06/Aug/2024:04:01:25 +0000] "GET /app/config/config.js HTTP/1.1" 404 5665 "-" "Mozilla/5.0 (Windows NT 10.0; Win64; x64) AppleWebKit/537.36 (KHTML, like Gecko) Chrome/92.0.4515.131 Safari/537.36"
157.230.40.158 - - [06/Aug/2024:04:01:26 +0000] "GET /v1/config HTTP/1.1" 404 5655 "-" "Mozilla/5.0 (Macintosh; Intel Mac OS X 10_15_7) AppleWebKit/605.1.15 (KHTML, like Gecko) Version/17.0 Safari/605.1.15 GoodAccess/3.6.2.1436"
157.230.40.158 - - [06/Aug/2024:04:01:26 +0000] "GET /runtime-config.json HTTP/1.1" 404 5663 "-" "Mozilla/5.0 (Windows NT 10.0; Win64; x64; rv:109.0) Gecko/20100101 Firefox/112.0"
157.230.40.158 - - [06/Aug/2024:04:01:27 +0000] "GET /global.js HTTP/1.1" 404 5653 "-" "Mozilla/5.0 (Windows NT 10.0; Win64; x64) AppleWebKit/537.36 (KHTML, like Gecko) Chrome/100.0.4896.127 Safari/537.36 Edg/100.0.1185.50"
157.230.40.158 - - [06/Aug/2024:04:01:27 +0000] "GET /network.json HTTP/1.1" 404 5656 "-" "Mozilla/5.0 (Windows NT 10.0; Win64; x64; rv:107.0) Gecko/20100101 Firefox/107.0"
157.230.40.158 - - [06/Aug/2024:04:01:28 +0000] "GET /auth.json HTTP/1.1" 404 5655 "-" "Mozilla/5.0 (Macintosh; Intel Mac OS X 10_10_4) AppleWebKit/605.1.33 (KHTML, like Gecko) Version/9.1.2 Safari/605.1.33"
157.230.40.158 - - [06/Aug/2024:04:01:29 +0000] "GET /app-config HTTP/1.1" 404 5656 "-" "Mozilla/5.0 (Macintosh; Intel Mac OS X 10.15; rv:89.0) Gecko/20100101 Firefox/89.0"
157.230.40.158 - - [06/Aug/2024:04:01:29 +0000] "GET /auth.js HTTP/1.1" 404 5651 "-" "[Mozilla/5.0 (Windows NT 10.0; Win64; x64) AppleWebKit/537.36 (KHTML, like Gecko) Chrome/124.0.0.0 Safari/537.36 Edg/124.0.0.0]"
157.230.40.158 - - [06/Aug/2024:04:01:34 +0000] "GET /config/auth.json HTTP/1.1" 404 5661 "-" "Mozilla/5.0 (Macintosh; Intel Mac OS X 10_15; rv:83.0) Gecko/20100101 Firefox/83.0"
157.230.40.158 - - [06/Aug/2024:04:01:35 +0000] "GET /config/auth.js HTTP/1.1" 404 5659 "-" "Mozilla/5.0 (Macintosh; Intel Mac OS X 11_1) AppleWebKit/605.1.15 (KHTML, like Gecko) Version/14.1 Safari/605.1.15"
157.230.40.158 - - [06/Aug/2024:04:01:35 +0000] "GET /config/appSettings.json HTTP/1.1" 404 5669 "-" "Mozilla/5.0 (Macintosh; Intel Mac OS X 10_15_7) AppleWebKit/605.1.15 (KHTML, like Gecko) Version/15.5 Safari/605.1.73"
93.95.228.246 - - [06/Aug/2024:04:01:36 +0000] "GET / HTTP/1.1" 200 20856 "-" "check_http/v2.3.3 (monitoring-plugins 2.3.3)"
157.230.40.158 - - [06/Aug/2024:04:01:36 +0000] "GET /appSettings.QA.json HTTP/1.1" 404 5664 "-" "Mozilla/5.0 (Macintosh; Intel Mac OS X 11_4) AppleWebKit/537.36 (KHTML, like Gecko) Chrome/100.0.4858.85 Safari/537.36"
157.230.40.158 - - [06/Aug/2024:04:01:36 +0000] "GET /assets/appSettings.json HTTP/1.1" 404 5668 "-" "Mozilla/5.0 (Macintosh; Intel Mac OS X 10_14_6) AppleWebKit/537.36 (KHTML, like Gecko) Chrome/99.0.4844.51 Safari/537.36"
52.230.152.137 - - [06/Aug/2024:04:01:37 +0000] "GET /robots.txt HTTP/1.1" 200 3237 "-" "Mozilla/5.0 AppleWebKit/537.36 (KHTML, like Gecko; compatible; GPTBot/1.2; +https://openai.com/gptbot)"
157.230.40.158 - - [06/Aug/2024:04:01:37 +0000] "GET /%5cappsettings.json HTTP/1.1" 404 5662 "-" "Mozilla/5.0 (Windows NT 10.0; Win64; x64; rv:109.0) Gecko/20100101 Firefox/118.0"
157.230.40.158 - - [06/Aug/2024:04:01:38 +0000] "GET /config/environment HTTP/1.1" 404 5662 "-" "Mozilla/5.0 (Macintosh; Intel Mac OS X 10_15_7) AppleWebKit/537.36 (KHTML, like Gecko) Chrome/113.0.0.0 Safari/537.36 Edg/113.0.1774.9  uacq"
157.230.40.158 - - [06/Aug/2024:04:01:39 +0000] "GET /config/env HTTP/1.1" 404 5654 "-" "Mozilla/5.0 (X11; Linux x86_64; rv:10.0) Gecko/20100101 Firefox/10.0"
157.230.40.158 - - [06/Aug/2024:04:01:39 +0000] "GET /config/.env HTTP/1.1" 404 5656 "-" "Mozilla/5.0 (Windows NT 10.0; WOW64) AppleWebKit/537.36 (KHTML, like Gecko) Chrome/91.0.4472.124 Safari/537.36"
157.230.40.158 - - [06/Aug/2024:04:01:40 +0000] "GET /helm/values.yaml HTTP/1.1" 404 5661 "-" "Mozilla/5.0 (Macintosh; Intel Mac OS X 10_15_7) AppleWebKit/605.1.15 (KHTML, like Gecko) Version/17.2 Safari/605.1.1517.2 Ddg/17.2"
157.230.40.158 - - [06/Aug/2024:04:01:40 +0000] "GET /api/config.js HTTP/1.1" 404 5658 "-" "Mozilla/5.0 (Windows NT 10.0; Win64; x64) AppleWebKit/537.36 (KHTML, like Gecko) Chrome/91.0.4472.114 Safari/537.36 Edg/91.0.864.54"
157.230.40.158 - - [06/Aug/2024:04:01:41 +0000] "GET /config/settings.js HTTP/1.1" 404 5663 "-" "Mozilla/5.0 (Macintosh; Intel Mac OS X 10_10; rv:52.0) Gecko/20100101 Firefox/52.0"
157.230.40.158 - - [06/Aug/2024:04:01:41 +0000] "GET /trie.json HTTP/1.1" 404 5653 "-" "Mozilla/5.0 (Macintosh; Intel Mac OS X 10_15_7) AppleWebKit/605.1.15 (KHTML, like Gecko) Version/15.6 Safari/605.1.15"
157.230.40.158 - - [06/Aug/2024:04:01:42 +0000] "GET /trie.js HTTP/1.1" 404 5652 "-" "Mozilla/5.0 (Windows NT 10.0; Win64; x64) AppleWebKit/537.36 (KHTML, like Gecko) Chrome/100.0.4896.75 Safari/537.36"
157.230.40.158 - - [06/Aug/2024:04:01:43 +0000] "GET /config/trie.json HTTP/1.1" 404 5661 "-" "Mozilla/5.0 (Macintosh; Intel Mac OS X 10_15_7) AppleWebKit/605.1.15 (KHTML, like Gecko) Version/17.3.1 Safari/605.1.15 Gear/6.12.12"
157.230.40.158 - - [06/Aug/2024:04:01:44 +0000] "GET /config/trie.js HTTP/1.1" 404 5660 "-" "Mozilla/5.0 (Macintosh; Intel Mac OS X 10.16; rv:84.0) Gecko/20100101 Firefox/84.0"
157.230.40.158 - - [06/Aug/2024:04:01:44 +0000] "GET /js/app.min.js HTTP/1.1" 404 5658 "-" "Mozilla/5.0 (Macintosh; Intel Mac OS X 10_14_6) AppleWebKit/605.1.15 (KHTML, like Gecko) Version/12.1.2 Safari/605.1.15"
157.230.40.158 - - [06/Aug/2024:04:01:45 +0000] "GET /_config.min.js HTTP/1.1" 404 5660 "-" "Mozilla/5.0 (X11; Linux x86_64; rv:109.0) Gecko/20100101 Firefox/111.0"
157.230.40.158 - - [06/Aug/2024:04:01:46 +0000] "GET /config.php HTTP/1.1" 404 5654 "-" "Mozilla/5.0 (Windows NT 6.3; Win64; x64; rv:109.0) Gecko/20100101 Firefox/113.0"
54.36.149.79 - - [06/Aug/2024:04:01:46 +0000] "GET /aikido/index.php HTTP/2.0" 200 2102 "-" "Mozilla/5.0 (compatible; AhrefsBot/7.0; +http://ahrefs.com/robot/)"
157.230.40.158 - - [06/Aug/2024:04:01:47 +0000] "GET /main.js HTTP/1.1" 404 5652 "-" "Mozilla/5.0 (Macintosh; Intel Mac OS X 11_3) AppleWebKit/537.36 (KHTML, like Gecko) Chrome/89.0.4389.114 Safari/537.36 Edg/89.0.774.76"
52.230.152.29 - - [06/Aug/2024:04:01:48 +0000] "GET /singsurf/SingSurf.html HTTP/1.1" 200 3843 "-" "Mozilla/5.0 AppleWebKit/537.36 (KHTML, like Gecko; compatible; GPTBot/1.2; +https://openai.com/gptbot)"
157.230.40.158 - - [06/Aug/2024:04:01:48 +0000] "GET /_env HTTP/1.1" 404 5649 "-" "Mozilla/5.0 (Windows NT 6.3; Win64; x64; rv:86.0) Gecko/20100101 Firefox/86.0"
157.230.40.158 - - [06/Aug/2024:04:01:49 +0000] "GET /settings.json HTTP/1.1" 404 5657 "-" "Mozilla/5.0 (Windows NT 10.0; Win64; x64) AppleWebKit/537.36 (KHTML, like Gecko) Chrome/77.0.3865.120 Safari/537.36"
157.230.40.158 - - [06/Aug/2024:04:01:50 +0000] "GET /api/register HTTP/1.1" 404 5656 "-" "Mozilla/5.0 (Macintosh; Intel Mac OS X 10_15_7) AppleWebKit/537.36 (KHTML, like Gecko) Chrome/111.0.0.0 Safari/537.36"
157.230.40.158 - - [06/Aug/2024:04:01:51 +0000] "GET /js/dist.js HTTP/1.1" 404 5654 "-" "Mozilla/5.0 (Macintosh; Intel Mac OS X 10_15_7) AppleWebKit/605.1.15 (KHTML, like Gecko) Version/17.0 Safari/605.1.15"
157.230.40.158 - - [06/Aug/2024:04:01:52 +0000] "GET /config.json HTTP/1.1" 404 5655 "-" "Mozilla/5.0 (Macintosh; Intel Mac OS X 10_15_7) AppleWebKit/605.1.15 (KHTML, like Gecko) Version/17.2 Safari/605.1.15 OPX/2.3.1"
157.230.40.158 - - [06/Aug/2024:04:01:52 +0000] "GET /docs HTTP/1.1" 404 5650 "-" "Mozilla/5.0 (X11; Linux x86_64; rv:78.0) Gecko/20100101 Firefox/78.0"
157.230.40.158 - - [06/Aug/2024:04:01:53 +0000] "GET /scripts/config.js HTTP/1.1" 404 5662 "-" "Mozilla/5.0 (Windows NT 10.0; Win64; x64) AppleWebKit/537.36 (KHTML, like Gecko) Chrome/58.0.3029.110 Safari/537.36 Edge/16.16299"
157.230.40.158 - - [06/Aug/2024:04:01:53 +0000] "GET /internal HTTP/1.1" 404 5653 "-" "Mozilla/5.0 (Macintosh; Intel Mac OS X 10.11; rv:78.0) Gecko/20100101 Firefox/78.0"
157.230.40.158 - - [06/Aug/2024:04:01:54 +0000] "GET /..;/server.js HTTP/1.1" 404 5659 "-" "Mozilla/5.0 (Windows NT 6.1; Win64; x64; rv:109.0) Gecko/20100101 Firefox/111.0"
157.230.40.158 - - [06/Aug/2024:04:01:54 +0000] "GET /assets/config.json HTTP/1.1" 404 5662 "-" "Mozilla/5.0 (Windows NT 10.0; Win64; x64; rv:69.0) Gecko/20100101 Firefox/69.0"
157.230.40.158 - - [06/Aug/2024:04:01:56 +0000] "GET /package-lock.json HTTP/1.1" 404 5662 "-" "Mozilla/5.0 (Macintosh; Intel Mac OS X 10_10; rv:57.0) Gecko/20100101 Firefox/57.0"
157.230.40.158 - - [06/Aug/2024:04:01:57 +0000] "GET /database.yml HTTP/1.1" 404 5657 "-" "Mozilla/5.0 (Macintosh; Intel Mac OS X 10_15_7) AppleWebKit/605.1.15 (KHTML, like Gecko) Version/15.2 Safari/605.1.15"
157.230.40.158 - - [06/Aug/2024:04:01:57 +0000] "GET /%5cserver.js HTTP/1.1" 404 5654 "-" "Mozilla/5.0 (Windows NT 10.0; Win64; x64) AppleWebKit/537.36 (KHTML, like Gecko) Chrome/91.0.4472.101 Safari/537.36 Edg/91.0.864.48"
157.230.40.158 - - [06/Aug/2024:04:01:58 +0000] "GET /Jenkinsfile HTTP/1.1" 404 5657 "-" "Mozilla/5.0 (Macintosh; Intel Mac OS X 10_11_2) AppleWebKit/604.2.4 (KHTML, like Gecko) Version/9.1.2 Safari/604.2.4"
157.230.40.158 - - [06/Aug/2024:04:01:58 +0000] "GET /scripts/app.js HTTP/1.1" 404 5660 "-" "Mozilla/5.0 (Windows NT 10.0; Win64; x64) AppleWebKit/537.36 (KHTML, like Gecko) Chrome/91.0.4472.114 Safari/537.36"
157.230.40.158 - - [06/Aug/2024:04:01:59 +0000] "GET /credentials.js HTTP/1.1" 404 5659 "-" "Mozilla/5.0 (Macintosh; Intel Mac OS X 10_15_7) AppleWebKit/605.1.15 (KHTML, like Gecko) Version/17.4 Safari/605.1.15 OPX/2.2.2"
157.230.40.158 - - [06/Aug/2024:04:02:00 +0000] "GET /appsettings.js HTTP/1.1" 404 5659 "-" "Mozilla/5.0 (Macintosh; Intel Mac OS X 10_15_7) AppleWebKit/605.1.15 (KHTML, like Gecko) Version/16.5 Safari/605.1.15 Ddg/17.4"
157.230.40.158 - - [06/Aug/2024:04:02:00 +0000] "GET /globals.js HTTP/1.1" 404 5655 "-" "Mozilla/5.0 (Macintosh; Intel Mac OS X 10_15_7) AppleWebKit/537.36 (KHTML, like Gecko) Chrome/95.0.4638.17 Safari/537.36 Edg/95.0.1020.5"
157.230.40.158 - - [06/Aug/2024:04:02:01 +0000] "GET /application.properties HTTP/1.1" 404 5668 "-" "Mozilla/5.0 (Windows NT 10.0; Win64; x64) AppleWebKit/537.36 (KHTML, like Gecko) Chrome/122.0.0.0 Safari/537.36 Edg/122.0.0.0 OS/10.0.19045"
157.230.40.158 - - [06/Aug/2024:04:02:01 +0000] "GET /portal_/env.js HTTP/1.1" 404 5660 "-" "Mozilla/5.0 (Macintosh; Intel Mac OS X 10_15_7) AppleWebKit/537.36 (KHTML, like Gecko) Chrome/120.0.0.0 Safari/537.36 Edg/120.0.2210.133"
157.230.40.158 - - [06/Aug/2024:04:02:02 +0000] "GET /envConfig.js HTTP/1.1" 404 5658 "-" "Mozilla/5.0 (Windows NT 10.0; Win64; x64) AppleWebKit/537.36 (KHTML, like Gecko) Chrome/113.0.0.0 Safari/537.36 Edg/113.0.1774.57"
157.230.40.158 - - [06/Aug/2024:04:02:03 +0000] "GET /sftp-config.min.js HTTP/1.1" 404 5664 "-" "Mozilla/5.0 (Macintosh; Intel Mac OS X 10_15_7) AppleWebKit/605.1.15 (KHTML, like Gecko) Version/17.4.1 Safari/605.2.23"
157.230.40.158 - - [06/Aug/2024:04:02:03 +0000] "GET /aws/config.json HTTP/1.1" 404 5660 "-" "Mozilla/5.0 (Windows NT 10.0; Win64; x64; rv:89.0) Gecko/20100101 Firefox/89.0"
157.230.40.158 - - [06/Aug/2024:04:02:04 +0000] "GET /.netrc HTTP/1.1" 404 5650 "-" "Mozilla/5.0 (Windows NT 10.0; Win64; x64) AppleWebKit/537.36 (KHTML, like Gecko) Chrome/96.0.4664.110 Safari/537.36 Edg/96.0.1054.62"
157.230.40.158 - - [06/Aug/2024:04:02:05 +0000] "GET /temp HTTP/1.1" 404 5650 "-" "Mozilla/5.0 (Windows NT 10.0; Win64; x64) AppleWebKit/537.36 (KHTML, like Gecko) Chrome/91.0.4472.124 Safari/537.36 Edg/91.0.864.67"
157.230.40.158 - - [06/Aug/2024:04:02:06 +0000] "GET /Prod.config HTTP/1.1" 404 5656 "-" "Mozilla/5.0 (Windows NT 6.1; Win64; x64) AppleWebKit/537.36 (KHTML, like Gecko) Chrome/109.0.0.0 Safari/537.36 Edg/109.0.1518.78"
157.230.40.158 - - [06/Aug/2024:04:02:07 +0000] "GET /webpack.config.js HTTP/1.1" 404 5663 "-" "Mozilla/5.0 (Macintosh; Intel Mac OS X 10_15_7) AppleWebKit/605.1.15 (KHTML, like Gecko) Version/17.2 Safari/605.1.15"
157.230.40.158 - - [06/Aug/2024:04:02:07 +0000] "GET /config/secrets.yml HTTP/1.1" 404 5664 "-" "Mozilla/5.0 (X11; Linux x86_64) AppleWebKit/537.36 (KHTML, like Gecko) Chrome/116.0.0.0 Safari/537.36 Edg/116.0.1938.62"
157.230.40.158 - - [06/Aug/2024:04:02:08 +0000] "GET /nginx.conf HTTP/1.1" 404 5655 "-" "Mozilla/5.0 (Macintosh; Intel Mac OS X 10_15_7) AppleWebKit/537.36 (KHTML, like Gecko) Chrome/113.0.0.0 Safari/537.36 Edg/113.0.1774.57"
157.230.40.158 - - [06/Aug/2024:04:02:08 +0000] "GET /assets/config.min.js HTTP/1.1" 404 5665 "-" "Mozilla/5.0 (Macintosh; Intel Mac OS X 10.15; rv:126.0) Gecko/20100101 Firefox/126.0"
157.230.40.158 - - [06/Aug/2024:04:02:09 +0000] "GET /config/web-config.yaml HTTP/1.1" 404 5668 "-" "Mozilla/5.0 (Macintosh; Intel Mac OS X 10_15_3) AppleWebKit/605.1.15 (KHTML, like Gecko) Version/9.1.2 Safari/605.1.15"
157.230.40.158 - - [06/Aug/2024:04:02:10 +0000] "GET /app/conf/application.yml HTTP/1.1" 404 5670 "-" "Mozilla/5.0 (X11; Ubuntu; Linux x86_64; rv:71.0) Gecko/20100101 Firefox/71.0"
157.230.40.158 - - [06/Aug/2024:04:02:10 +0000] "GET /confit/api/env HTTP/1.1" 404 5659 "-" "Mozilla/5.0 (Windows NT 10.0) AppleWebKit/537.36 (KHTML, like Gecko) Chrome/108.0.0.0 Safari/537.36 Edg/108.0.1462.76"
157.230.40.158 - - [06/Aug/2024:04:02:11 +0000] "GET /.config HTTP/1.1" 404 5653 "-" "Mozilla/5.0 (X11; Linux x86_64; rv:109.0) Gecko/20100101 Firefox/115.0 whid/sdf6 macaddress/64c901dc59e0"
157.230.40.158 - - [06/Aug/2024:04:02:12 +0000] "GET /assets/js/dist.js HTTP/1.1" 404 5661 "-" "Mozilla/5.0 (Windows NT 5.1; rv:57.0) Gecko/20100101 Firefox/57.0"
157.230.40.158 - - [06/Aug/2024:04:02:12 +0000] "GET /scripts/settings.js HTTP/1.1" 404 5664 "-" "Mozilla/5.0 (Windows NT 6.3; Win64; x64; rv:69.0) Gecko/20100101 Firefox/69.0"
157.230.40.158 - - [06/Aug/2024:04:02:13 +0000] "GET /js/config.min.js HTTP/1.1" 404 5661 "-" "Mozilla/5.0 (Windows NT 10.0; Win64; x64) AppleWebKit/537.36 (KHTML, like Gecko) Chrome/89.0.4389.90 Safari/537.36 Edg/89.0.774.57"
157.230.40.158 - - [06/Aug/2024:04:02:13 +0000] "GET /webpack.config.min.js HTTP/1.1" 404 5666 "-" "Mozilla/5.0 (X11; Linux x86_64) AppleWebKit/537.36 (KHTML, like Gecko) Chrome/94.0.4606.81 Safari/537.36"
157.230.40.158 - - [06/Aug/2024:04:02:14 +0000] "GET /env.js HTTP/1.1" 404 5650 "-" "Mozilla/5.0 (X11; Linux x86_64) Gecko/20170914 Firefox/121.0"
157.230.40.158 - - [06/Aug/2024:04:02:15 +0000] "GET /info.json HTTP/1.1" 404 5654 "-" "Mozilla/5.0 (Windows NT 10.0; Win64; x64) AppleWebKit/537.36 (KHTML, like Gecko) Chrome/113.0.0.0 Safari/537.36 Edg/113.0.1774.57"
157.230.40.158 - - [06/Aug/2024:04:02:15 +0000] "GET /%5cappsettings.json HTTP/1.1" 404 5662 "-" "Mozilla/5.0 (Windows NT 10.0; Win64; x64) AppleWebKit/537.36 (KHTML, like Gecko) Chrome/99.0.4844.51 Safari/537.36 Edg/99.0.1150.39"
157.230.40.158 - - [06/Aug/2024:04:02:16 +0000] "GET /dbconfig.min.js HTTP/1.1" 404 5660 "-" "Mozilla/5.0 (Windows NT 6.2) AppleWebKit/537.36 (KHTML, like Gecko) Chrome/92.0.4515.159 Safari/537.36"
157.230.40.158 - - [06/Aug/2024:04:02:16 +0000] "GET /docker-compose.yaml HTTP/1.1" 404 5665 "-" "Mozilla/5.0 (X11; U; Linux i686; en-GB) Gecko/20070214 Firefox/123.0"
157.230.40.158 - - [06/Aug/2024:04:02:17 +0000] "GET /aws/config.min.js HTTP/1.1" 404 5662 "-" "Mozilla/5.0 (Windows NT 10.0; Win64; x64; rv:71.0) Gecko/20100101 Firefox/71.0"
157.230.40.158 - - [06/Aug/2024:04:02:18 +0000] "GET /DBconnections.json HTTP/1.1" 404 5664 "-" "Mozilla/5.0 (X11; CrOS x86_64 14541.0.0) AppleWebKit/537.36 (KHTML, like Gecko) Chrome/116.0.0.0 Safari/537.36"
157.230.40.158 - - [06/Aug/2024:04:02:18 +0000] "GET /assets/config/config.js HTTP/1.1" 404 5667 "-" "Mozilla/5.0 (Macintosh; Intel Mac OS X 10_15_7) AppleWebKit/605.1.15 (KHTML, like Gecko) Tokai/21.1.294403 Version/17.2 Safari/605.1.15"
157.230.40.158 - - [06/Aug/2024:04:02:19 +0000] "GET /env-config.js HTTP/1.1" 404 5658 "-" "Mozilla/5.0 (Windows NT 10.0; Win64; x64) AppleWebKit/537.36 (KHTML, like Gecko) Chrome/46.0.2486.0 Safari/537.36 Edge/13.10586"
157.230.40.158 - - [06/Aug/2024:04:02:19 +0000] "GET /.npmrc HTTP/1.1" 404 5651 "-" "Mozilla/5.0 (X11; Linux x86_64) AppleWebKit/537.36 (KHTML, like Gecko) Chrome/111.0.0.0 Safari/537.36"
157.230.40.158 - - [06/Aug/2024:04:02:20 +0000] "GET /.env HTTP/1.1" 404 5649 "-" "Mozilla/5.0 (Macintosh; Intel Mac OS X 10_15_7) AppleWebKit/605.1.15 (KHTML, like Gecko) Version/15.1 Safari/605.1.15"
157.230.40.158 - - [06/Aug/2024:04:02:21 +0000] "GET /settings.xml HTTP/1.1" 404 5656 "-" "Mozilla/5.0 (Macintosh; Intel Mac OS X 10_11_5) AppleWebKit/605.1.33 (KHTML, like Gecko) Version/9.1.2 Safari/605.1.33"
157.230.40.158 - - [06/Aug/2024:04:02:21 +0000] "GET /application_default_credentials.json HTTP/1.1" 404 5682 "-" "Mozilla/5.0 (Windows NT 6.1; Win64; x64; rv:70.0) Gecko/20100101 Firefox/70.0"
157.230.40.158 - - [06/Aug/2024:04:02:22 +0000] "GET /wp-config.php HTTP/1.1" 404 5659 "-" "Mozilla/5.0 (Windows NT 10.0; Win64; x64) AppleWebKit/537.36 (KHTML, like Gecko) Chrome/115.0.0.0 Safari/537.36 Edg/115.0.1901.203"
157.230.40.158 - - [06/Aug/2024:04:02:22 +0000] "GET /config/config.properties HTTP/1.1" 404 5670 "-" "Mozilla/5.0 (Windows NT 6.3; Win64; x64; rv:69.0) Gecko/20100101 Firefox/69.0"
157.230.40.158 - - [06/Aug/2024:04:02:23 +0000] "GET /kube-config.yml HTTP/1.1" 404 5660 "-" "Mozilla/5.0 (Macintosh; Intel Mac OS X 14.2; rv:121.0) Gecko/20100101 Firefox/121.0"
157.230.40.158 - - [06/Aug/2024:04:02:24 +0000] "GET /github/secrets.yaml HTTP/1.1" 404 5664 "-" "Mozilla/5.0 (Windows NT 6.1; Win64; x64) AppleWebKit/537.36 (KHTML, like Gecko)Chrome/74.0.3729.169 Safari/537.36"
157.230.40.158 - - [06/Aug/2024:04:02:24 +0000] "GET /aws-credentials.js HTTP/1.1" 404 5664 "-" "Mozilla/5.0 (Windows NT 6.2; rv:125.0) Gecko/20100101 Firefox/125.0"
157.230.40.158 - - [06/Aug/2024:04:02:25 +0000] "GET /config.xml HTTP/1.1" 404 5655 "-" "Mozilla/5.0 (Macintosh; Intel Mac OS X 10_11_2) AppleWebKit/601.3.9 (KHTML, like Gecko) Version/9.1.2 Safari/601.3.9"
157.230.40.158 - - [06/Aug/2024:04:02:26 +0000] "GET /env.json HTTP/1.1" 404 5653 "-" "Mozilla/5.0 (Macintosh; Intel Mac OS X 10_15_7) AppleWebKit/605.1.15 (KHTML, like Gecko) Version/17.4.1 Safari/605.6.21"
157.230.40.158 - - [06/Aug/2024:04:02:26 +0000] "GET /setup.json HTTP/1.1" 404 5654 "-" "Mozilla/5.0 (Macintosh; Intel Mac OS X 10_15_7) AppleWebKit/605.1.15 (KHTML, like Gecko) Version/16.6 Mobile/15E148 Safari/604.1"
157.230.40.158 - - [06/Aug/2024:04:02:27 +0000] "GET /js/envConfig.js HTTP/1.1" 404 5660 "-" "Mozilla/5.0 (Windows NT 10.0; Win64; x64) AppleWebKit/537.36 (KHTML, like Gecko) Chrome/118.0.0.0 Safari/537.36 Edg/118.0.2088.76"
157.230.40.158 - - [06/Aug/2024:04:02:28 +0000] "GET /assets/config/config.json HTTP/1.1" 404 5670 "-" "Mozilla/5.0 (Windows NT 10.0; Win64; x64) AppleWebKit/537.36 (KHTML, like Gecko) Chrome/98.0.4758.102 Safari/537.36 Edg/98.0.1108.62"
157.230.40.158 - - [06/Aug/2024:04:02:28 +0000] "GET /env/ HTTP/1.1" 404 5648 "-" "Mozilla/5.0 (Windows NT 10.0; Win64; x64) AppleWebKit/537.36 (KHTML, like Gecko) Chrome/124.0.0.0 Safari/537.36 Edg/123.0.2420.97"
157.230.40.158 - - [06/Aug/2024:04:02:29 +0000] "GET /dbconfig.json HTTP/1.1" 404 5658 "-" "Mozilla/5.0 (Macintosh; Intel Mac OS X 10_15_7) AppleWebKit/605.1.15 (KHTML, like Gecko) Version/16.6 Safari/605.1.15"
157.230.40.158 - - [06/Aug/2024:04:02:29 +0000] "GET /web/config.json HTTP/1.1" 404 5659 "-" "Mozilla/5.0 (Windows NT 10.0; Win64; x64) AppleWebKit/537.36 (KHTML, like Gecko) Chrome/89.0.4389.82 Safari/537.36 Edg/89.0.774.48"
157.230.40.158 - - [06/Aug/2024:04:02:30 +0000] "GET /appsettings.json HTTP/1.1" 404 5661 "-" "Mozilla/5.0 (Macintosh; Intel Mac OS X 10_15_7) AppleWebKit/605.1.15 (KHTML, like Gecko) Version/16.5.2 Safari/605.1.15"
157.230.40.158 - - [06/Aug/2024:04:02:31 +0000] "GET /prod.config.json HTTP/1.1" 404 5661 "-" "Mozilla/5.0 (Macintosh; Intel Mac OS X 10_15_7) AppleWebKit/605.1.15 (KHTML, like Gecko) Version/15.5 Safari/605.1.15"
157.230.40.158 - - [06/Aug/2024:04:02:31 +0000] "GET /scripts/dist.js HTTP/1.1" 404 5660 "-" "Mozilla/5.0 (Windows NT 6.1; Win64; x64) AppleWebKit/537.36 (KHTML, like Gecko) Chrome/78.0.3904.108 Safari/537.36"
157.230.40.158 - - [06/Aug/2024:04:02:32 +0000] "GET /localsettings.min.js HTTP/1.1" 404 5666 "-" "Mozilla/5.0 (Windows NT 10.0; Win64; x64) AppleWebKit/537.36 (KHTML, like Gecko) Chrome/96.0.4664.18 Safari/537.36"
52.230.152.47 - - [06/Aug/2024:04:02:32 +0000] "GET /robots.txt HTTP/1.1" 200 3236 "http://singsurf.org/robots.txt" "Mozilla/5.0 AppleWebKit/537.36 (KHTML, like Gecko; compatible; GPTBot/1.2; +https://openai.com/gptbot)"
157.230.40.158 - - [06/Aug/2024:04:02:33 +0000] "GET /web_config/web-config.yaml HTTP/1.1" 404 5670 "-" "Mozilla/5.0 (Macintosh; Intel Mac OS X 10_10_5) AppleWebKit/537.36 (KHTML, like Gecko) Chrome/87.0.4280.88 Safari/537.36"
157.230.40.158 - - [06/Aug/2024:04:02:33 +0000] "GET /build.js HTTP/1.1" 404 5654 "-" "Mozilla/5.0 (Macintosh; Intel Mac OS X 10_15_0) AppleWebKit/604.1 (KHTML, like Gecko) Version/9.1.2 Safari/604.1"
157.230.40.158 - - [06/Aug/2024:04:02:34 +0000] "GET /setup.js HTTP/1.1" 404 5653 "-" "Mozilla/5.0 (Macintosh; Intel Mac OS X 10_10; rv:35.0) Gecko/20100101 Firefox/35.0"
157.230.40.158 - - [06/Aug/2024:04:02:34 +0000] "GET /prod.config.js HTTP/1.1" 404 5659 "-" "Mozilla/5.0 (Macintosh; Intel Mac OS X 10.15; rv:125.0) Gecko/20100101 Firefox/125.0"
157.230.40.158 - - [06/Aug/2024:04:02:35 +0000] "GET /.docker/config.json HTTP/1.1" 404 5663 "-" "Mozilla/5.0 (Macintosh; Intel Mac OS X 11_11) AppleWebKit/537.36 (KHTML, like Gecko) Chrome/100.0.4883.150 Safari/537.36"
93.95.228.246 - - [06/Aug/2024:04:02:36 +0000] "GET / HTTP/1.1" 200 20855 "-" "check_http/v2.3.3 (monitoring-plugins 2.3.3)"
157.230.40.158 - - [06/Aug/2024:04:02:36 +0000] "GET /%25%2fconfig.js HTTP/1.1" 404 17880 "-" "Mozilla/5.0 (X11; Linux x86_64) AppleWebKit/537.36 (KHTML, like Gecko) Chrome/56.0.2924.87 Safari/537.36"
157.230.40.158 - - [06/Aug/2024:04:02:36 +0000] "GET /api/settings HTTP/1.1" 404 5657 "-" "Mozilla/5.0 (Macintosh; Intel Mac OS X 10_15_7) AppleWebKit/605.1.15 (KHTML, like Gecko) Version/17.4.1 Safari/605.7.24"
